This is XeTeX, Version 3.141592653-2.6-0.999998 (MiKTeX 26.5) (preloaded format=xelatex.fmt)
entering extended mode

(${USERPROFILE}/Documents/interlanguage/03_projects/language_management/cjk/03
_working_translations/stacks_cjk_20260821/canon/ko-kr/integration-20260905-r9-c
umulative-52/inputs/p10/ko/spaces-resolve.tex
LaTeX2e <2025-11-01>
L3 programming layer <2026-03-20>

(${USERPROFILE}\Documents\interlanguage\03_projects\language_management\cjk\03
_working_translations\stacks_cjk_20260821\canon\ko-kr\integration-20260905-r9-c
umulative-52\support\profiles-r9\ch089-spaces-resolve\preamble.tex
(${USERPROFILE}\Documents\interlanguage\03_projects\language_management\cjk\03
_working_translations\stacks_cjk_20260821\canon\ko-kr\integration-20260905-r9-c
umulative-52\support\dependencies\stacks-project.cls
Document Class: stacks-project 
(${USERPROFILE}\AppData\Local\Programs\MiKTeX\tex/latex/amsmath\amsmath.sty
For additional information on amsmath, use the `?' option.
(${USERPROFILE}\AppData\Local\Programs\MiKTeX\tex/latex/amsmath\amstext.sty
(${USERPROFILE}\AppData\Local\Programs\MiKTeX\tex/latex/amsmath\amsgen.sty))
(${USERPROFILE}\AppData\Local\Programs\MiKTeX\tex/latex/amsmath\amsbsy.sty)
(${USERPROFILE}\AppData\Local\Programs\MiKTeX\tex/latex/amsmath\amsopn.sty))
(${USERPROFILE}\AppData\Local\Programs\MiKTeX\tex/latex/amsfonts\umsa.fd)
(${USERPROFILE}\AppData\Local\Programs\MiKTeX\tex/latex/amsfonts\amsfonts.sty)
) (${USERPROFILE}\AppData\Local\Programs\MiKTeX\tex/latex/tools\verbatim.sty)
(${USERPROFILE}\AppData\Local\Programs\MiKTeX\tex/generic/xypic\xy.sty
(${USERPROFILE}\AppData\Local\Programs\MiKTeX\tex/generic/xypic\xy.tex
Bootstrap'ing: catcodes, docmode,
(${USERPROFILE}\AppData\Local\Programs\MiKTeX\tex/generic/xypic\xyrecat.tex)
(${USERPROFILE}\AppData\Local\Programs\MiKTeX\tex/generic/xypic\xyidioms.tex)

 Xy-pic version 3.8.9 <2013/10/06>
 Copyright (c) 1991-2013 by Kristoffer H. Rose <krisrose@tug.org> and others
 Xy-pic is free software: see the User's Guide for details.

Loading kernel: messages; fonts; allocations: state, direction,
utility macros; pictures: \xy, positions, objects, decorations;
kernel objects: directionals, circles, text; options; algorithms: directions,
edges, connections;  Xy-pic loaded)
(${USERPROFILE}\AppData\Local\Programs\MiKTeX\tex/generic/iftex\ifpdf.sty
(${USERPROFILE}\AppData\Local\Programs\MiKTeX\tex/generic/iftex\iftex.sty))
(${USERPROFILE}\AppData\Local\Programs\MiKTeX\tex/generic/xypic\xyall.tex
 Xy-pic option: All features v.3.8
(${USERPROFILE}\AppData\Local\Programs\MiKTeX\tex/generic/xypic\xycurve.tex
 Xy-pic option: Curve and Spline extension v.3.12 curve, circles, loaded)
(${USERPROFILE}\AppData\Local\Programs\MiKTeX\tex/generic/xypic\xyframe.tex
 Xy-pic option: Frame and Bracket extension v.3.14 loaded)
(${USERPROFILE}\AppData\Local\Programs\MiKTeX\tex/generic/xypic\xycmtip.tex
 Xy-pic option: Computer Modern tip extension v.3.7
(${USERPROFILE}\AppData\Local\Programs\MiKTeX\tex/generic/xypic\xytips.tex
 Xy-pic option: More Tips extension v.3.11 loaded) loaded)
(${USERPROFILE}\AppData\Local\Programs\MiKTeX\tex/generic/xypic\xyline.tex
 Xy-pic option: Line styles extension v.3.10 loaded)
(${USERPROFILE}\AppData\Local\Programs\MiKTeX\tex/generic/xypic\xyrotate.tex
 Xy-pic option: Rotate and Scale extension v.3.8 loaded)
(${USERPROFILE}\AppData\Local\Programs\MiKTeX\tex/generic/xypic\xycolor.tex
 Xy-pic option: Colour extension v.3.11 loaded)
(${USERPROFILE}\AppData\Local\Programs\MiKTeX\tex/generic/xypic\xymatrix.tex
 Xy-pic option: Matrix feature v.3.14 loaded)
(${USERPROFILE}\AppData\Local\Programs\MiKTeX\tex/generic/xypic\xyarrow.tex
 Xy-pic option: Arrow and Path feature v.3.9 path, \ar, loaded)
(${USERPROFILE}\AppData\Local\Programs\MiKTeX\tex/generic/xypic\xygraph.tex
 Xy-pic option: Graph feature v.3.11 loaded) loaded))
(${USERPROFILE}\AppData\Local\Programs\MiKTeX\tex/generic/xypic\xy2cell.tex
 Xy-pic option: Two-cell feature v.3.7 two-cells, loaded)
(${USERPROFILE}\AppData\Local\Programs\MiKTeX\tex/latex/tools\multicol.sty)
(${USERPROFILE}\AppData\Local\Programs\MiKTeX\tex/latex/fontspec\fontspec.sty
(${USERPROFILE}\AppData\Local\Programs\MiKTeX\tex/latex/l3packages/xparse\xpar
se.sty
(${USERPROFILE}\AppData\Local\Programs\MiKTeX\tex/latex/l3kernel\expl3.sty
(${USERPROFILE}\AppData\Local\Programs\MiKTeX\tex/latex/l3backend\l3backend-xe
tex.def)))
(${USERPROFILE}\AppData\Local\Programs\MiKTeX\tex/latex/fontspec\fontspec-xete
x.sty (${USERPROFILE}\AppData\Local\Programs\MiKTeX\tex/latex/base\fontenc.sty
)
(${USERPROFILE}\AppData\Local\Programs\MiKTeX\tex/latex/fontspec\fontspec.cfg)
)) (${USERPROFILE}\AppData\Local\Programs\MiKTeX\tex/xelatex/xecjk\xeCJK.sty

LaTeX Warning: You have requested release `2026/06/01' of LaTeX,
               but only release `2025-11-01' is available.

(${USERPROFILE}\AppData\Local\Programs\MiKTeX\tex/latex/ctex\ctexhook.sty

LaTeX Warning: You have requested release `2026/06/01' of LaTeX,
               but only release `2025-11-01' is available.

) (${USERPROFILE}\AppData\Local\Programs\MiKTeX\tex/latex/ctex\ctexpatch.sty

LaTeX Warning: You have requested release `2026/06/01' of LaTeX,
               but only release `2025-11-01' is available.

)
(${USERPROFILE}\AppData\Local\Programs\MiKTeX\tex/latex/l3packages/xtemplate\x
template.sty)
(${USERPROFILE}\AppData\Local\Programs\MiKTeX\tex/xelatex/xecjk\xeCJK.cfg))
(${USERPROFILE}\AppData\Local\Programs\MiKTeX\tex/latex/hyperref\xr-hyper.sty)
 (${USERPROFILE}\AppData\Local\Programs\MiKTeX\tex/latex/hyperref\hyperref.sty
(${USERPROFILE}\AppData\Local\Programs\MiKTeX\tex/latex/graphics\keyval.sty)
(${USERPROFILE}\AppData\Local\Programs\MiKTeX\tex/latex/kvsetkeys\kvsetkeys.st
y)
(${USERPROFILE}\AppData\Local\Programs\MiKTeX\tex/generic/kvdefinekeys\kvdefin
ekeys.sty)
(${USERPROFILE}\AppData\Local\Programs\MiKTeX\tex/generic/pdfescape\pdfescape.
sty
(${USERPROFILE}\AppData\Local\Programs\MiKTeX\tex/generic/ltxcmds\ltxcmds.sty)

(${USERPROFILE}\AppData\Local\Programs\MiKTeX\tex/generic/pdftexcmds\pdftexcmd
s.sty
(${USERPROFILE}\AppData\Local\Programs\MiKTeX\tex/generic/infwarerr\infwarerr.
sty)))
(${USERPROFILE}\AppData\Local\Programs\MiKTeX\tex/latex/hycolor\hycolor.sty)
(${USERPROFILE}\AppData\Local\Programs\MiKTeX\tex/latex/hyperref\nameref.sty
(${USERPROFILE}\AppData\Local\Programs\MiKTeX\tex/latex/refcount\refcount.sty)

(${USERPROFILE}\AppData\Local\Programs\MiKTeX\tex/generic/gettitlestring\getti
tlestring.sty
(${USERPROFILE}\AppData\Local\Programs\MiKTeX\tex/latex/kvoptions\kvoptions.st
y)))
(${USERPROFILE}\AppData\Local\Programs\MiKTeX\tex/latex/etoolbox\etoolbox.sty)

(${USERPROFILE}\AppData\Local\Programs\MiKTeX\tex/generic/stringenc\stringenc.
sty)
(${USERPROFILE}\AppData\Local\Programs\MiKTeX\tex/latex/hyperref\pd1enc.def)
(${USERPROFILE}\AppData\Local\Programs\MiKTeX\tex/generic/intcalc\intcalc.sty)
(${USERPROFILE}\AppData\Local\Programs\MiKTeX\tex/latex/hyperref\puenc.def)
(${USERPROFILE}\Documents\interlanguage\03_projects\language_management\cjk\03
_working_translations\stacks_cjk_20260821\canon\ko-kr\integration-20260905-r9-c
umulative-52\support\dependencies\hyperref.cfg)
(${USERPROFILE}\AppData\Local\Programs\MiKTeX\tex/latex/url\url.sty)
(${USERPROFILE}\AppData\Local\Programs\MiKTeX\tex/generic/bitset\bitset.sty
(${USERPROFILE}\AppData\Local\Programs\MiKTeX\tex/generic/bigintcalc\bigintcal
c.sty)))
(${USERPROFILE}\AppData\Local\Programs\MiKTeX\tex/latex/hyperref\hxetex.def
(${USERPROFILE}\AppData\Local\Programs\MiKTeX\tex/latex/rerunfilecheck\rerunfi
lecheck.sty
(${USERPROFILE}\AppData\Local\Programs\MiKTeX\tex/generic/uniquecounter\unique
counter.sty)))) (ch089-spaces-resolve.aux)
(${USERPROFILE}\AppData\Local\Programs\MiKTeX\tex/latex/amsfonts\umsa.fd)
(${USERPROFILE}\AppData\Local\Programs\MiKTeX\tex/latex/amsfonts\umsb.fd)
(ch089-spaces-resolve.out) (ch089-spaces-resolve.out) (ch089-spaces-resolve.toc
) (${USERPROFILE}\AppData\Local\Programs\MiKTeX\tex/latex/amsfonts\ueuf.fd)
[1] [2] [3] [4] <xymatrix 5x2 280> [5] [6] [7] [8] <xymatrix 3x3 166> [9]
(${USERPROFILE}\Documents\interlanguage\03_projects\language_management\cjk\03
_working_translations\stacks_cjk_20260821\canon\ko-kr\integration-20260905-r9-c
umulative-52\support\profiles-r9\ch089-spaces-resolve\chapters.tex)
(ch089-spaces-resolve.bbl) [10] (ch089-spaces-resolve.aux) )
Output written on ch089-spaces-resolve.pdf (10 pages).
Transcript written on ch089-spaces-resolve.log.
