This is XeTeX, Version 3.141592653-2.6-0.999998 (MiKTeX 26.5) (preloaded format=xelatex.fmt)
entering extended mode

(${USERPROFILE}/Documents/interlanguage/03_projects/language_management/cjk/03
_working_translations/stacks_cjk_20260821/canon/ko-kr/integration-20260905-r9-c
umulative-52/inputs/p11/ko/stacks-morphisms.tex
LaTeX2e <2025-11-01>
L3 programming layer <2026-03-20>

(${USERPROFILE}\Documents\interlanguage\03_projects\language_management\cjk\03
_working_translations\stacks_cjk_20260821\canon\ko-kr\integration-20260905-r9-c
umulative-52\support\profiles-r9\ch101-stacks-morphisms\ko_preamble.tex
(${USERPROFILE}\Documents\interlanguage\03_projects\language_management\cjk\03
_working_translations\stacks_cjk_20260821\canon\ko-kr\integration-20260905-r9-c
umulative-52\support\dependencies\stacks-project.cls
Document Class: stacks-project 
(${USERPROFILE}\AppData\Local\Programs\MiKTeX\tex/latex/amsmath\amsmath.sty
For additional information on amsmath, use the `?' option.
(${USERPROFILE}\AppData\Local\Programs\MiKTeX\tex/latex/amsmath\amstext.sty
(${USERPROFILE}\AppData\Local\Programs\MiKTeX\tex/latex/amsmath\amsgen.sty))
(${USERPROFILE}\AppData\Local\Programs\MiKTeX\tex/latex/amsmath\amsbsy.sty)
(${USERPROFILE}\AppData\Local\Programs\MiKTeX\tex/latex/amsmath\amsopn.sty))
(${USERPROFILE}\AppData\Local\Programs\MiKTeX\tex/latex/amsfonts\umsa.fd)
(${USERPROFILE}\AppData\Local\Programs\MiKTeX\tex/latex/amsfonts\amsfonts.sty)
) (${USERPROFILE}\AppData\Local\Programs\MiKTeX\tex/latex/tools\verbatim.sty)
(${USERPROFILE}\AppData\Local\Programs\MiKTeX\tex/generic/xypic\xy.sty
(${USERPROFILE}\AppData\Local\Programs\MiKTeX\tex/generic/xypic\xy.tex
Bootstrap'ing: catcodes, docmode,
(${USERPROFILE}\AppData\Local\Programs\MiKTeX\tex/generic/xypic\xyrecat.tex)
(${USERPROFILE}\AppData\Local\Programs\MiKTeX\tex/generic/xypic\xyidioms.tex)

 Xy-pic version 3.8.9 <2013/10/06>
 Copyright (c) 1991-2013 by Kristoffer H. Rose <krisrose@tug.org> and others
 Xy-pic is free software: see the User's Guide for details.

Loading kernel: messages; fonts; allocations: state, direction,
utility macros; pictures: \xy, positions, objects, decorations;
kernel objects: directionals, circles, text; options; algorithms: directions,
edges, connections;  Xy-pic loaded)
(${USERPROFILE}\AppData\Local\Programs\MiKTeX\tex/generic/iftex\ifpdf.sty
(${USERPROFILE}\AppData\Local\Programs\MiKTeX\tex/generic/iftex\iftex.sty))
(${USERPROFILE}\AppData\Local\Programs\MiKTeX\tex/generic/xypic\xyall.tex
 Xy-pic option: All features v.3.8
(${USERPROFILE}\AppData\Local\Programs\MiKTeX\tex/generic/xypic\xycurve.tex
 Xy-pic option: Curve and Spline extension v.3.12 curve, circles, loaded)
(${USERPROFILE}\AppData\Local\Programs\MiKTeX\tex/generic/xypic\xyframe.tex
 Xy-pic option: Frame and Bracket extension v.3.14 loaded)
(${USERPROFILE}\AppData\Local\Programs\MiKTeX\tex/generic/xypic\xycmtip.tex
 Xy-pic option: Computer Modern tip extension v.3.7
(${USERPROFILE}\AppData\Local\Programs\MiKTeX\tex/generic/xypic\xytips.tex
 Xy-pic option: More Tips extension v.3.11 loaded) loaded)
(${USERPROFILE}\AppData\Local\Programs\MiKTeX\tex/generic/xypic\xyline.tex
 Xy-pic option: Line styles extension v.3.10 loaded)
(${USERPROFILE}\AppData\Local\Programs\MiKTeX\tex/generic/xypic\xyrotate.tex
 Xy-pic option: Rotate and Scale extension v.3.8 loaded)
(${USERPROFILE}\AppData\Local\Programs\MiKTeX\tex/generic/xypic\xycolor.tex
 Xy-pic option: Colour extension v.3.11 loaded)
(${USERPROFILE}\AppData\Local\Programs\MiKTeX\tex/generic/xypic\xymatrix.tex
 Xy-pic option: Matrix feature v.3.14 loaded)
(${USERPROFILE}\AppData\Local\Programs\MiKTeX\tex/generic/xypic\xyarrow.tex
 Xy-pic option: Arrow and Path feature v.3.9 path, \ar, loaded)
(${USERPROFILE}\AppData\Local\Programs\MiKTeX\tex/generic/xypic\xygraph.tex
 Xy-pic option: Graph feature v.3.11 loaded) loaded))
(${USERPROFILE}\AppData\Local\Programs\MiKTeX\tex/generic/xypic\xy2cell.tex
 Xy-pic option: Two-cell feature v.3.7 two-cells, loaded)
(${USERPROFILE}\AppData\Local\Programs\MiKTeX\tex/latex/tools\multicol.sty)
(${USERPROFILE}\AppData\Local\Programs\MiKTeX\tex/latex/fontspec\fontspec.sty
(${USERPROFILE}\AppData\Local\Programs\MiKTeX\tex/latex/l3packages/xparse\xpar
se.sty
(${USERPROFILE}\AppData\Local\Programs\MiKTeX\tex/latex/l3kernel\expl3.sty
(${USERPROFILE}\AppData\Local\Programs\MiKTeX\tex/latex/l3backend\l3backend-xe
tex.def)))
(${USERPROFILE}\AppData\Local\Programs\MiKTeX\tex/latex/fontspec\fontspec-xete
x.sty (${USERPROFILE}\AppData\Local\Programs\MiKTeX\tex/latex/base\fontenc.sty
)
(${USERPROFILE}\AppData\Local\Programs\MiKTeX\tex/latex/fontspec\fontspec.cfg)
)) (${USERPROFILE}\AppData\Local\Programs\MiKTeX\tex/xelatex/xecjk\xeCJK.sty

LaTeX Warning: You have requested release `2026/06/01' of LaTeX,
               but only release `2025-11-01' is available.

(${USERPROFILE}\AppData\Local\Programs\MiKTeX\tex/latex/ctex\ctexhook.sty

LaTeX Warning: You have requested release `2026/06/01' of LaTeX,
               but only release `2025-11-01' is available.

) (${USERPROFILE}\AppData\Local\Programs\MiKTeX\tex/latex/ctex\ctexpatch.sty

LaTeX Warning: You have requested release `2026/06/01' of LaTeX,
               but only release `2025-11-01' is available.

)
(${USERPROFILE}\AppData\Local\Programs\MiKTeX\tex/latex/l3packages/xtemplate\x
template.sty)
(${USERPROFILE}\AppData\Local\Programs\MiKTeX\tex/xelatex/xecjk\xeCJK.cfg))
(${USERPROFILE}\AppData\Local\Programs\MiKTeX\tex/latex/hyperref\xr-hyper.sty)
 (${USERPROFILE}\AppData\Local\Programs\MiKTeX\tex/latex/hyperref\hyperref.sty
(${USERPROFILE}\AppData\Local\Programs\MiKTeX\tex/latex/graphics\keyval.sty)
(${USERPROFILE}\AppData\Local\Programs\MiKTeX\tex/latex/kvsetkeys\kvsetkeys.st
y)
(${USERPROFILE}\AppData\Local\Programs\MiKTeX\tex/generic/kvdefinekeys\kvdefin
ekeys.sty)
(${USERPROFILE}\AppData\Local\Programs\MiKTeX\tex/generic/pdfescape\pdfescape.
sty
(${USERPROFILE}\AppData\Local\Programs\MiKTeX\tex/generic/ltxcmds\ltxcmds.sty)

(${USERPROFILE}\AppData\Local\Programs\MiKTeX\tex/generic/pdftexcmds\pdftexcmd
s.sty
(${USERPROFILE}\AppData\Local\Programs\MiKTeX\tex/generic/infwarerr\infwarerr.
sty)))
(${USERPROFILE}\AppData\Local\Programs\MiKTeX\tex/latex/hycolor\hycolor.sty)
(${USERPROFILE}\AppData\Local\Programs\MiKTeX\tex/latex/hyperref\nameref.sty
(${USERPROFILE}\AppData\Local\Programs\MiKTeX\tex/latex/refcount\refcount.sty)

(${USERPROFILE}\AppData\Local\Programs\MiKTeX\tex/generic/gettitlestring\getti
tlestring.sty
(${USERPROFILE}\AppData\Local\Programs\MiKTeX\tex/latex/kvoptions\kvoptions.st
y)))
(${USERPROFILE}\AppData\Local\Programs\MiKTeX\tex/latex/etoolbox\etoolbox.sty)

(${USERPROFILE}\AppData\Local\Programs\MiKTeX\tex/generic/stringenc\stringenc.
sty)
(${USERPROFILE}\AppData\Local\Programs\MiKTeX\tex/latex/hyperref\pd1enc.def)
(${USERPROFILE}\AppData\Local\Programs\MiKTeX\tex/generic/intcalc\intcalc.sty)
(${USERPROFILE}\AppData\Local\Programs\MiKTeX\tex/latex/hyperref\puenc.def)
(${USERPROFILE}\Documents\interlanguage\03_projects\language_management\cjk\03
_working_translations\stacks_cjk_20260821\canon\ko-kr\integration-20260905-r9-c
umulative-52\support\dependencies\hyperref.cfg)
(${USERPROFILE}\AppData\Local\Programs\MiKTeX\tex/latex/url\url.sty)
(${USERPROFILE}\AppData\Local\Programs\MiKTeX\tex/generic/bitset\bitset.sty
(${USERPROFILE}\AppData\Local\Programs\MiKTeX\tex/generic/bigintcalc\bigintcal
c.sty)))
(${USERPROFILE}\AppData\Local\Programs\MiKTeX\tex/latex/hyperref\hxetex.def
(${USERPROFILE}\AppData\Local\Programs\MiKTeX\tex/latex/rerunfilecheck\rerunfi
lecheck.sty
(${USERPROFILE}\AppData\Local\Programs\MiKTeX\tex/generic/uniquecounter\unique
counter.sty))))
No file ch101-stacks-morphisms.aux.
(${USERPROFILE}\AppData\Local\Programs\MiKTeX\tex/latex/amsfonts\umsa.fd)
(${USERPROFILE}\AppData\Local\Programs\MiKTeX\tex/latex/amsfonts\umsb.fd)

Package hyperref Warning: Rerun to get /PageLabels entry.

No file ch101-stacks-morphisms.toc.

LaTeX Warning: Citation `LM-B' on page 1 undefined on input line 24.

[1] <xymatrix 2x2 164>

LaTeX Warning: Reference `equation-diagonal' on page 2 undefined on input line 
164.


LaTeX Warning: Reference `lemma-isom-locally-finite-type' on page 2 undefined o
n input line 166.


LaTeX Warning: Reference `equation-diagonal' on page 2 undefined on input line 
168.


LaTeX Warning: Reference `lemma-properties-diagonal' on page 2 undefined on inp
ut line 189.


LaTeX Warning: Reference `lemma-properties-diagonal' on page 2 undefined on inp
ut line 193.


LaTeX Warning: Reference `equation-diagonal' on page 2 undefined on input line 
195.

[2]

LaTeX Warning: Reference `lemma-properties-diagonal-representable' on page 3 un
defined on input line 271.


LaTeX Warning: Reference `lemma-representable-separated-diagonal-closed' on pag
e 3 undefined on input line 310.


LaTeX Warning: Reference `lemma-representable-quasi-separated-diagonal-quasi-co
mpact' on page 3 undefined on input line 311.


LaTeX Warning: Reference `theorem-DM' on page 3 undefined on input line 359.

[3]

LaTeX Warning: Reference `theorem-quasi-DM' on page 4 undefined on input line 3
66.


LaTeX Warning: Reference `lemma-representable-quasi-separated-diagonal-quasi-co
mpact' on page 4 undefined on input line 379.


LaTeX Warning: Reference `lemma-representable-separated-diagonal-closed' on pag
e 4 undefined on input line 380.


LaTeX Warning: Reference `lemma-definition-separated' on page 4 undefined on in
put line 382.


LaTeX Warning: Reference `theorem-DM' on page 4 undefined on input line 399.


LaTeX Warning: Reference `lemma-separated-implies-morphism-separated' on page 4
 undefined on input line 418.


LaTeX Warning: Reference `lemma-properties-diagonal-representable' on page 4 un
defined on input line 439.


LaTeX Warning: Reference `definition-separated' on page 4 undefined on input li
ne 445.


LaTeX Warning: Reference `definition-separated' on page 4 undefined on input li
ne 461.


LaTeX Warning: Reference `definition-separated' on page 4 undefined on input li
ne 471.

[4]

LaTeX Warning: Reference `definition-absolute-separated' on page 5 undefined on
 input line 490.


LaTeX Warning: Reference `lemma-base-change-separated' on page 5 undefined on i
nput line 496.

<xymatrix 2x2 205>

LaTeX Warning: Reference `lemma-properties-diagonal' on page 5 undefined on inp
ut line 535.


LaTeX Warning: Reference `lemma-fibre-product-after-map' on page 5 undefined on
 input line 563.


LaTeX Warning: Reference `lemma-semi-diagonal' on page 5 undefined on input lin
e 582.


LaTeX Warning: Reference `definition-separated' on page 5 undefined on input li
ne 589.

[5]

LaTeX Warning: Reference `lemma-fibre-product-after-map' on page 6 undefined on
 input line 605.


LaTeX Warning: Reference `lemma-composition-separated' on page 6 undefined on i
nput line 644.


LaTeX Warning: Reference `definition-absolute-separated' on page 6 undefined on
 input line 645.


LaTeX Warning: Reference `lemma-composition-separated' on page 6 undefined on i
nput line 648.


LaTeX Warning: Reference `lemma-properties-diagonal' on page 6 undefined on inp
ut line 677.


LaTeX Warning: Reference `lemma-fibre-product-after-map' on page 6 undefined on
 input line 678.

<xymatrix 3x3 374> [6]

LaTeX Warning: Reference `lemma-properties-diagonal' on page 7 undefined on inp
ut line 726.


LaTeX Warning: Reference `lemma-fibre-product-after-map' on page 7 undefined on
 input line 727.


LaTeX Warning: Reference `lemma-properties-diagonal' on page 7 undefined on inp
ut line 756.


LaTeX Warning: Reference `lemma-fibre-product-after-map' on page 7 undefined on
 input line 757.


LaTeX Warning: Reference `lemma-compose-after-separated' on page 7 undefined on
 input line 803.


LaTeX Warning: Reference `lemma-compose-after-separated' on page 7 undefined on
 input line 806.

[7]

LaTeX Warning: Reference `lemma-monomorphism-separated' on page 8 undefined on 
input line 893.


LaTeX Warning: Reference `lemma-separated-over-separated' on page 8 undefined o
n input line 894.

<xymatrix 2x2 161>

LaTeX Warning: Reference `lemma-isom-locally-finite-type' on page 8 undefined o
n input line 965.

<xymatrix 3x2 281> [8]

LaTeX Warning: Reference `lemma-inertia' on page 9 undefined on input line 1025
.


LaTeX Warning: Reference `lemma-isom-pseudo-torsor-aut' on page 9 undefined on 
input line 1036.

<xymatrix 2x2 161>

LaTeX Warning: Reference `remark-inertia-is-group-in-spaces' on page 9 undefine
d on input line 1045.


LaTeX Warning: Reference `remark-inertia-is-group-in-spaces' on page 9 undefine
d on input line 1062.

[9] <xymatrix 2x2 161>

LaTeX Warning: Reference `definition-isom' on page 10 undefined on input line 1
126.


LaTeX Warning: Reference `equation-exact-sequence-isom' on page 10 undefined on
 input line 1128.


LaTeX Warning: Reference `lemma-isom-pseudo-torsor-aut' on page 10 undefined on
 input line 1130.

<xymatrix 3x2 292> <xymatrix 2x2 154> [10] <xymatrix 2x2 154>

LaTeX Warning: Reference `lemma-properties-diagonal' on page 11 undefined on in
put line 1254.


LaTeX Warning: Reference `lemma-properties-diagonal-representable' on page 11 u
ndefined on input line 1257.

[11]

LaTeX Warning: Reference `lemma-inertia' on page 12 undefined on input line 133
5.


LaTeX Warning: Reference `remark-inertia-is-group-in-spaces' on page 12 undefin
ed on input line 1336.

<xymatrix 2x2 161> <xymatrix 2x2 161>

LaTeX Warning: Reference `lemma-isom-pseudo-torsor-aut-over-space' on page 12 u
ndefined on input line 1377.


LaTeX Warning: Reference `lemma-inertia' on page 12 undefined on input line 141
4.


LaTeX Warning: Reference `lemma-second-diagonal' on page 12 undefined on input 
line 1438.


LaTeX Warning: Reference `lemma-properties-diagonal-representable' on page 12 u
ndefined on input line 1440.

[12]

LaTeX Warning: Reference `lemma-representable-separated-diagonal-closed' on pag
e 13 undefined on input line 1461.


LaTeX Warning: Reference `lemma-representable-quasi-separated-diagonal-quasi-co
mpact' on page 13 undefined on input line 1462.


LaTeX Warning: Reference `lemma-representable-locally-separated-diagonal-immers
ion' on page 13 undefined on input line 1463.


LaTeX Warning: Reference `lemma-first-diagonal-separated-second-diagonal-closed
' on page 13 undefined on input line 1489.


LaTeX Warning: Reference `lemma-properties-diagonal' on page 13 undefined on in
put line 1496.


LaTeX Warning: Reference `lemma-first-diagonal-separated-second-diagonal-closed
' on page 13 undefined on input line 1501.


LaTeX Warning: Reference `lemma-properties-diagonal-representable' on page 13 u
ndefined on input line 1505.


LaTeX Warning: Reference `lemma-properties-diagonal-representable' on page 13 u
ndefined on input line 1511.

<xymatrix 2x2 154> [13]

LaTeX Warning: Reference `lemma-characterize-representable-quasi-compact' on pa
ge 14 undefined on input line 1630.

<xymatrix 3x2 145>

LaTeX Warning: Reference `lemma-section-immersion' on page 14 undefined on inpu
t line 1702.


LaTeX Warning: Reference `lemma-base-change-separated' on page 14 undefined on 
input line 1704.


LaTeX Warning: Reference `lemma-base-change-quasi-compact' on page 14 undefined
 on input line 1706.


LaTeX Warning: Reference `lemma-composition-quasi-compact' on page 14 undefined
 on input line 1707.

[14]

LaTeX Warning: Reference `lemma-quasi-compact-permanence' on page 15 undefined 
on input line 1723.


LaTeX Warning: Reference `lemma-compose-after-separated' on page 15 undefined o
n input line 1724.


LaTeX Warning: Reference `lemma-base-change-quasi-compact' on page 15 undefined
 on input line 1728.


LaTeX Warning: Reference `lemma-base-change-separated' on page 15 undefined on 
input line 1729.


LaTeX Warning: Reference `lemma-separated-over-separated' on page 15 undefined 
on input line 1735.


LaTeX Warning: Reference `lemma-composition-quasi-compact' on page 15 undefined
 on input line 1736.

<xymatrix 2x2 154> <xymatrix 2x2 168>

LaTeX Warning: Reference `lemma-base-change-quasi-compact' on page 15 undefined
 on input line 1769.


LaTeX Warning: Reference `definition-quasi-compact' on page 15 undefined on inp
ut line 1774.

<xymatrix 3x2 264> [15]

LaTeX Warning: Reference `section-higher-diagonals' on page 16 undefined on inp
ut line 1840.


LaTeX Warning: Reference `lemma-check-quasi-compact-covering' on page 16 undefi
ned on input line 1875.


LaTeX Warning: Reference `lemma-separated-over-separated' on page 16 undefined 
on input line 1879.

[16] <xymatrix 3x2 145>

LaTeX Warning: Reference `lemma-base-change-affine' on page 17 undefined on inp
ut line 1998.


LaTeX Warning: Reference `lemma-base-change-affine' on page 17 undefined on inp
ut line 2005.


LaTeX Warning: Reference `lemma-composition-affine' on page 17 undefined on inp
ut line 2007.

[17] <xymatrix 2x2 154> [18] <xymatrix 2x2 154> <xymatrix 2x2 154> [19]
<xymatrix 4x2 336> <xymatrix 3x2 230> [20] <xymatrix 2x2 154> [21]

LaTeX Warning: Reference `lemma-properties-diagonal' on page 22 undefined on in
put line 2549.


LaTeX Warning: Reference `lemma-universally-injective' on page 22 undefined on 
input line 2586.


LaTeX Warning: Reference `lemma-universally-injective' on page 22 undefined on 
input line 2627.

[22]

LaTeX Warning: Reference `lemma-universally-injective' on page 23 undefined on 
input line 2652.

<xymatrix 2x2 154> [23]

LaTeX Warning: Reference `lemma-check-universally-injective-covering' on page 2
4 undefined on input line 2756.

<xymatrix 3x2 271> <xymatrix 2x2 182> <xymatrix 2x2 168> <xymatrix 2x2 168>
<xymatrix 3x3 406> [24] <xymatrix 2x2 154> <xymatrix 2x2 154>

LaTeX Warning: Reference `lemma-local-source-target' on page 25 undefined on in
put line 2923.


LaTeX Warning: Reference `definition-P' on page 25 undefined on input line 2931
.


LaTeX Warning: Reference `definition-P' on page 25 undefined on input line 2949
.

[25] <xymatrix 3x2 264>

LaTeX Warning: Reference `definition-P' on page 26 undefined on input line 2980
.


LaTeX Warning: Reference `lemma-local-source-target' on page 26 undefined on in
put line 3005.


LaTeX Warning: Reference `lemma-local-source-target' on page 26 undefined on in
put line 3016.


LaTeX Warning: Reference `remark-composition' on page 26 undefined on input lin
e 3028.


LaTeX Warning: Reference `remark-base-change' on page 26 undefined on input lin
e 3038.


LaTeX Warning: Reference `remark-implication' on page 26 undefined on input lin
e 3048.

<xymatrix 2x2 154> [26] <xymatrix 3x2 264>

LaTeX Warning: Reference `lemma-composition-finite-type' on page 27 undefined o
n input line 3193.

[27]

LaTeX Warning: Reference `lemma-point-finite-type' on page 28 undefined on inpu
t line 3213.


LaTeX Warning: Reference `lemma-point-finite-type' on page 28 undefined on inpu
t line 3237.


LaTeX Warning: Reference `lemma-composition-finite-type' on page 28 undefined o
n input line 3250.


LaTeX Warning: Reference `lemma-finite-type-points-morphism' on page 28 undefin
ed on input line 3263.


LaTeX Warning: Reference `lemma-identify-finite-type-points' on page 28 undefin
ed on input line 3269.


LaTeX Warning: Reference `lemma-base-change-finite-type' on page 28 undefined o
n input line 3273.


LaTeX Warning: Reference `lemma-finite-type-points-morphism' on page 28 undefin
ed on input line 3274.


LaTeX Warning: Reference `lemma-immersion-locally-finite-type' on page 28 undef
ined on input line 3296.


LaTeX Warning: Reference `lemma-finite-type-points-morphism' on page 28 undefin
ed on input line 3297.


LaTeX Warning: Reference `lemma-identify-finite-type-points' on page 28 undefin
ed on input line 3301.


LaTeX Warning: Reference `lemma-identify-finite-type-points' on page 28 undefin
ed on input line 3329.

[28] <xymatrix 2x2 161> <xymatrix 3x2 271>

LaTeX Warning: Reference `lemma-finite-type-points-morphism' on page 29 undefin
ed on input line 3403.


LaTeX Warning: Reference `lemma-enough-finite-type-points' on page 29 undefined
 on input line 3404.

[29]

LaTeX Warning: Reference `lemma-diagonal-diagonal' on page 30 undefined on inpu
t line 3452.


LaTeX Warning: Reference `lemma-property-automorphism-groups' on page 30 undefi
ned on input line 3492.


LaTeX Warning: Reference `lemma-iso-automorphism-groups' on page 30 undefined o
n input line 3532.

[30] <xymatrix 2x2 154> <xymatrix 2x2 161> [31] <xymatrix 3x2 284> <xymatrix
2x2 161>

LaTeX Warning: Reference `lemma-properties-covering-imply-diagonal' on page 32 
undefined on input line 3760.


LaTeX Warning: Reference `lemma-point-finite-type' on page 32 undefined on inpu
t line 3768.

<xymatrix 2x3 271> [32]

LaTeX Warning: Reference `lemma-point-finite-type-monomorphism' on page 33 unde
fined on input line 3779.

(${USERPROFILE}\AppData\Local\Programs\MiKTeX\tex/latex/amsfonts\ueuf.fd)

LaTeX Warning: Reference `lemma-slice' on page 33 undefined on input line 3827.



LaTeX Warning: Reference `lemma-quasi-finite-at-point' on page 33 undefined on 
input line 3838.


LaTeX Warning: Reference `lemma-enough-finite-type-points' on page 33 undefined
 on input line 3849.

[33]

LaTeX Warning: Reference `equation-etale-covering' on page 34 undefined on inpu
t line 3921.

<xymatrix 3x2 237> [34] <xymatrix 2x2 161>

LaTeX Warning: Reference `lemma-properties-covering-imply-diagonal' on page 35 
undefined on input line 4029.


LaTeX Warning: Reference `lemma-point-finite-type-monomorphism' on page 35 unde
fined on input line 4035.


LaTeX Warning: Reference `lemma-separation-properties-residual-gerbe' on page 3
5 undefined on input line 4038.


LaTeX Warning: Reference `lemma-DM-residual-gerbe' on page 35 undefined on inpu
t line 4039.

<xymatrix 2x2 164> <xymatrix 3x2 236> [35]

LaTeX Warning: Reference `lemma-slice' on page 36 undefined on input line 4115.



LaTeX Warning: Reference `lemma-etale-at-point' on page 36 undefined on input l
ine 4134.


LaTeX Warning: Reference `lemma-enough-finite-type-points' on page 36 undefined
 on input line 4145.


LaTeX Warning: Reference `lemma-base-change-separated' on page 36 undefined on 
input line 4169.


LaTeX Warning: Reference `lemma-separated-over-separated' on page 36 undefined 
on input line 4171.


LaTeX Warning: Reference `theorem-DM' on page 36 undefined on input line 4173.


LaTeX Warning: Reference `lemma-trivial-implications' on page 36 undefined on i
nput line 4176.

[36]

LaTeX Warning: Reference `theorem-DM' on page 37 undefined on input line 4209.


LaTeX Warning: Reference `theorem-quasi-DM' on page 37 undefined on input line 
4213.

<xymatrix 2x2 154> <xymatrix 2x2 154>

LaTeX Warning: Reference `lemma-diagonal-diagonal' on page 37 undefined on inpu
t line 4256.

<xymatrix 2x2 161>

LaTeX Warning: Reference `section-local-source-target' on page 37 undefined on 
input line 4294.

[37]

LaTeX Warning: Reference `lemma-trivial-implications' on page 38 undefined on i
nput line 4337.


LaTeX Warning: Reference `lemma-locally-quasi-finite-permanence' on page 38 und
efined on input line 4360.


LaTeX Warning: Reference `lemma-characterize-locally-quasi-finite' on page 38 u
ndefined on input line 4364.


LaTeX Warning: Reference `lemma-base-change-separated' on page 38 undefined on 
input line 4374.


LaTeX Warning: Reference `lemma-base-change-finite-type' on page 38 undefined o
n input line 4376.


LaTeX Warning: Reference `lemma-composition-finite-type' on page 38 undefined o
n input line 4389.

[38]

LaTeX Warning: Reference `lemma-composition-separated' on page 39 undefined on 
input line 4415.


LaTeX Warning: Reference `lemma-composition-finite-type' on page 39 undefined o
n input line 4417.


LaTeX Warning: Reference `lemma-base-change-locally-quasi-finite' on page 39 un
defined on input line 4421.


LaTeX Warning: Reference `lemma-separated-implies-morphism-separated' on page 3
9 undefined on input line 4424.


LaTeX Warning: Reference `theorem-quasi-DM' on page 39 undefined on input line 
4425.


LaTeX Warning: Reference `lemma-locally-quasi-finite-over-field' on page 39 und
efined on input line 4428.


LaTeX Warning: Reference `lemma-base-change-separated' on page 39 undefined on 
input line 4470.


LaTeX Warning: Reference `lemma-trivial-implications' on page 39 undefined on i
nput line 4472.


LaTeX Warning: Reference `lemma-separated-over-separated' on page 39 undefined 
on input line 4474.


LaTeX Warning: Reference `theorem-quasi-DM' on page 39 undefined on input line 
4476.


LaTeX Warning: Reference `lemma-check-separated-covering' on page 39 undefined 
on input line 4484.


LaTeX Warning: Reference `lemma-properties-covering-imply-diagonal' on page 39 
undefined on input line 4485.


LaTeX Warning: Reference `lemma-separated-implies-morphism-separated' on page 3
9 undefined on input line 4487.


LaTeX Warning: Reference `lemma-composition-locally-quasi-finite' on page 39 un
defined on input line 4517.


LaTeX Warning: Reference `lemma-characterize-quasi-DM' on page 39 undefined on 
input line 4523.

[39]

LaTeX Warning: Reference `lemma-characterize-quasi-DM' on page 40 undefined on 
input line 4533.


LaTeX Warning: Reference `lemma-check-finite-type-covering' on page 40 undefine
d on input line 4536.


LaTeX Warning: Reference `lemma-check-finite-type-precompose' on page 40 undefi
ned on input line 4539.

<xymatrix 2x2 154>

LaTeX Warning: Reference `lemma-base-change-locally-quasi-finite' on page 40 un
defined on input line 4587.


LaTeX Warning: Reference `lemma-semi-diagonal' on page 40 undefined on input li
ne 4589.


LaTeX Warning: Reference `lemma-composition-locally-quasi-finite' on page 40 un
defined on input line 4590.


LaTeX Warning: Reference `section-locally-quasi-finite' on page 40 undefined on
 input line 4614.


LaTeX Warning: Reference `section-quasi-compact' on page 40 undefined on input 
line 4615.


LaTeX Warning: Reference `definition-locally-quasi-finite' on page 40 undefined
 on input line 4630.


LaTeX Warning: Reference `definition-quasi-compact' on page 40 undefined on inp
ut line 4631.


LaTeX Warning: Reference `lemma-composition-locally-quasi-finite' on page 40 un
defined on input line 4641.


LaTeX Warning: Reference `lemma-composition-quasi-compact' on page 40 undefined
 on input line 4642.


LaTeX Warning: Reference `lemma-base-change-locally-quasi-finite' on page 40 un
defined on input line 4651.


LaTeX Warning: Reference `lemma-base-change-quasi-compact' on page 40 undefined
 on input line 4652.

[40]

LaTeX Warning: Reference `lemma-locally-quasi-finite-permanence' on page 41 und
efined on input line 4663.


LaTeX Warning: Reference `lemma-quasi-compact-permanence' on page 41 undefined 
on input line 4664.


LaTeX Warning: Reference `lemma-local-source-target' on page 41 undefined on in
put line 4688.


LaTeX Warning: Reference `lemma-local-source-target' on page 41 undefined on in
put line 4697.


LaTeX Warning: Reference `remark-composition' on page 41 undefined on input lin
e 4708.


LaTeX Warning: Reference `remark-base-change' on page 41 undefined on input lin
e 4718.


LaTeX Warning: Reference `lemma-composition-flat' on page 41 undefined on input
 line 4736.


LaTeX Warning: Reference `lemma-base-change-flat' on page 41 undefined on input
 line 4738.

<xymatrix 2x2 154> [41]

LaTeX Warning: Reference `lemma-base-change-flat' on page 42 undefined on input
 line 4797.

<xymatrix 2x2 182> <xymatrix 1x2 44> <xymatrix 3x2 264>

LaTeX Warning: Reference `lemma-base-change-flat' on page 42 undefined on input
 line 4870.


LaTeX Warning: Reference `lemma-flat-at-point' on page 42 undefined on input li
ne 4885.


LaTeX Warning: Reference `lemma-local-source-target' on page 42 undefined on in
put line 4904.


LaTeX Warning: Reference `lemma-local-source-target' on page 42 undefined on in
put line 4914.

[42]

LaTeX Warning: Reference `remark-composition' on page 43 undefined on input lin
e 4933.


LaTeX Warning: Reference `remark-base-change' on page 43 undefined on input lin
e 4944.


LaTeX Warning: Reference `remark-implication' on page 43 undefined on input lin
e 4954.


LaTeX Warning: Reference `lemma-local-source-target' on page 43 undefined on in
put line 4972.


LaTeX Warning: Reference `lemma-base-change-finite-type' on page 43 undefined o
n input line 5011.


LaTeX Warning: Reference `lemma-finite-presentation-permanence' on page 43 unde
fined on input line 5014.


LaTeX Warning: Reference `lemma-composition-flat' on page 43 undefined on input
 line 5051.


LaTeX Warning: Reference `lemma-composition-finite-presentation' on page 43 und
efined on input line 5052.

[43]

LaTeX Warning: Reference `definition-P' on page 44 undefined on input line 5083
.


LaTeX Warning: Reference `lemma-local-source-target' on page 44 undefined on in
put line 5083.


LaTeX Warning: Reference `lemma-composition-flat' on page 44 undefined on input
 line 5090.


LaTeX Warning: Reference `lemma-composition-finite-presentation' on page 44 und
efined on input line 5091.


LaTeX Warning: Reference `lemma-local-source-target' on page 44 undefined on in
put line 5107.


LaTeX Warning: Reference `lemma-descent-property' on page 44 undefined on input
 line 5124.


LaTeX Warning: Reference `lemma-base-change-finite-presentation' on page 44 und
efined on input line 5166.


LaTeX Warning: Reference `lemma-base-change-flat' on page 44 undefined on input
 line 5167.


LaTeX Warning: Reference `lemma-composition-finite-presentation' on page 44 und
efined on input line 5178.


LaTeX Warning: Reference `lemma-composition-flat' on page 44 undefined on input
 line 5179.

[44]

LaTeX Warning: Reference `lemma-surjective-flat-locally-finite-presentation' on
 page 45 undefined on input line 5197.


LaTeX Warning: Reference `lemma-fppf-open' on page 45 undefined on input line 5
238.

<xymatrix 3x2 237>

LaTeX Warning: Reference `lemma-properties-diagonal' on page 45 undefined on in
put line 5275.


LaTeX Warning: Reference `lemma-check-property-after-fppf-base-change' on page 
45 undefined on input line 5278.


LaTeX Warning: Reference `lemma-universally-injective' on page 45 undefined on 
input line 5283.


LaTeX Warning: Reference `lemma-local-structure-gerbe' on page 45 undefined on 
input line 5325.

[45]

LaTeX Warning: Reference `lemma-gerbe-fppf' on page 46 undefined on input line 
5345.


LaTeX Warning: Reference `section-conventions' on page 46 undefined on input li
ne 5360.

<xymatrix 2x2 154> <xymatrix 2x2 154>

LaTeX Warning: Reference `lemma-surjective-flat-locally-finite-presentation' on
 page 46 undefined on input line 5425.


LaTeX Warning: Reference `definition-isom' on page 46 undefined on input line 5
434.

[46]

LaTeX Warning: Reference `lemma-gerbe-descent' on page 47 undefined on input li
ne 5505.


LaTeX Warning: Reference `lemma-base-change-gerbe' on page 47 undefined on inpu
t line 5512.


LaTeX Warning: Reference `lemma-gerbe-with-section' on page 47 undefined on inp
ut line 5520.

[47]

LaTeX Warning: Reference `lemma-descent-flat' on page 48 undefined on input lin
e 5535.


LaTeX Warning: Reference `lemma-descent-finite-presentation' on page 48 undefin
ed on input line 5536.


LaTeX Warning: Reference `lemma-local-structure-gerbe' on page 48 undefined on 
input line 5539.


LaTeX Warning: Reference `lemma-gerbe-with-section' on page 48 undefined on inp
ut line 5541.


LaTeX Warning: Reference `lemma-flat-permanence' on page 48 undefined on input 
line 5545.


LaTeX Warning: Reference `lemma-flat-finite-presentation-permanence' on page 48
 undefined on input line 5546.


LaTeX Warning: Reference `lemma-base-change-gerbe' on page 48 undefined on inpu
t line 5565.

<xymatrix 3x2 264>

LaTeX Warning: Reference `lemma-cartesian-square-inertia' on page 48 undefined 
on input line 5576.


LaTeX Warning: Reference `lemma-descent-flat' on page 48 undefined on input lin
e 5577.


LaTeX Warning: Reference `lemma-descent-finite-presentation' on page 48 undefin
ed on input line 5577.


LaTeX Warning: Reference `lemma-local-structure-gerbe' on page 48 undefined on 
input line 5580.


LaTeX Warning: Reference `lemma-gerbe-with-section' on page 48 undefined on inp
ut line 5582.


LaTeX Warning: Reference `lemma-descent-flat' on page 48 undefined on input lin
e 5585.


LaTeX Warning: Reference `lemma-descent-finite-presentation' on page 48 undefin
ed on input line 5586.


LaTeX Warning: Reference `lemma-presentation-inertia' on page 48 undefined on i
nput line 5594.


LaTeX Warning: Reference `lemma-base-change-flat' on page 48 undefined on input
 line 5596.


LaTeX Warning: Reference `lemma-base-change-finite-presentation' on page 48 und
efined on input line 5597.

[48]

LaTeX Warning: Reference `lemma-cartesian-square-inertia' on page 49 undefined 
on input line 5673.

<xymatrix 3x2 264>

LaTeX Warning: Reference `lemma-descent-flat' on page 49 undefined on input lin
e 5682.


LaTeX Warning: Reference `lemma-descent-finite-presentation' on page 49 undefin
ed on input line 5683.


LaTeX Warning: Reference `proposition-when-gerbe' on page 49 undefined on input
 line 5685.


LaTeX Warning: Reference `lemma-base-change-gerbe' on page 49 undefined on inpu
t line 5686.


LaTeX Warning: Reference `lemma-local-structure-gerbe' on page 49 undefined on 
input line 5691.


LaTeX Warning: Reference `lemma-descent-flat' on page 49 undefined on input lin
e 5698.


LaTeX Warning: Reference `lemma-descent-finite-presentation' on page 49 undefin
ed on input line 5699.

<xymatrix 2x2 154>

LaTeX Warning: Reference `lemma-gerbe-fppf' on page 49 undefined on input line 
5740.


LaTeX Warning: Reference `lemma-gerbe-isom-fppf' on page 49 undefined on input 
line 5741.


LaTeX Warning: Reference `lemma-gerbe-descent' on page 49 undefined on input li
ne 5746.


LaTeX Warning: Reference `proposition-when-gerbe' on page 49 undefined on input
 line 5750.


LaTeX Warning: Reference `lemma-gerbe-over-iso-classes' on page 49 undefined on
 input line 5752.


LaTeX Warning: Reference `lemma-surjective-flat-locally-finite-presentation' on
 page 49 undefined on input line 5758.

[49]

LaTeX Warning: Reference `lemma-inertia' on page 50 undefined on input line 578
9.


LaTeX Warning: Reference `lemma-base-change-finite-type' on page 50 undefined o
n input line 5789.


LaTeX Warning: Reference `lemma-descent-flat' on page 50 undefined on input lin
e 5793.


LaTeX Warning: Reference `lemma-descent-finite-presentation' on page 50 undefin
ed on input line 5793.


LaTeX Warning: Reference `proposition-when-gerbe' on page 50 undefined on input
 line 5795.


LaTeX Warning: Reference `lemma-gerbe-fppf' on page 50 undefined on input line 
5798.


LaTeX Warning: Reference `lemma-composition-flat' on page 50 undefined on input
 line 5802.


LaTeX Warning: Reference `lemma-composition-finite-presentation' on page 50 und
efined on input line 5803.


LaTeX Warning: Reference `lemma-base-change-gerbe' on page 50 undefined on inpu
t line 5816.


LaTeX Warning: Reference `lemma-gerbe-fppf' on page 50 undefined on input line 
5833.


LaTeX Warning: Reference `lemma-fppf-open' on page 50 undefined on input line 5
834.

<xymatrix 3x2 196>

LaTeX Warning: Reference `proposition-when-gerbe-over' on page 50 undefined on 
input line 5856.


LaTeX Warning: Reference `lemma-surjection-from-quasi-compact' on page 50 undef
ined on input line 5858.


LaTeX Warning: Reference `lemma-descent-quasi-compact' on page 50 undefined on 
input line 5861.

[50]

LaTeX Warning: Reference `lemma-base-change-gerbe' on page 51 undefined on inpu
t line 5882.


LaTeX Warning: Reference `lemma-gerbe-bijection-points' on page 51 undefined on
 input line 5884.


LaTeX Warning: Reference `lemma-gerbe-fppf' on page 51 undefined on input line 
5885.


LaTeX Warning: Reference `lemma-base-change-finite-presentation' on page 51 und
efined on input line 5886.


LaTeX Warning: Reference `lemma-locally-finite-type-locally-noetherian' on page
 51 undefined on input line 5887.


LaTeX Warning: Reference `proposition-when-gerbe' on page 51 undefined on input
 line 5932.


LaTeX Warning: Reference `lemma-cartesian-square-inertia' on page 51 undefined 
on input line 5937.


LaTeX Warning: Reference `lemma-presentation-inertia' on page 51 undefined on i
nput line 5941.


LaTeX Warning: Reference `lemma-inertia' on page 51 undefined on input line 594
4.


LaTeX Warning: Reference `lemma-descent-flat' on page 51 undefined on input lin
e 5959.


LaTeX Warning: Reference `lemma-descent-finite-presentation' on page 51 undefin
ed on input line 5960.


LaTeX Warning: Reference `lemma-every-point-residual-gerbe' on page 51 undefine
d on input line 5966.

[51]

LaTeX Warning: Reference `proposition-open-stratum' on page 52 undefined on inp
ut line 5990.


LaTeX Warning: Reference `lemma-monomorphism-cartesian-square-inertia' on page 
52 undefined on input line 6021.


LaTeX Warning: Reference `lemma-base-change-quasi-compact' on page 52 undefined
 on input line 6025.


LaTeX Warning: Reference `proposition-open-stratum' on page 52 undefined on inp
ut line 6026.


LaTeX Warning: Reference `lemma-every-point-in-a-stratum' on page 52 undefined 
on input line 6071.

[52]

LaTeX Warning: Reference `lemma-quasi-compact-permanence' on page 53 undefined 
on input line 6134.


LaTeX Warning: Reference `lemma-base-change-quasi-compact' on page 53 undefined
 on input line 6145.


LaTeX Warning: Reference `proposition-open-stratum' on page 53 undefined on inp
ut line 6146.


LaTeX Warning: Reference `lemma-gerbe-bijection-points' on page 53 undefined on
 input line 6151.


LaTeX Warning: Reference `lemma-gerbe-diagonal-quasi-compact' on page 53 undefi
ned on input line 6153.


LaTeX Warning: Reference `lemma-spectral-qc-diagonal-qc' on page 53 undefined o
n input line 6167.


LaTeX Warning: Reference `lemma-spectral-qc-diagonal-qc' on page 53 undefined o
n input line 6179.


LaTeX Warning: Reference `lemma-point-finite-type-monomorphism' on page 53 unde
fined on input line 6193.


LaTeX Warning: Reference `lemma-gerbe-residual-gerbe-exists' on page 53 undefin
ed on input line 6194.


LaTeX Warning: Reference `proposition-open-stratum' on page 53 undefined on inp
ut line 6197.


LaTeX Warning: Reference `lemma-monomorphism-cartesian-square-inertia' on page 
53 undefined on input line 6212.


LaTeX Warning: Reference `lemma-base-change-quasi-compact' on page 53 undefined
 on input line 6216.


LaTeX Warning: Reference `proposition-open-stratum' on page 53 undefined on inp
ut line 6217.


LaTeX Warning: Reference `lemma-gerbe-residual-gerbe-exists' on page 53 undefin
ed on input line 6220.

[53]

LaTeX Warning: Reference `theorem-quasi-DM' on page 54 undefined on input line 
6241.

[54] <xymatrix 2x2 154> [55]

LaTeX Warning: Reference `lemma-quotient-etale' on page 56 undefined on input l
ine 6465.


LaTeX Warning: Reference `lemma-diagonal-diagonal' on page 56 undefined on inpu
t line 6488.


LaTeX Warning: Reference `theorem-quasi-DM' on page 56 undefined on input line 
6491.


LaTeX Warning: Reference `lemma-quasi-splitting-etale' on page 56 undefined on 
input line 6525.


LaTeX Warning: Reference `remark-property-automorphism-groups' on page 56 undef
ined on input line 6538.


LaTeX Warning: Reference `remark-identify-automorphism-groups' on page 56 undef
ined on input line 6547.

[56]

LaTeX Warning: Reference `lemma-automorphism-group-scheme' on page 57 undefined
 on input line 6555.


LaTeX Warning: Reference `lemma-etale-local-quasi-DM' on page 57 undefined on i
nput line 6557.


LaTeX Warning: Reference `lemma-quasi-splitting-etale' on page 57 undefined on 
input line 6572.


LaTeX Warning: Reference `lemma-etale-local-quasi-DM' on page 57 undefined on i
nput line 6603.

<xymatrix 2x2 161>

LaTeX Warning: Reference `lemma-quasi-splitting-etale' on page 57 undefined on 
input line 6639.

[57]

LaTeX Warning: Reference `lemma-every-point-residual-gerbe-quasi-DM' on page 58
 undefined on input line 6649.


LaTeX Warning: Reference `lemma-local-source-target' on page 58 undefined on in
put line 6669.


LaTeX Warning: Reference `lemma-local-source-target' on page 58 undefined on in
put line 6679.


LaTeX Warning: Reference `remark-composition' on page 58 undefined on input lin
e 6689.


LaTeX Warning: Reference `remark-base-change' on page 58 undefined on input lin
e 6700.


LaTeX Warning: Reference `lemma-descent-property' on page 58 undefined on input
 line 6715.

<xymatrix 2x2 182>

LaTeX Warning: Reference `lemma-local-source-target' on page 58 undefined on in
put line 6762.

[58]

LaTeX Warning: Reference `lemma-gerbe-fppf' on page 59 undefined on input line 
6807.


LaTeX Warning: Reference `lemma-descent-smooth' on page 59 undefined on input l
ine 6808.


LaTeX Warning: Reference `lemma-local-structure-gerbe' on page 59 undefined on 
input line 6811.


LaTeX Warning: Reference `lemma-smooth-quotient-stack' on page 59 undefined on 
input line 6814.

<xymatrix 2x2 182>

LaTeX Warning: Reference `lemma-DM' on page 59 undefined on input line 6864.

<xymatrix 2x2 168> <xymatrix 2x2 168> [59] <xymatrix 3x2 285> <xymatrix 4x2
306> <xymatrix 2x2 168> <xymatrix 2x2 154> [60]

LaTeX Warning: Reference `lemma-local-source-target' on page 61 undefined on in
put line 6979.


LaTeX Warning: Reference `definition-etale-smooth-P' on page 61 undefined on in
put line 6987.


LaTeX Warning: Reference `lemma-composition-separated' on page 61 undefined on 
input line 6991.


LaTeX Warning: Reference `lemma-DM' on page 61 undefined on input line 6995.


LaTeX Warning: Reference `definition-etale-smooth-P' on page 61 undefined on in
put line 7008.


LaTeX Warning: Reference `lemma-base-change-separated' on page 61 undefined on 
input line 7014.


LaTeX Warning: Reference `lemma-DM' on page 61 undefined on input line 7018.

<xymatrix 3x2 264>

LaTeX Warning: Reference `definition-etale-smooth-P' on page 61 undefined on in
put line 7050.


LaTeX Warning: Reference `section-locally-quasi-finite' on page 61 undefined on
 input line 7078.


LaTeX Warning: Reference `section-etale-smooth-local-source-target' on page 61 
undefined on input line 7092.

[61]

LaTeX Warning: Reference `lemma-characterize-etale' on page 62 undefined on inp
ut line 7096.


LaTeX Warning: Reference `lemma-etale-smooth-local-source-target' on page 62 un
defined on input line 7107.


LaTeX Warning: Reference `lemma-trivial-implications' on page 62 undefined on i
nput line 7112.


LaTeX Warning: Reference `lemma-etale-smooth-local-source-target' on page 62 un
defined on input line 7119.


LaTeX Warning: Reference `remark-etale-smooth-composition' on page 62 undefined
 on input line 7134.


LaTeX Warning: Reference `remark-etale-smooth-base-change' on page 62 undefined
 on input line 7144.


LaTeX Warning: Reference `lemma-trivial-implications' on page 62 undefined on i
nput line 7156.


LaTeX Warning: Reference `lemma-DM' on page 62 undefined on input line 7189.


LaTeX Warning: Reference `lemma-check-separated-covering' on page 62 undefined 
on input line 7195.


LaTeX Warning: Reference `lemma-compose-after-separated' on page 62 undefined o
n input line 7196.


LaTeX Warning: Reference `theorem-DM' on page 62 undefined on input line 7199.


LaTeX Warning: Reference `lemma-DM' on page 62 undefined on input line 7208.

[62]

LaTeX Warning: Reference `lemma-etale-smooth-local-source-target' on page 63 un
defined on input line 7224.


LaTeX Warning: Reference `definition-etale' on page 63 undefined on input line 
7225.


LaTeX Warning: Reference `lemma-compose-after-separated' on page 63 undefined o
n input line 7238.


LaTeX Warning: Reference `lemma-DM' on page 63 undefined on input line 7241.


LaTeX Warning: Reference `lemma-DM' on page 63 undefined on input line 7243.


LaTeX Warning: Reference `section-etale' on page 63 undefined on input line 727
0.


LaTeX Warning: Reference `lemma-characterize-unramified' on page 63 undefined o
n input line 7273.


LaTeX Warning: Reference `lemma-etale-smooth-local-source-target' on page 63 un
defined on input line 7284.


LaTeX Warning: Reference `lemma-trivial-implications' on page 63 undefined on i
nput line 7289.


LaTeX Warning: Reference `lemma-etale-smooth-local-source-target' on page 63 un
defined on input line 7296.


LaTeX Warning: Reference `remark-etale-smooth-composition' on page 63 undefined
 on input line 7311.


LaTeX Warning: Reference `remark-etale-smooth-base-change' on page 63 undefined
 on input line 7321.


LaTeX Warning: Reference `remark-etale-smooth-implication' on page 63 undefined
 on input line 7331.


LaTeX Warning: Reference `lemma-trivial-implications' on page 63 undefined on i
nput line 7343.

[63]

LaTeX Warning: Reference `lemma-DM' on page 64 undefined on input line 7377.


LaTeX Warning: Reference `lemma-check-separated-covering' on page 64 undefined 
on input line 7383.


LaTeX Warning: Reference `lemma-compose-after-separated' on page 64 undefined o
n input line 7384.


LaTeX Warning: Reference `theorem-DM' on page 64 undefined on input line 7387.


LaTeX Warning: Reference `lemma-DM' on page 64 undefined on input line 7396.


LaTeX Warning: Reference `lemma-etale-smooth-local-source-target' on page 64 un
defined on input line 7412.


LaTeX Warning: Reference `definition-unramified' on page 64 undefined on input 
line 7413.


LaTeX Warning: Reference `lemma-unramified' on page 64 undefined on input line 
7423.


LaTeX Warning: Reference `lemma-characterize-locally-quasi-finite' on page 64 u
ndefined on input line 7424.


LaTeX Warning: Reference `lemma-compose-after-separated' on page 64 undefined o
n input line 7440.

<xymatrix 3x2 264>

LaTeX Warning: Reference `lemma-DM' on page 64 undefined on input line 7451.


LaTeX Warning: Reference `lemma-DM' on page 64 undefined on input line 7472.

[64] <xymatrix 2x2 154> <xymatrix 2x2 154>

LaTeX Warning: Reference `lemma-DM' on page 65 undefined on input line 7515.

<xymatrix 2x2 154>

LaTeX Warning: Reference `lemma-etale-permanence' on page 65 undefined on input
 line 7526.


LaTeX Warning: Reference `lemma-characterize-unramified' on page 65 undefined o
n input line 7549.


LaTeX Warning: Reference `lemma-DM' on page 65 undefined on input line 7555.

[65]

LaTeX Warning: Reference `lemma-representable-separated-diagonal-closed' on pag
e 66 undefined on input line 7589.


LaTeX Warning: Reference `section-finite-type' on page 66 undefined on input li
ne 7590.


LaTeX Warning: Reference `lemma-characterize-representable-universally-closed' 
on page 66 undefined on input line 7591.


LaTeX Warning: Reference `lemma-base-change-separated' on page 66 undefined on 
input line 7604.


LaTeX Warning: Reference `lemma-base-change-finite-type' on page 66 undefined o
n input line 7605.


LaTeX Warning: Reference `lemma-base-change-universally-closed' on page 66 unde
fined on input line 7606.


LaTeX Warning: Reference `lemma-composition-separated' on page 66 undefined on 
input line 7615.


LaTeX Warning: Reference `lemma-composition-finite-type' on page 66 undefined o
n input line 7616.


LaTeX Warning: Reference `lemma-composition-universally-closed' on page 66 unde
fined on input line 7617.

<xymatrix 3x2 128>

LaTeX Warning: Reference `lemma-semi-diagonal' on page 66 undefined on input li
ne 7661.


LaTeX Warning: Reference `lemma-base-change-universally-closed' on page 66 unde
fined on input line 7664.


LaTeX Warning: Reference `lemma-composition-universally-closed' on page 66 unde
fined on input line 7666.


LaTeX Warning: Reference `lemma-compose-after-separated' on page 66 undefined o
n input line 7668.


LaTeX Warning: Reference `lemma-quasi-compact-permanence' on page 66 undefined 
on input line 7669.


LaTeX Warning: Reference `lemma-finite-type-permanence' on page 66 undefined on
 input line 7670.

[66]

LaTeX Warning: Reference `lemma-scheme-theoretic-image-existence' on page 67 un
defined on input line 7716.


LaTeX Warning: Reference `lemma-existence-plus-flat-base-change' on page 67 und
efined on input line 7724.


LaTeX Warning: Reference `lemma-cover-upstairs' on page 67 undefined on input l
ine 7760.

<xymatrix 2x2 168> [67] <xymatrix 3x2 264>

LaTeX Warning: Reference `lemma-factor-factor' on page 68 undefined on input li
ne 7877.


LaTeX Warning: Reference `lemma-cover-upstairs' on page 68 undefined on input l
ine 7905.

[68]

LaTeX Warning: Reference `lemma-existence-plus-flat-base-change' on page 69 und
efined on input line 7955.


LaTeX Warning: Reference `lemma-cover-upstairs' on page 69 undefined on input l
ine 7960.


LaTeX Warning: Reference `lemma-quasi-compact-permanence' on page 69 undefined 
on input line 7981.


LaTeX Warning: Reference `lemma-existence-plus-flat-base-change' on page 69 und
efined on input line 7983.

<xymatrix 2x2 222>

LaTeX Warning: Reference `equation-diagram' on page 69 undefined on input line 
8027.

<xymatrix 3x2 145>

LaTeX Warning: Reference `lemma-cat-dotted-arrows-independent' on page 69 undef
ined on input line 8053.


LaTeX Warning: Reference `lemma-cat-dotted-arrows-base-change' on page 69 undef
ined on input line 8055.

[69]

LaTeX Warning: Reference `definition-fill-in-diagram' on page 70 undefined on i
nput line 8059.

<xymatrix 3x2 224>

LaTeX Warning: Reference `lemma-diagonal-diagonal' on page 70 undefined on inpu
t line 8084.


LaTeX Warning: Reference `definition-fill-in-diagram' on page 70 undefined on i
nput line 8089.

<xymatrix 2x2 229> <xymatrix 3x2 319>

LaTeX Warning: Reference `lemma-cat-dotted-arrows-independent' on page 70 undef
ined on input line 8144.

[70] <xymatrix 2x3 237> <xymatrix 2x2 188> <xymatrix 2x2 188>

LaTeX Warning: Reference `equation-diagram' on page 71 undefined on input line 
8204.


LaTeX Warning: Reference `definition-fill-in-diagram' on page 71 undefined on i
nput line 8205.


LaTeX Warning: Reference `lemma-cat-dotted-arrows-base-change' on page 71 undef
ined on input line 8219.


LaTeX Warning: Reference `lemma-cat-dotted-arrows-composition' on page 71 undef
ined on input line 8229.


LaTeX Warning: Reference `lemma-cat-dotted-arrows-base-change' on page 71 undef
ined on input line 8245.


LaTeX Warning: Reference `equation-diagram' on page 71 undefined on input line 
8251.


LaTeX Warning: Reference `definition-fill-in-diagram' on page 71 undefined on i
nput line 8252.

<xymatrix 3x2 401> [71]

LaTeX Warning: Reference `lemma-criterion-proper' on page 72 undefined on input
 line 8285.

<xymatrix 2x2 154>

LaTeX Warning: Reference `lemma-cat-dotted-arrows-base-change' on page 72 undef
ined on input line 8309.


LaTeX Warning: Reference `lemma-cat-dotted-arrows-composition' on page 72 undef
ined on input line 8319.


LaTeX Warning: Reference `lemma-cat-dotted-arrows-base-change' on page 72 undef
ined on input line 8335.


LaTeX Warning: Reference `lemma-uniqueness-representable' on page 72 undefined 
on input line 8345.


LaTeX Warning: Reference `lemma-existence-representable' on page 72 undefined o
n input line 8346.


LaTeX Warning: Reference `lemma-cat-dotted-arrows' on page 72 undefined on inpu
t line 8358.

[72]

LaTeX Warning: Reference `equation-diagram' on page 73 undefined on input line 
8364.


LaTeX Warning: Reference `definition-fill-in-diagram' on page 73 undefined on i
nput line 8365.


LaTeX Warning: Reference `lemma-cat-dotted-arrows' on page 73 undefined on inpu
t line 8371.


LaTeX Warning: Reference `equation-diagram' on page 73 undefined on input line 
8375.


LaTeX Warning: Reference `definition-fill-in-diagram' on page 73 undefined on i
nput line 8376.


LaTeX Warning: Reference `lemma-diagonal-diagonal' on page 73 undefined on inpu
t line 8378.


LaTeX Warning: Reference `lemma-first-diagonal-separated-second-diagonal-closed
' on page 73 undefined on input line 8381.

<xymatrix 2x2 182>

LaTeX Warning: Reference `definition-fill-in-diagram' on page 73 undefined on i
nput line 8397.


LaTeX Warning: Reference `lemma-cat-dotted-arrows' on page 73 undefined on inpu
t line 8405.


LaTeX Warning: Reference `lemma-base-change-existence' on page 73 undefined on 
input line 8420.


LaTeX Warning: Reference `lemma-uniqueness-and-diagonal' on page 73 undefined o
n input line 8443.

<xymatrix 3x2 227> <xymatrix 2x2 222> [73]

LaTeX Warning: Reference `lemma-cat-dotted-arrows' on page 74 undefined on inpu
t line 8482.


LaTeX Warning: Reference `definition-separated' on page 74 undefined on input l
ine 8496.


LaTeX Warning: Reference `lemma-setoids-and-diagonal' on page 74 undefined on i
nput line 8497.


LaTeX Warning: Reference `lemma-properties-diagonal' on page 74 undefined on in
put line 8498.


LaTeX Warning: Reference `lemma-helper-diagonal' on page 74 undefined on input 
line 8500.

<xymatrix 2x2 195>

LaTeX Warning: Reference `lemma-cat-dotted-arrows' on page 74 undefined on inpu
t line 8527.

<xymatrix 2x2 222>

LaTeX Warning: Reference `definition-fill-in-diagram' on page 74 undefined on i
nput line 8535.

<xymatrix 3x2 190> [74]

LaTeX Warning: Reference `lemma-properties-diagonal' on page 75 undefined on in
put line 8565.


LaTeX Warning: Reference `lemma-existence-representable' on page 75 undefined o
n input line 8566.


LaTeX Warning: Reference `lemma-base-change-quasi-compact' on page 75 undefined
 on input line 8597.


LaTeX Warning: Reference `lemma-base-change-existence' on page 75 undefined on 
input line 8598.


LaTeX Warning: Reference `lemma-universally-closed-local' on page 75 undefined 
on input line 8599.


LaTeX Warning: Reference `lemma-closed-immersion-quasi-compact' on page 75 unde
fined on input line 8613.


LaTeX Warning: Reference `lemma-closed-immersion-valuative-criteria' on page 75
 undefined on input line 8615.


LaTeX Warning: Reference `lemma-composition-quasi-compact' on page 75 undefined
 on input line 8616.


LaTeX Warning: Reference `lemma-composition-existence' on page 75 undefined on 
input line 8618.

<xymatrix 2x2 154> <xymatrix 4x2 415> [75] <xymatrix 2x2 222>

LaTeX Warning: Reference `definition-fill-in-diagram' on page 76 undefined on i
nput line 8680.


LaTeX Warning: Reference `lemma-cat-dotted-arrows-base-change' on page 76 undef
ined on input line 8681.

<xymatrix 2x2 212>

LaTeX Warning: Reference `definition-fill-in-diagram' on page 76 undefined on i
nput line 8697.


LaTeX Warning: Reference `lemma-quasi-compact-permanence' on page 76 undefined 
on input line 8698.


LaTeX Warning: Reference `lemma-reach-points-scheme-theoretic-image' on page 76
 undefined on input line 8703.

<xymatrix 2x2 154>

LaTeX Warning: Reference `lemma-uniqueness-and-diagonal' on page 76 undefined o
n input line 8739.


LaTeX Warning: Reference `lemma-converse-uniqueness-and-diagonal' on page 76 un
defined on input line 8740.


LaTeX Warning: Reference `lemma-quasi-compact-existence-universally-closed' on 
page 76 undefined on input line 8741.


LaTeX Warning: Reference `lemma-converse-existence-universally-closed' on page 
76 undefined on input line 8742.


LaTeX Warning: Reference `lemma-local-source-target' on page 76 undefined on in
put line 8760.

[76]

LaTeX Warning: Reference `lemma-local-source-target' on page 77 undefined on in
put line 8771.


LaTeX Warning: Reference `remark-composition' on page 77 undefined on input lin
e 8781.


LaTeX Warning: Reference `remark-base-change' on page 77 undefined on input lin
e 8791.

<xymatrix 3x2 131>

LaTeX Warning: Reference `remark-identify-automorphism-groups' on page 77 undef
ined on input line 8837.


LaTeX Warning: Reference `lemma-second-diagonal' on page 77 undefined on input 
line 8849.

<xymatrix 2x2 161>

LaTeX Warning: Reference `lemma-separated-implies-isom' on page 77 undefined on
 input line 8869.

[77]

LaTeX Warning: Reference `remark-identify-automorphism-groups' on page 78 undef
ined on input line 8882.


LaTeX Warning: Reference `remark-get-property-auts-from-diagonal' on page 78 un
defined on input line 8891.


LaTeX Warning: Reference `lemma-characterize-unramified' on page 78 undefined o
n input line 8892.


LaTeX Warning: Reference `remark-identify-automorphism-groups' on page 78 undef
ined on input line 8918.


LaTeX Warning: Reference `remark-get-property-auts-from-diagonal' on page 78 un
defined on input line 8930.


LaTeX Warning: Reference `lemma-characterize-unramified' on page 78 undefined o
n input line 8931.


LaTeX Warning: Reference `lemma-aut-iso-unramified' on page 78 undefined on inp
ut line 8947.

<xymatrix 2x2 168>

LaTeX Warning: Reference `remark-identify-automorphism-groups' on page 78 undef
ined on input line 8963.

<xymatrix 2x2 175>

LaTeX Warning: Reference `remark-identify-automorphism-groups' on page 78 undef
ined on input line 8988.

[78]

LaTeX Warning: Reference `remark-identify-automorphism-groups' on page 79 undef
ined on input line 9015.


LaTeX Warning: Reference `lemma-universally-injective' on page 79 undefined on 
input line 9024.


LaTeX Warning: Reference `lemma-stabilizer-preserving' on page 79 undefined on 
input line 9025.


LaTeX Warning: Reference `lemma-aut-iso-unramified' on page 79 undefined on inp
ut line 9026.


LaTeX Warning: Reference `lemma-prepare-normalization' on page 79 undefined on 
input line 9083.

[79]

LaTeX Warning: Reference `lemma-prepare-normalization' on page 80 undefined on 
input line 9148.


LaTeX Warning: Reference `lemma-normalization' on page 80 undefined on input li
ne 9150.

[80]

LaTeX Warning: Reference `lemma-quasi-compact-permanence' on page 81 undefined 
on input line 9241.

<xymatrix 3x2 210>

LaTeX Warning: Reference `lemma-base-change-quasi-compact' on page 81 undefined
 on input line 9281.


LaTeX Warning: Reference `lemma-composition-quasi-compact' on page 81 undefined
 on input line 9283.


LaTeX Warning: Reference `lemma-check-quasi-compact-covering' on page 81 undefi
ned on input line 9303.


LaTeX Warning: Reference `lemma-gerbe-bijection-points' on page 81 undefined on
 input line 9322.


LaTeX Warning: Reference `lemma-qc-decent' on page 81 undefined on input line 9
324.


LaTeX Warning: Reference `proposition-decent-sober' on page 81 undefined on inp
ut line 9335.


LaTeX Warning: Reference `lemma-representable-decent' on page 81 undefined on i
nput line 9350.

[81]

LaTeX Warning: Reference `lemma-specialization' on page 82 undefined on input l
ine 9367.


LaTeX Warning: Reference `lemma-Noetherian-topology' on page 82 undefined on in
put line 9379.


LaTeX Warning: Reference `lemma-kolmogorov' on page 82 undefined on input line 
9380.


LaTeX Warning: Reference `lemma-locally-Noetherian-quasi-sober' on page 82 unde
fined on input line 9382.


LaTeX Warning: Reference `lemma-kolmogorov' on page 82 undefined on input line 
9394.


LaTeX Warning: Reference `lemma-representable-decent' on page 82 undefined on i
nput line 9401.


LaTeX Warning: Reference `lemma-monomorphism-cartesian-square-inertia' on page 
82 undefined on input line 9404.


LaTeX Warning: Reference `lemma-base-change-quasi-compact' on page 82 undefined
 on input line 9405.


LaTeX Warning: Reference `proposition-open-stratum' on page 82 undefined on inp
ut line 9415.


LaTeX Warning: Reference `lemma-gerbe-bijection-points' on page 82 undefined on
 input line 9420.


LaTeX Warning: Reference `lemma-gerbe-decent' on page 82 undefined on input lin
e 9422.


LaTeX Warning: Reference `proposition-decent-sober' on page 82 undefined on inp
ut line 9439.


LaTeX Warning: Reference `lemma-totaro-case' on page 82 undefined on input line
 9453.


LaTeX Warning: Reference `proposition-decent-sober' on page 82 undefined on inp
ut line 9466.


LaTeX Warning: Reference `proposition-open-stratum' on page 82 undefined on inp
ut line 9468.


LaTeX Warning: Reference `lemma-gerbe-decent' on page 82 undefined on input lin
e 9471.


LaTeX Warning: Reference `lemma-representable-decent' on page 82 undefined on i
nput line 9472.


LaTeX Warning: Reference `lemma-gerbe-fppf' on page 82 undefined on input line 
9478.

[82]

LaTeX Warning: Reference `lemma-quasi-separated-decent' on page 83 undefined on
 input line 9494.


LaTeX Warning: Reference `lemma-base-change-quasi-compact' on page 83 undefined
 on input line 9499.


LaTeX Warning: Reference `definition-integral-algebraic-stack' on page 83 undef
ined on input line 9500.


LaTeX Warning: Reference `proposition-decent-sober' on page 83 undefined on inp
ut line 9519.


LaTeX Warning: Reference `lemma-representable-decent' on page 83 undefined on i
nput line 9526.


LaTeX Warning: Reference `lemma-monomorphism-cartesian-square-inertia' on page 
83 undefined on input line 9529.


LaTeX Warning: Reference `lemma-gerbe-bijection-points' on page 83 undefined on
 input line 9563.


LaTeX Warning: Reference `lemma-gerbe-smooth' on page 83 undefined on input lin
e 9566.


LaTeX Warning: Reference `lemma-every-point-residual-gerbe' on page 83 undefine
d on input line 9584.


LaTeX Warning: Reference `lemma-every-point-residual-gerbe-locally-Noetherian' 
on page 83 undefined on input line 9585.

[83]

LaTeX Warning: Reference `lemma-representable-decent' on page 84 undefined on i
nput line 9596.


LaTeX Warning: Reference `lemma-monomorphism-cartesian-square-inertia' on page 
84 undefined on input line 9600.


LaTeX Warning: Reference `lemma-base-change-quasi-compact' on page 84 undefined
 on input line 9603.


LaTeX Warning: Reference `proposition-open-stratum' on page 84 undefined on inp
ut line 9610.


LaTeX Warning: Reference `lemma-gerbe-bijection-points' on page 84 undefined on
 input line 9617.


LaTeX Warning: Reference `lemma-qc-decent' on page 84 undefined on input line 9
618.


LaTeX Warning: Reference `lemma-gerbe-residual-gerbe' on page 84 undefined on i
nput line 9624.


LaTeX Warning: Reference `lemma-factor-through-residual-space' on page 84 undef
ined on input line 9631.


LaTeX Warning: Reference `lemma-every-point-residual-gerbe-locally-Noetherian' 
on page 84 undefined on input line 9641.


LaTeX Warning: Reference `lemma-closed-immersion-proper' on page 84 undefined o
n input line 9649.


LaTeX Warning: Reference `lemma-immersion-locally-finite-type' on page 84 undef
ined on input line 9655.


LaTeX Warning: Reference `lemma-locally-finite-type-locally-noetherian' on page
 84 undefined on input line 9656.


(${USERPROFILE}\Documents\interlanguage\03_projects\language_management\cjk\03
_working_translations\stacks_cjk_20260821\canon\ko-kr\integration-20260905-r9-c
umulative-52\support\profiles-r9\ch101-stacks-morphisms\chapters.tex)
No file ch101-stacks-morphisms.bbl.
[84] (ch101-stacks-morphisms.aux)

LaTeX Warning: There were undefined references.


LaTeX Warning: Label(s) may have changed. Rerun to get cross-references right.


Package rerunfilecheck Warning: File `ch101-stacks-morphisms.out' has changed.
(rerunfilecheck)                Rerun to get outlines right
(rerunfilecheck)                or use package `bookmark'.

 )
Output written on ch101-stacks-morphisms.pdf (84 pages).
Transcript written on ch101-stacks-morphisms.log.
