This is XeTeX, Version 3.141592653-2.6-0.999998 (MiKTeX 26.5) (preloaded format=xelatex 2026.8.22)  4 SEP 2026 22:50
entering extended mode
 file:line:error style messages enabled.
 %&-line parsing enabled.
**${USERPROFILE}/Documents/interlanguage/03_projects/language_management/cjk/0
3_working_translations/stacks_cjk_20260821/canon/ko-kr/integration-20260905-r9-
cumulative-52/inputs/p10/ko/formal-defos.tex

(${USERPROFILE}/Documents/interlanguage/03_projects/language_management/cjk/03
_working_translations/stacks_cjk_20260821/canon/ko-kr/integration-20260905-r9-c
umulative-52/inputs/p10/ko/formal-defos.tex
LaTeX2e <2025-11-01>
L3 programming layer <2026-03-20>

(${USERPROFILE}\Documents\interlanguage\03_projects\language_management\cjk\03
_working_translations\stacks_cjk_20260821\canon\ko-kr\integration-20260905-r9-c
umulative-52\support\profiles-r9\ch090-formal-defos\preamble.tex
(${USERPROFILE}\Documents\interlanguage\03_projects\language_management\cjk\03
_working_translations\stacks_cjk_20260821\canon\ko-kr\integration-20260905-r9-c
umulative-52\support\dependencies\stacks-project.cls
Document Class: stacks-project 
\linespacing=\dimen150
\normalparindent=\dimen151
\normaltopskip=\skip49
(${USERPROFILE}\AppData\Local\Programs\MiKTeX\tex/latex/amsmath\amsmath.sty
Package: amsmath 2025/07/09 v2.17z AMS math features
\@mathmargin=\skip50

For additional information on amsmath, use the `?' option.
(${USERPROFILE}\AppData\Local\Programs\MiKTeX\tex/latex/amsmath\amstext.sty
Package: amstext 2024/11/17 v2.01 AMS text

(${USERPROFILE}\AppData\Local\Programs\MiKTeX\tex/latex/amsmath\amsgen.sty
File: amsgen.sty 1999/11/30 v2.0 generic functions
\@emptytoks=\toks17
\ex@=\dimen152
))
(${USERPROFILE}\AppData\Local\Programs\MiKTeX\tex/latex/amsmath\amsbsy.sty
Package: amsbsy 1999/11/29 v1.2d Bold Symbols
\pmbraise@=\dimen153
)
(${USERPROFILE}\AppData\Local\Programs\MiKTeX\tex/latex/amsmath\amsopn.sty
Package: amsopn 2022/04/08 v2.04 operator names
)
\inf@bad=\count271
LaTeX Info: Redefining \frac on input line 233.
\uproot@=\count272
\leftroot@=\count273
LaTeX Info: Redefining \overline on input line 398.
LaTeX Info: Redefining \colon on input line 409.
\classnum@=\count274
\DOTSCASE@=\count275
LaTeX Info: Redefining \ldots on input line 495.
LaTeX Info: Redefining \dots on input line 498.
LaTeX Info: Redefining \cdots on input line 619.
\Mathstrutbox@=\box53
\strutbox@=\box54
LaTeX Info: Redefining \big on input line 721.
LaTeX Info: Redefining \Big on input line 722.
LaTeX Info: Redefining \bigg on input line 723.
LaTeX Info: Redefining \Bigg on input line 724.
\big@size=\dimen154
LaTeX Font Info:    Redeclaring font encoding OML on input line 742.
LaTeX Font Info:    Redeclaring font encoding OMS on input line 743.
\macc@depth=\count276
LaTeX Info: Redefining \bmod on input line 904.
LaTeX Info: Redefining \pmod on input line 909.
LaTeX Info: Redefining \smash on input line 939.
LaTeX Info: Redefining \relbar on input line 969.
LaTeX Info: Redefining \Relbar on input line 970.
\c@MaxMatrixCols=\count277
\dotsspace@=\muskip17
\c@parentequation=\count278
\dspbrk@lvl=\count279
\tag@help=\toks18
\row@=\count280
\column@=\count281
\maxfields@=\count282
\andhelp@=\toks19
\eqnshift@=\dimen155
\alignsep@=\dimen156
\tagshift@=\dimen157
\tagwidth@=\dimen158
\totwidth@=\dimen159
\lineht@=\dimen160
\@envbody=\toks20
\multlinegap=\skip51
\multlinetaggap=\skip52
\mathdisplay@stack=\toks21
LaTeX Info: Redefining \[ on input line 2950.
LaTeX Info: Redefining \] on input line 2951.
)
LaTeX Font Info:    Trying to load font information for U+msa on input line 361
.

(${USERPROFILE}\AppData\Local\Programs\MiKTeX\tex/latex/amsfonts\umsa.fd
File: umsa.fd 2013/01/14 v3.01 AMS symbols A
)
(${USERPROFILE}\AppData\Local\Programs\MiKTeX\tex/latex/amsfonts\amsfonts.sty
Package: amsfonts 2013/01/14 v3.01 Basic AMSFonts support
\symAMSa=\mathgroup4
\symAMSb=\mathgroup5
LaTeX Font Info:    Redeclaring math symbol \hbar on input line 98.
LaTeX Font Info:    Overwriting math alphabet `\mathfrak' in version `bold'
(Font)                  U/euf/m/n --> U/euf/b/n on input line 106.
)
\copyins=\insert252
\abstractbox=\box55
\listisep=\skip53
\c@part=\count283
\c@section=\count284
\c@subsection=\count285
\c@subsubsection=\count286
\c@paragraph=\count287
\c@subparagraph=\count288
\c@figure=\count289
\c@table=\count290
\abovecaptionskip=\skip54
\belowcaptionskip=\skip55
\captionindent=\dimen161
\thm@style=\toks22
\thm@bodyfont=\toks23
\thm@headfont=\toks24
\thm@notefont=\toks25
\thm@headpunct=\toks26
\thm@preskip=\skip56
\thm@postskip=\skip57
\thm@headsep=\skip58
\dth@everypar=\toks27
) (${USERPROFILE}\AppData\Local\Programs\MiKTeX\tex/latex/tools\verbatim.sty
Package: verbatim 2024-01-22 v1.5x LaTeX2e package for verbatim enhancements
\every@verbatim=\toks28
\verbatim@line=\toks29
\verbatim@in@stream=\read2
)
(${USERPROFILE}\AppData\Local\Programs\MiKTeX\tex/generic/xypic\xy.sty
(${USERPROFILE}\AppData\Local\Programs\MiKTeX\tex/generic/xypic\xy.tex
Bootstrap'ing: catcodes, docmode,
(${USERPROFILE}\AppData\Local\Programs\MiKTeX\tex/generic/xypic\xyrecat.tex)
(${USERPROFILE}\AppData\Local\Programs\MiKTeX\tex/generic/xypic\xyidioms.tex)

 Xy-pic version 3.8.9 <2013/10/06>
 Copyright (c) 1991-2013 by Kristoffer H. Rose <krisrose@tug.org> and others
 Xy-pic is free software: see the User's Guide for details.

Loading kernel: messages; fonts; allocations: state,
\X@c=\dimen162
\Y@c=\dimen163
\U@c=\dimen164
\D@c=\dimen165
\L@c=\dimen166
\R@c=\dimen167
\Edge@c=\toks30
\X@p=\dimen168
\Y@p=\dimen169
\U@p=\dimen170
\D@p=\dimen171
\L@p=\dimen172
\R@p=\dimen173
\Edge@p=\toks31
\X@origin=\dimen174
\Y@origin=\dimen175
\X@xbase=\dimen176
\Y@xbase=\dimen177
\X@ybase=\dimen178
\Y@ybase=\dimen179
\X@min=\dimen180
\Y@min=\dimen181
\X@max=\dimen182
\Y@max=\dimen183
\lastobjectbox@=\box56
\zerodotbox@=\box57
\almostz@=\dimen184
 direction,
\d@X=\dimen185
\d@Y=\dimen186
\K@=\count291
\KK@=\count292
\Direction=\count293
\K@dXdY=\dimen187
\K@dYdX=\dimen188
\xyread@=\read3
\xywrite@=\write3
\csp@=\count294
\quotPTK@=\dimen189

utility macros; pictures: \xy, positions,
\swaptoks@@=\toks32
\connectobjectbox@@=\box58
 objects,
\styletoks@=\toks33
 decorations;
kernel objects: directionals, circles, text; options; algorithms: directions,
edges, connections;  Xy-pic loaded)
(${USERPROFILE}\AppData\Local\Programs\MiKTeX\tex/generic/iftex\ifpdf.sty
Package: ifpdf 2019/10/25 v3.4 ifpdf legacy package. Use iftex instead.

(${USERPROFILE}\AppData\Local\Programs\MiKTeX\tex/generic/iftex\iftex.sty
Package: iftex 2024/12/12 v1.0g TeX engine tests
))
Package: xy 2013/10/06 Xy-pic version 3.8.9

(${USERPROFILE}\AppData\Local\Programs\MiKTeX\tex/generic/xypic\xyall.tex
 Xy-pic option: All features v.3.8
(${USERPROFILE}\AppData\Local\Programs\MiKTeX\tex/generic/xypic\xycurve.tex
 Xy-pic option: Curve and Spline extension v.3.12 curve,
\crv@cnt@=\count295
\crvpts@=\toks34
\splinebox@=\box59
\splineval@=\dimen190
\splinedepth@=\dimen191
\splinetol@=\dimen192
\splinelength@=\dimen193
 circles,
\L@=\dimen194
 loaded)
(${USERPROFILE}\AppData\Local\Programs\MiKTeX\tex/generic/xypic\xyframe.tex
 Xy-pic option: Frame and Bracket extension v.3.14 loaded)
(${USERPROFILE}\AppData\Local\Programs\MiKTeX\tex/generic/xypic\xycmtip.tex
 Xy-pic option: Computer Modern tip extension v.3.7
(${USERPROFILE}\AppData\Local\Programs\MiKTeX\tex/generic/xypic\xytips.tex
 Xy-pic option: More Tips extension v.3.11 loaded) loaded)
(${USERPROFILE}\AppData\Local\Programs\MiKTeX\tex/generic/xypic\xyline.tex
 Xy-pic option: Line styles extension v.3.10
\xylinethick@=\dimen195
 loaded)
(${USERPROFILE}\AppData\Local\Programs\MiKTeX\tex/generic/xypic\xyrotate.tex
 Xy-pic option: Rotate and Scale extension v.3.8 loaded)
(${USERPROFILE}\AppData\Local\Programs\MiKTeX\tex/generic/xypic\xycolor.tex
 Xy-pic option: Colour extension v.3.11 loaded)
(${USERPROFILE}\AppData\Local\Programs\MiKTeX\tex/generic/xypic\xymatrix.tex
 Xy-pic option: Matrix feature v.3.14
\Row=\count296
\Col=\count297
\queue@=\toks35
\queue@@=\toks36
\qcount@=\count298
\qcount@@=\count299
\matrixsize@=\count300
 loaded)
(${USERPROFILE}\AppData\Local\Programs\MiKTeX\tex/generic/xypic\xyarrow.tex
 Xy-pic option: Arrow and Path feature v.3.9 path, \ar, loaded)
(${USERPROFILE}\AppData\Local\Programs\MiKTeX\tex/generic/xypic\xygraph.tex
 Xy-pic option: Graph feature v.3.11 loaded) loaded))
(${USERPROFILE}\AppData\Local\Programs\MiKTeX\tex/generic/xypic\xy2cell.tex
 Xy-pic option: Two-cell feature v.3.7 two-cells, loaded)
(${USERPROFILE}\AppData\Local\Programs\MiKTeX\tex/latex/tools\multicol.sty
Package: multicol 2025/10/21 v2.0b multicolumn formatting (FMi)
\c@tracingmulticols=\count301
\mult@box=\box60
\multicol@leftmargin=\dimen196
\c@unbalance=\count302
\c@collectmore=\count303
\doublecol@number=\count304
\multicoltolerance=\count305
\multicolpretolerance=\count306
\full@width=\dimen197
\page@free=\dimen198
\premulticols=\dimen199
\postmulticols=\dimen256
\multicolsep=\skip59
\multicolbaselineskip=\skip60
\partial@page=\box61
\last@line=\box62
\mc@boxedresult=\box63
\maxbalancingoverflow=\dimen257
\mult@rightbox=\box64
\mult@grightbox=\box65
\mult@firstbox=\box66
\mult@gfirstbox=\box67
\@tempa=\box68
\@tempa=\box69
\@tempa=\box70
\@tempa=\box71
\@tempa=\box72
\@tempa=\box73
\@tempa=\box74
\@tempa=\box75
\@tempa=\box76
\@tempa=\box77
\@tempa=\box78
\@tempa=\box79
\@tempa=\box80
\@tempa=\box81
\@tempa=\box82
\@tempa=\box83
\@tempa=\box84
\@tempa=\box85
\@tempa=\box86
\@tempa=\box87
\@tempa=\box88
\@tempa=\box89
\@tempa=\box90
\@tempa=\box91
\@tempa=\box92
\@tempa=\box93
\@tempa=\box94
\@tempa=\box95
\@tempa=\box96
\@tempa=\box97
\@tempa=\box98
\@tempa=\box99
\@tempa=\box100
\@tempa=\box101
\@tempa=\box102
\@tempa=\box103
\c@minrows=\count307
\c@columnbadness=\count308
\c@finalcolumnbadness=\count309
\last@try=\dimen258
\multicolovershoot=\dimen259
\multicolundershoot=\dimen260
\mult@nat@firstbox=\box104
\colbreak@box=\box105
\mc@col@check@num=\count310
\g__mc_curr_col_int=\count311
)
(${USERPROFILE}\AppData\Local\Programs\MiKTeX\tex/latex/fontspec\fontspec.sty
(${USERPROFILE}\AppData\Local\Programs\MiKTeX\tex/latex/l3packages/xparse\xpar
se.sty
(${USERPROFILE}\AppData\Local\Programs\MiKTeX\tex/latex/l3kernel\expl3.sty
Package: expl3 2026-03-20 L3 programming layer (loader) 

(${USERPROFILE}\AppData\Local\Programs\MiKTeX\tex/latex/l3backend\l3backend-xe
tex.def
File: l3backend-xetex.def 2026-02-18 L3 backend support: XeTeX
\g__graphics_track_int=\count312
\g__pdfannot_backend_int=\count313
\g__pdfannot_backend_link_int=\count314
))
Package: xparse 2025-10-09 L3 Experimental document command parser
)
Package: fontspec 2025/09/29 v2.9g Font selection for XeLaTeX and LuaLaTeX

(${USERPROFILE}\AppData\Local\Programs\MiKTeX\tex/latex/fontspec\fontspec-xete
x.sty
Package: fontspec-xetex 2025/09/29 v2.9g Font selection for XeLaTeX and LuaLaTe
X
\l__fontspec_script_int=\count315
\l__fontspec_language_int=\count316
\l__fontspec_strnum_int=\count317
\l__fontspec_tmp_int=\count318
\l__fontspec_tmpa_int=\count319
\l__fontspec_tmpb_int=\count320
\l__fontspec_tmpc_int=\count321
\l__fontspec_em_int=\count322
\l__fontspec_emdef_int=\count323
\l__fontspec_strong_int=\count324
\l__fontspec_strongdef_int=\count325
\l__fontspec_tmpa_dim=\dimen261
\l__fontspec_tmpb_dim=\dimen262
\l__fontspec_tmpc_dim=\dimen263
 (${USERPROFILE}\AppData\Local\Programs\MiKTeX\tex/latex/base\fontenc.sty
Package: fontenc 2025/07/18 v2.1d Standard LaTeX package
)
(${USERPROFILE}\AppData\Local\Programs\MiKTeX\tex/latex/fontspec\fontspec.cfg)
)) (${USERPROFILE}\AppData\Local\Programs\MiKTeX\tex/xelatex/xecjk\xeCJK.sty

LaTeX Warning: You have requested release `2026/06/01' of LaTeX,
               but only release `2025-11-01' is available.

Package: xeCJK 2026/08/07 v3.10.5 Typesetting CJK scripts with XeLaTeX
(${USERPROFILE}\AppData\Local\Programs\MiKTeX\tex/latex/ctex\ctexhook.sty

LaTeX Warning: You have requested release `2026/06/01' of LaTeX,
               but only release `2025-11-01' is available.

Package: ctexhook 2026/07/13 v2.6.4 Document and package hooks (CTEX)
) (${USERPROFILE}\AppData\Local\Programs\MiKTeX\tex/latex/ctex\ctexpatch.sty

LaTeX Warning: You have requested release `2026/06/01' of LaTeX,
               but only release `2025-11-01' is available.

Package: ctexpatch 2026/07/13 v2.6.4 Patching commands (CTEX)
)
(${USERPROFILE}\AppData\Local\Programs\MiKTeX\tex/latex/l3packages/xtemplate\x
template.sty
Package: xtemplate 2025-10-09 L3 Experimental prototype document functions
)
\l__xeCJK_tmp_int=\count326
\l__xeCJK_tmp_box=\box106
\l__xeCJK_tmp_dim=\dimen264
\l__xeCJK_tmp_skip=\skip61
\g__xeCJK_space_factor_int=\count327
\l__xeCJK_begin_int=\count328
\l__xeCJK_end_int=\count329
\c__xeCJK_CJK_class_int=\XeTeXcharclass1
\c__xeCJK_FullLeft_class_int=\XeTeXcharclass2
\c__xeCJK_FullRight_class_int=\XeTeXcharclass3
\c__xeCJK_HalfLeft_class_int=\XeTeXcharclass4
\c__xeCJK_HalfRight_class_int=\XeTeXcharclass5
\c__xeCJK_NormalSpace_class_int=\XeTeXcharclass6
\c__xeCJK_CM_class_int=\XeTeXcharclass7
\c__xeCJK_HangulJamo_class_int=\XeTeXcharclass8
\c__xeCJK_HangulJamoL_class_int=\XeTeXcharclass9
\c__xeCJK_HangulJamoV_class_int=\XeTeXcharclass10
\c__xeCJK_HangulJamoT_class_int=\XeTeXcharclass11
\c__xeCJK_CJStarter_class_int=\XeTeXcharclass12
\c__xeCJK_PoZheHao_class_int=\XeTeXcharclass13
\l__xeCJK_interword_dim=\dimen265
\l__xeCJK_last_skip=\skip62
\c__xeCJK_none_node=\count330
\g__xeCJK_node_int=\count331
\c__xeCJK_CJK_node_dim=\dimen266
\c__xeCJK_CJK-space_node_dim=\dimen267
\c__xeCJK_default_node_dim=\dimen268
\c__xeCJK_CJK-widow_node_dim=\dimen269
\c__xeCJK_normalspace_node_dim=\dimen270
\c__xeCJK_default-space_node_skip=\skip63
\c__xeCJK_math_node_dim=\dimen271
\c__xeCJK_math-space_node_dim=\dimen272
\c__xeCJK_math-space-frozen_node_dim=\dimen273
\g__xeCJK_boundary_capture_depth_int=\count332
\g__xeCJK_boundary_suspend_depth_int=\count333
\g__xeCJK_boundary_capture_1_box=\box107
\g__xeCJK_boundary_capture_2_box=\box108
\g__xeCJK_boundary_capture_3_box=\box109
\l__xeCJK_boundary_post_box=\box110
\l__xeCJK_boundary_math_skip=\skip64
\l__xeCJK_boundary_math_actual_skip=\skip65
\l__xeCJK_boundary_math_ecglue_skip=\skip66
\l__xeCJK_boundary_math_delta_skip=\skip67
\l__xeCJK_boundary_math_space_dim=\dimen274
\l__xeCJK_boundary_math_ecglue_dim=\dimen275
\l__xeCJK_boundary_math_stretch_dim=\dimen276
\l__xeCJK_boundary_math_shrink_dim=\dimen277
\g__xeCJK_boundary_probe_type_int=\count334
\l__xeCJK_boundary_probe_box=\box111
\l__xeCJK_ccglue_skip=\skip68
\l__xeCJK_ecglue_skip=\skip69
\g__xeCJK_par_guard_dim=\dimen278
\l__xeCJK_punct_kern_skip=\skip70
\l__xeCJK_indent_box=\box112
\l__xeCJK_last_penalty_int=\count335
\l__xeCJK_last_bound_dim=\dimen279
\l__xeCJK_last_kern_dim=\dimen280
\l__xeCJK_widow_penalty_int=\count336

LaTeX template Info: Declaring template type 'xeCJK/punctuation' taking 0
(template)           argument(s) on line 4836.

\l__xeCJK_fixed_punct_width_dim=\dimen281
\l__xeCJK_mixed_punct_width_dim=\dimen282
\l__xeCJK_middle_punct_width_dim=\dimen283
\l__xeCJK_fixed_margin_width_dim=\dimen284
\l__xeCJK_mixed_margin_width_dim=\dimen285
\l__xeCJK_middle_margin_width_dim=\dimen286
\l__xeCJK_bound_punct_width_dim=\dimen287
\l__xeCJK_bound_margin_width_dim=\dimen288
\l__xeCJK_margin_minimum_dim=\dimen289
\l__xeCJK_kerning_total_width_dim=\dimen290
\l__xeCJK_same_align_margin_dim=\dimen291
\l__xeCJK_different_align_margin_dim=\dimen292
\l__xeCJK_kerning_margin_width_dim=\dimen293
\l__xeCJK_kerning_margin_minimum_dim=\dimen294
\l__xeCJK_bound_dim=\dimen295
\l__xeCJK_reverse_bound_dim=\dimen296
\l__xeCJK_margin_dim=\dimen297
\l__xeCJK_minimum_bound_dim=\dimen298
\l__xeCJK_kerning_margin_dim=\dimen299
\g__xeCJK_family_int=\count337
\l__xeCJK_fam_int=\count338
\g__xeCJK_fam_allocation_int=\count339
\l__xeCJK_verb_case_int=\count340
\l__xeCJK_verb_exspace_skip=\skip71
\l__xeCJK_default_char_int=\count341

(${USERPROFILE}\AppData\Local\Programs\MiKTeX\tex/xelatex/xecjk\xeCJK.cfg
File: xeCJK.cfg 2026/08/07 v3.10.5 Configuration file for xeCJK package
))

Package fontspec Info: 
(fontspec)             Font family 'LatinModernRoman(0)' created for font
(fontspec)             'Latin Modern Roman' with options
(fontspec)             [Ligatures=TeX,Ligatures=TeX].
(fontspec)              
(fontspec)              This font family consists of the following NFSS
(fontspec)             series/shapes:
(fontspec)              
(fontspec)             - 'normal' (m/n) with NFSS spec.: <->"Latin Modern
(fontspec)             Roman/OT:script=latn;language=dflt;mapping=tex-text;"
(fontspec)             - 'bold' (b/n) with NFSS spec.: <->"Latin Modern
(fontspec)             Roman/B/OT:script=latn;language=dflt;mapping=tex-text;"
(fontspec)             - 'italic' (m/it) with NFSS spec.: <->"Latin Modern
(fontspec)             Roman/I/OT:script=latn;language=dflt;mapping=tex-text;"
(fontspec)             - 'bold italic' (b/it) with NFSS spec.: <->"Latin
(fontspec)             Modern
(fontspec)             Roman/BI/OT:script=latn;language=dflt;mapping=tex-text;"



Package fontspec Info: 
(fontspec)             Font family 'LatinModernSans(0)' created for font
(fontspec)             'Latin Modern Sans' with options
(fontspec)             [Ligatures=TeX,Ligatures=TeX].
(fontspec)              
(fontspec)              This font family consists of the following NFSS
(fontspec)             series/shapes:
(fontspec)              
(fontspec)             - 'normal' (m/n) with NFSS spec.: <->"Latin Modern
(fontspec)             Sans/OT:script=latn;language=dflt;mapping=tex-text;"
(fontspec)             - 'bold' (b/n) with NFSS spec.: <->"Latin Modern
(fontspec)             Sans/B/OT:script=latn;language=dflt;mapping=tex-text;"
(fontspec)             - 'italic' (m/it) with NFSS spec.: <->"Latin Modern
(fontspec)             Sans/I/OT:script=latn;language=dflt;mapping=tex-text;"
(fontspec)             - 'bold italic' (b/it) with NFSS spec.: <->"Latin
(fontspec)             Modern
(fontspec)             Sans/BI/OT:script=latn;language=dflt;mapping=tex-text;"


Package fontspec Info: 
(fontspec)             Could not resolve font "Latin Modern Mono/B" (it
(fontspec)             probably doesn't exist).


Package fontspec Info: 
(fontspec)             Font family 'LatinModernMono(0)' created for font
(fontspec)             'Latin Modern Mono' with options
(fontspec)             [Ligatures=TeX,WordSpace={1,0,0},HyphenChar=None,Punctua
tionSpace=WordSpace].
(fontspec)              
(fontspec)              This font family consists of the following NFSS
(fontspec)             series/shapes:
(fontspec)              
(fontspec)             - 'normal' (m/n) with NFSS spec.: <->"Latin Modern
(fontspec)             Mono/OT:script=latn;language=dflt;mapping=tex-text;"
(fontspec)             - 'italic' (m/it) with NFSS spec.: <->"Latin Modern
(fontspec)             Mono/I/OT:script=latn;language=dflt;mapping=tex-text;"
(fontspec)             - 'bold italic' (b/it) with NFSS spec.: <->"Latin
(fontspec)             Modern
(fontspec)             Mono/BI/OT:script=latn;language=dflt;mapping=tex-text;"


Package fontspec Info: 
(fontspec)             Script 'CJK' not explicitly supported within font
(fontspec)             'UnBatang'. Check the typeset output, and if it is okay
(fontspec)             then ignore this warning. Otherwise a different font
(fontspec)             should be chosen.


Package fontspec Info: 
(fontspec)             UnBatang scale = 1.0.


Package fontspec Info: 
(fontspec)             UnBatang scale = 1.0.


Package fontspec Info: 
(fontspec)             UnBatangBold scale = 1.0.


Package fontspec Info: 
(fontspec)             UnBatang scale = 1.0.


Package fontspec Info: 
(fontspec)             Font family 'UnBatang.ttf(0)' created for font
(fontspec)             'UnBatang.ttf' with options
(fontspec)             [Ligatures=TeX,Script={CJK},Path={${USERPROFILE}/AppDat
a/Local/Programs/MiKTeX/fonts/truetype/public/unfonts-core/},Scale={1.0},BoldFo
nt={UnBatangBold.ttf},ItalicFont={UnBatang.ttf}].
(fontspec)              
(fontspec)              This font family consists of the following NFSS
(fontspec)             series/shapes:
(fontspec)              
(fontspec)             - 'normal' (m/n) with NFSS spec.:
(fontspec)             <->s*[1.0]"[${USERPROFILE}/AppData/Local/Programs/MiKTe
X/fonts/truetype/public/unfonts-core/UnBatang.ttf]/OT:script=hani;language=dflt
;mapping=tex-text;"
(fontspec)             - 'bold' (b/n) with NFSS spec.:
(fontspec)             <->s*[1.0]"[${USERPROFILE}/AppData/Local/Programs/MiKTe
X/fonts/truetype/public/unfonts-core/UnBatangBold.ttf]/OT:script=hani;language=
dflt;mapping=tex-text;"
(fontspec)             - 'italic' (m/it) with NFSS spec.:
(fontspec)             <->s*[1.0]"[${USERPROFILE}/AppData/Local/Programs/MiKTe
X/fonts/truetype/public/unfonts-core/UnBatang.ttf]/OT:script=hani;language=dflt
;mapping=tex-text;"


(${USERPROFILE}\AppData\Local\Programs\MiKTeX\tex/latex/hyperref\xr-hyper.sty
Package: xr-hyper 2026-04-24 v7.01q eXternal References (DPC)
) (${USERPROFILE}\AppData\Local\Programs\MiKTeX\tex/latex/hyperref\hyperref.st
y
Package: hyperref 2026-04-24 v7.01q Hypertext links for LaTeX
(${USERPROFILE}\AppData\Local\Programs\MiKTeX\tex/latex/graphics\keyval.sty
Package: keyval 2022/05/29 v1.15 key=value parser (DPC)
\KV@toks@=\toks37
)
(${USERPROFILE}\AppData\Local\Programs\MiKTeX\tex/latex/kvsetkeys\kvsetkeys.st
y
Package: kvsetkeys 2022-10-05 v1.19 Key value parser (HO)
)
(${USERPROFILE}\AppData\Local\Programs\MiKTeX\tex/generic/kvdefinekeys\kvdefin
ekeys.sty
Package: kvdefinekeys 2019-12-19 v1.6 Define keys (HO)
)
(${USERPROFILE}\AppData\Local\Programs\MiKTeX\tex/generic/pdfescape\pdfescape.
sty
Package: pdfescape 2019/12/09 v1.15 Implements pdfTeX's escape features (HO)

(${USERPROFILE}\AppData\Local\Programs\MiKTeX\tex/generic/ltxcmds\ltxcmds.sty
Package: ltxcmds 2023-12-04 v1.26 LaTeX kernel commands for general use (HO)
)
(${USERPROFILE}\AppData\Local\Programs\MiKTeX\tex/generic/pdftexcmds\pdftexcmd
s.sty
Package: pdftexcmds 2020-06-27 v0.33 Utility functions of pdfTeX for LuaTeX (HO
)

(${USERPROFILE}\AppData\Local\Programs\MiKTeX\tex/generic/infwarerr\infwarerr.
sty
Package: infwarerr 2019/12/03 v1.5 Providing info/warning/error messages (HO)
)
Package pdftexcmds Info: \pdf@primitive is available.
Package pdftexcmds Info: \pdf@ifprimitive is available.
Package pdftexcmds Info: \pdfdraftmode not found.
))
(${USERPROFILE}\AppData\Local\Programs\MiKTeX\tex/latex/hycolor\hycolor.sty
Package: hycolor 2020-01-27 v1.10 Color options for hyperref/bookmark (HO)
)
(${USERPROFILE}\AppData\Local\Programs\MiKTeX\tex/latex/hyperref\nameref.sty
Package: nameref 2026-01-29 v2.58 Cross-referencing by name of section

(${USERPROFILE}\AppData\Local\Programs\MiKTeX\tex/latex/refcount\refcount.sty
Package: refcount 2019/12/15 v3.6 Data extraction from label references (HO)
)
(${USERPROFILE}\AppData\Local\Programs\MiKTeX\tex/generic/gettitlestring\getti
tlestring.sty
Package: gettitlestring 2019/12/15 v1.6 Cleanup title references (HO)

(${USERPROFILE}\AppData\Local\Programs\MiKTeX\tex/latex/kvoptions\kvoptions.st
y
Package: kvoptions 2022-06-15 v3.15 Key value format for package options (HO)
))
\c@section@level=\count342
)
(${USERPROFILE}\AppData\Local\Programs\MiKTeX\tex/latex/etoolbox\etoolbox.sty
Package: etoolbox 2025/10/02 v2.5m e-TeX tools for LaTeX (JAW)
\etb@tempcnta=\count343
)
(${USERPROFILE}\AppData\Local\Programs\MiKTeX\tex/generic/stringenc\stringenc.
sty
Package: stringenc 2019/11/29 v1.12 Convert strings between diff. encodings (HO
)
)
\@linkdim=\dimen300
\Hy@linkcounter=\count344
\Hy@pagecounter=\count345

(${USERPROFILE}\AppData\Local\Programs\MiKTeX\tex/latex/hyperref\pd1enc.def
File: pd1enc.def 2026-04-24 v7.01q Hyperref: PDFDocEncoding definition (HO)
)
(${USERPROFILE}\AppData\Local\Programs\MiKTeX\tex/generic/intcalc\intcalc.sty
Package: intcalc 2019/12/15 v1.3 Expandable calculations with integers (HO)
)
\Hy@SavedSpaceFactor=\count346
(${USERPROFILE}\AppData\Local\Programs\MiKTeX\tex/latex/hyperref\puenc.def
File: puenc.def 2026-04-24 v7.01q Hyperref: PDF Unicode definition (HO)
)
(${USERPROFILE}\Documents\interlanguage\03_projects\language_management\cjk\03
_working_translations\stacks_cjk_20260821\canon\ko-kr\integration-20260905-r9-c
umulative-52\support\dependencies\hyperref.cfg
File: hyperref.cfg 
)
Package hyperref Info: Hyper figures OFF on input line 4199.
Package hyperref Info: Link nesting OFF on input line 4204.
Package hyperref Info: Hyper index ON on input line 4207.
Package hyperref Info: Plain pages OFF on input line 4214.
Package hyperref Info: Backreferencing OFF on input line 4219.
Package hyperref Info: Implicit mode ON; LaTeX internals redefined.
Package hyperref Info: Bookmarks ON on input line 4466.
\c@Hy@tempcnt=\count347

(${USERPROFILE}\AppData\Local\Programs\MiKTeX\tex/latex/url\url.sty
\Urlmuskip=\muskip18
Package: url 2013/09/16  ver 3.4  Verb mode for urls, etc.
)
LaTeX Info: Redefining \url on input line 4805.
\XeTeXLinkMargin=\dimen301

(${USERPROFILE}\AppData\Local\Programs\MiKTeX\tex/generic/bitset\bitset.sty
Package: bitset 2019/12/09 v1.3 Handle bit-vector datatype (HO)

(${USERPROFILE}\AppData\Local\Programs\MiKTeX\tex/generic/bigintcalc\bigintcal
c.sty
Package: bigintcalc 2019/12/15 v1.5 Expandable calculations on big integers (HO
)
))
\Fld@menulength=\count348
\Field@Width=\dimen302
\Fld@charsize=\dimen303
Package hyperref Info: Hyper figures OFF on input line 6091.
Package hyperref Info: Link nesting OFF on input line 6096.
Package hyperref Info: Hyper index ON on input line 6099.
Package hyperref Info: backreferencing OFF on input line 6106.
Package hyperref Info: Link coloring OFF on input line 6111.
Package hyperref Info: Link coloring with OCG OFF on input line 6116.
Package hyperref Info: PDF/A mode OFF on input line 6121.
\Hy@abspage=\count349
\c@Item=\count350
\c@Hfootnote=\count351
)
Package hyperref Info: Driver (autodetected): hxetex.

(${USERPROFILE}\AppData\Local\Programs\MiKTeX\tex/latex/hyperref\hxetex.def
File: hxetex.def 2026-04-24 v7.01q Hyperref driver for XeTeX
\pdfm@box=\box113
\c@Hy@AnnotLevel=\count352
\HyField@AnnotCount=\count353
\Fld@listcount=\count354
\c@bookmark@seq@number=\count355

(${USERPROFILE}\AppData\Local\Programs\MiKTeX\tex/latex/rerunfilecheck\rerunfi
lecheck.sty
Package: rerunfilecheck 2025-06-21 v1.11 Rerun checks for auxiliary files (HO)

(${USERPROFILE}\AppData\Local\Programs\MiKTeX\tex/generic/uniquecounter\unique
counter.sty
Package: uniquecounter 2019/12/15 v1.4 Provide unlimited unique counter (HO)
)
Package uniquecounter Info: New unique counter `rerunfilecheck' on input line 2
84.
)
\Hy@SectionHShift=\skip72
)
Package xr Info: IMPORTING LABELS FROM introduction.aux on input line 51.
Package xr Info: IMPORTING LABELS FROM conventions.aux on input line 52.
Package xr Info: IMPORTING LABELS FROM sets.aux on input line 53.
Package xr Info: IMPORTING LABELS FROM categories.aux on input line 54.
Package xr Info: IMPORTING LABELS FROM topology.aux on input line 55.
Package xr Info: IMPORTING LABELS FROM sheaves.aux on input line 56.
Package xr Info: IMPORTING LABELS FROM sites.aux on input line 57.
Package xr Info: IMPORTING LABELS FROM stacks.aux on input line 58.
Package xr Info: IMPORTING LABELS FROM fields.aux on input line 59.
Package xr Info: IMPORTING LABELS FROM algebra.aux on input line 60.
Package xr Info: IMPORTING LABELS FROM brauer.aux on input line 61.
Package xr Info: IMPORTING LABELS FROM homology.aux on input line 62.
Package xr Info: IMPORTING LABELS FROM derived.aux on input line 63.
Package xr Info: IMPORTING LABELS FROM simplicial.aux on input line 64.
Package xr Info: IMPORTING LABELS FROM more-algebra.aux on input line 65.
Package xr Info: IMPORTING LABELS FROM smoothing.aux on input line 66.
Package xr Info: IMPORTING LABELS FROM modules.aux on input line 67.
Package xr Info: IMPORTING LABELS FROM sites-modules.aux on input line 68.
Package xr Info: IMPORTING LABELS FROM injectives.aux on input line 69.
Package xr Info: IMPORTING LABELS FROM cohomology.aux on input line 70.
Package xr Info: IMPORTING LABELS FROM sites-cohomology.aux on input line 71.
Package xr Info: IMPORTING LABELS FROM dga.aux on input line 72.
Package xr Info: IMPORTING LABELS FROM dpa.aux on input line 73.
Package xr Info: IMPORTING LABELS FROM sdga.aux on input line 74.
Package xr Info: IMPORTING LABELS FROM hypercovering.aux on input line 75.
Package xr Info: IMPORTING LABELS FROM schemes.aux on input line 76.
Package xr Info: IMPORTING LABELS FROM constructions.aux on input line 77.
Package xr Info: IMPORTING LABELS FROM properties.aux on input line 78.
Package xr Info: IMPORTING LABELS FROM morphisms.aux on input line 79.
Package xr Info: IMPORTING LABELS FROM coherent.aux on input line 80.
Package xr Info: IMPORTING LABELS FROM divisors.aux on input line 81.
Package xr Info: IMPORTING LABELS FROM limits.aux on input line 82.
Package xr Info: IMPORTING LABELS FROM varieties.aux on input line 83.
Package xr Info: IMPORTING LABELS FROM topologies.aux on input line 84.
Package xr Info: IMPORTING LABELS FROM descent.aux on input line 85.
Package xr Info: IMPORTING LABELS FROM perfect.aux on input line 86.
Package xr Info: IMPORTING LABELS FROM more-morphisms.aux on input line 87.
Package xr Info: IMPORTING LABELS FROM flat.aux on input line 88.
Package xr Info: IMPORTING LABELS FROM groupoids.aux on input line 89.
Package xr Info: IMPORTING LABELS FROM more-groupoids.aux on input line 90.
Package xr Info: IMPORTING LABELS FROM etale.aux on input line 91.
Package xr Info: IMPORTING LABELS FROM chow.aux on input line 92.
Package xr Info: IMPORTING LABELS FROM intersection.aux on input line 93.
Package xr Info: IMPORTING LABELS FROM pic.aux on input line 94.
Package xr Info: IMPORTING LABELS FROM weil.aux on input line 95.
Package xr Info: IMPORTING LABELS FROM adequate.aux on input line 96.
Package xr Info: IMPORTING LABELS FROM dualizing.aux on input line 97.
Package xr Info: IMPORTING LABELS FROM duality.aux on input line 98.
Package xr Info: IMPORTING LABELS FROM discriminant.aux on input line 99.
Package xr Info: IMPORTING LABELS FROM derham.aux on input line 100.
Package xr Info: IMPORTING LABELS FROM local-cohomology.aux on input line 101.
Package xr Info: IMPORTING LABELS FROM algebraization.aux on input line 102.
Package xr Info: IMPORTING LABELS FROM curves.aux on input line 103.
Package xr Info: IMPORTING LABELS FROM resolve.aux on input line 104.
Package xr Info: IMPORTING LABELS FROM models.aux on input line 105.
Package xr Info: IMPORTING LABELS FROM functors.aux on input line 106.
Package xr Info: IMPORTING LABELS FROM equiv.aux on input line 107.
Package xr Info: IMPORTING LABELS FROM pione.aux on input line 108.
Package xr Info: IMPORTING LABELS FROM etale-cohomology.aux on input line 109.
Package xr Info: IMPORTING LABELS FROM proetale.aux on input line 110.
Package xr Info: IMPORTING LABELS FROM relative-cycles.aux on input line 111.
Package xr Info: IMPORTING LABELS FROM more-etale.aux on input line 112.
Package xr Info: IMPORTING LABELS FROM trace.aux on input line 113.
Package xr Info: IMPORTING LABELS FROM crystalline.aux on input line 114.
Package xr Info: IMPORTING LABELS FROM spaces.aux on input line 115.
Package xr Info: IMPORTING LABELS FROM spaces-properties.aux on input line 116.

Package xr Info: IMPORTING LABELS FROM spaces-morphisms.aux on input line 117.
Package xr Info: IMPORTING LABELS FROM decent-spaces.aux on input line 118.
Package xr Info: IMPORTING LABELS FROM spaces-cohomology.aux on input line 119.

Package xr Info: IMPORTING LABELS FROM spaces-limits.aux on input line 120.
Package xr Info: IMPORTING LABELS FROM spaces-divisors.aux on input line 121.
Package xr Info: IMPORTING LABELS FROM spaces-over-fields.aux on input line 122
.
Package xr Info: IMPORTING LABELS FROM spaces-topologies.aux on input line 123.

Package xr Info: IMPORTING LABELS FROM spaces-descent.aux on input line 124.
Package xr Info: IMPORTING LABELS FROM spaces-perfect.aux on input line 125.
Package xr Info: IMPORTING LABELS FROM spaces-more-morphisms.aux on input line 
126.
Package xr Info: IMPORTING LABELS FROM spaces-flat.aux on input line 127.
Package xr Info: IMPORTING LABELS FROM spaces-groupoids.aux on input line 128.
Package xr Info: IMPORTING LABELS FROM spaces-more-groupoids.aux on input line 
129.
Package xr Info: IMPORTING LABELS FROM bootstrap.aux on input line 130.
Package xr Info: IMPORTING LABELS FROM spaces-pushouts.aux on input line 131.
Package xr Info: IMPORTING LABELS FROM spaces-chow.aux on input line 132.
Package xr Info: IMPORTING LABELS FROM groupoids-quotients.aux on input line 13
3.
Package xr Info: IMPORTING LABELS FROM spaces-more-cohomology.aux on input line
 134.
Package xr Info: IMPORTING LABELS FROM spaces-simplicial.aux on input line 135.

Package xr Info: IMPORTING LABELS FROM spaces-duality.aux on input line 136.
Package xr Info: IMPORTING LABELS FROM formal-spaces.aux on input line 137.
Package xr Info: IMPORTING LABELS FROM restricted.aux on input line 138.
Package xr Info: IMPORTING LABELS FROM spaces-resolve.aux on input line 139.
Package xr Info: IMPORTING LABELS FROM formal-defos.aux on input line 140.
Package xr Info: IMPORTING LABELS FROM defos.aux on input line 141.
Package xr Info: IMPORTING LABELS FROM cotangent.aux on input line 142.
Package xr Info: IMPORTING LABELS FROM examples-defos.aux on input line 143.
Package xr Info: IMPORTING LABELS FROM algebraic.aux on input line 144.
Package xr Info: IMPORTING LABELS FROM examples-stacks.aux on input line 145.
Package xr Info: IMPORTING LABELS FROM stacks-sheaves.aux on input line 146.
Package xr Info: IMPORTING LABELS FROM criteria.aux on input line 147.
Package xr Info: IMPORTING LABELS FROM artin.aux on input line 148.
Package xr Info: IMPORTING LABELS FROM quot.aux on input line 149.
Package xr Info: IMPORTING LABELS FROM stacks-properties.aux on input line 150.

Package xr Info: IMPORTING LABELS FROM stacks-morphisms.aux on input line 151.
Package xr Info: IMPORTING LABELS FROM stacks-limits.aux on input line 152.
Package xr Info: IMPORTING LABELS FROM stacks-cohomology.aux on input line 153.

Package xr Info: IMPORTING LABELS FROM stacks-perfect.aux on input line 154.
Package xr Info: IMPORTING LABELS FROM stacks-introduction.aux on input line 15
5.
Package xr Info: IMPORTING LABELS FROM stacks-more-morphisms.aux on input line 
156.
Package xr Info: IMPORTING LABELS FROM stacks-geometry.aux on input line 157.
Package xr Info: IMPORTING LABELS FROM moduli.aux on input line 158.
Package xr Info: IMPORTING LABELS FROM moduli-curves.aux on input line 159.
Package xr Info: IMPORTING LABELS FROM examples.aux on input line 160.
Package xr Info: IMPORTING LABELS FROM exercises.aux on input line 161.
Package xr Info: IMPORTING LABELS FROM guide.aux on input line 162.
Package xr Info: IMPORTING LABELS FROM desirables.aux on input line 163.
Package xr Info: IMPORTING LABELS FROM coding.aux on input line 164.
Package xr Info: IMPORTING LABELS FROM obsolete.aux on input line 165.
Package xr Info: IMPORTING LABELS FROM fdl.aux on input line 166.
Package xr Info: IMPORTING LABELS FROM index.aux on input line 167.
) (ch090-formal-defos.aux)
\openout1 = `ch090-formal-defos.aux'.

LaTeX Font Info:    Checking defaults for OML/cmm/m/it on input line 6.
LaTeX Font Info:    ... okay on input line 6.
LaTeX Font Info:    Checking defaults for OMS/cmsy/m/n on input line 6.
LaTeX Font Info:    ... okay on input line 6.
LaTeX Font Info:    Checking defaults for OT1/cmr/m/n on input line 6.
LaTeX Font Info:    ... okay on input line 6.
LaTeX Font Info:    Checking defaults for T1/cmr/m/n on input line 6.
LaTeX Font Info:    ... okay on input line 6.
LaTeX Font Info:    Checking defaults for TS1/cmr/m/n on input line 6.
LaTeX Font Info:    ... okay on input line 6.
LaTeX Font Info:    Checking defaults for TU/lmr/m/n on input line 6.
LaTeX Font Info:    ... okay on input line 6.
LaTeX Font Info:    Checking defaults for OMX/cmex/m/n on input line 6.
LaTeX Font Info:    ... okay on input line 6.
LaTeX Font Info:    Checking defaults for U/cmr/m/n on input line 6.
LaTeX Font Info:    ... okay on input line 6.
LaTeX Font Info:    Checking defaults for PD1/pdf/m/n on input line 6.
LaTeX Font Info:    ... okay on input line 6.
LaTeX Font Info:    Checking defaults for PU/pdf/m/n on input line 6.
LaTeX Font Info:    ... okay on input line 6.
LaTeX Font Info:    Trying to load font information for U+msa on input line 6.

(${USERPROFILE}\AppData\Local\Programs\MiKTeX\tex/latex/amsfonts\umsa.fd
File: umsa.fd 2013/01/14 v3.01 AMS symbols A
)
LaTeX Font Info:    Trying to load font information for U+msb on input line 6.

(${USERPROFILE}\AppData\Local\Programs\MiKTeX\tex/latex/amsfonts\umsb.fd
File: umsb.fd 2013/01/14 v3.01 AMS symbols B
)

Package fontspec Info: 
(fontspec)             Adjusting the maths setup (use [no-math] to avoid
(fontspec)             this).

\symlegacymaths=\mathgroup6
LaTeX Font Info:    Overwriting symbol font `legacymaths' in version `bold'
(Font)                  OT1/cmr/m/n --> OT1/cmr/bx/n on input line 6.
LaTeX Font Info:    Redeclaring math accent \acute on input line 6.
LaTeX Font Info:    Redeclaring math accent \grave on input line 6.
LaTeX Font Info:    Redeclaring math accent \ddot on input line 6.
LaTeX Font Info:    Redeclaring math accent \tilde on input line 6.
LaTeX Font Info:    Redeclaring math accent \bar on input line 6.
LaTeX Font Info:    Redeclaring math accent \breve on input line 6.
LaTeX Font Info:    Redeclaring math accent \check on input line 6.
LaTeX Font Info:    Redeclaring math accent \hat on input line 6.
LaTeX Font Info:    Redeclaring math accent \dot on input line 6.
LaTeX Font Info:    Redeclaring math accent \mathring on input line 6.
LaTeX Font Info:    Redeclaring math symbol \Gamma on input line 6.
LaTeX Font Info:    Redeclaring math symbol \Delta on input line 6.
LaTeX Font Info:    Redeclaring math symbol \Theta on input line 6.
LaTeX Font Info:    Redeclaring math symbol \Lambda on input line 6.
LaTeX Font Info:    Redeclaring math symbol \Xi on input line 6.
LaTeX Font Info:    Redeclaring math symbol \Pi on input line 6.
LaTeX Font Info:    Redeclaring math symbol \Sigma on input line 6.
LaTeX Font Info:    Redeclaring math symbol \Upsilon on input line 6.
LaTeX Font Info:    Redeclaring math symbol \Phi on input line 6.
LaTeX Font Info:    Redeclaring math symbol \Psi on input line 6.
LaTeX Font Info:    Redeclaring math symbol \Omega on input line 6.
LaTeX Font Info:    Redeclaring math symbol \mathdollar on input line 6.
LaTeX Font Info:    Redeclaring symbol font `operators' on input line 6.
LaTeX Font Info:    Encoding `OT1' has changed to `TU' for symbol font
(Font)              `operators' in the math version `normal' on input line 6.
LaTeX Font Info:    Overwriting symbol font `operators' in version `normal'
(Font)                  OT1/cmr/m/n --> TU/LatinModernRoman(0)/m/n on input lin
e 6.
LaTeX Font Info:    Encoding `OT1' has changed to `TU' for symbol font
(Font)              `operators' in the math version `bold' on input line 6.
LaTeX Font Info:    Overwriting symbol font `operators' in version `bold'
(Font)                  OT1/cmr/bx/n --> TU/LatinModernRoman(0)/m/n on input li
ne 6.
LaTeX Font Info:    Overwriting symbol font `operators' in version `normal'
(Font)                  TU/LatinModernRoman(0)/m/n --> TU/LatinModernRoman(0)/m
/n on input line 6.
LaTeX Font Info:    Overwriting math alphabet `\mathit' in version `normal'
(Font)                  OT1/cmr/m/it --> TU/LatinModernRoman(0)/m/it on input l
ine 6.
LaTeX Font Info:    Overwriting math alphabet `\mathbf' in version `normal'
(Font)                  OT1/cmr/bx/n --> TU/LatinModernRoman(0)/b/n on input li
ne 6.
LaTeX Font Info:    Overwriting math alphabet `\mathsf' in version `normal'
(Font)                  OT1/cmss/m/n --> TU/LatinModernSans(0)/m/n on input lin
e 6.
LaTeX Font Info:    Overwriting math alphabet `\mathtt' in version `normal'
(Font)                  OT1/cmtt/m/n --> TU/LatinModernMono(0)/m/n on input lin
e 6.
LaTeX Font Info:    Overwriting symbol font `operators' in version `bold'
(Font)                  TU/LatinModernRoman(0)/m/n --> TU/LatinModernRoman(0)/b
/n on input line 6.
LaTeX Font Info:    Overwriting math alphabet `\mathit' in version `bold'
(Font)                  OT1/cmr/bx/it --> TU/LatinModernRoman(0)/b/it on input 
line 6.
LaTeX Font Info:    Overwriting math alphabet `\mathsf' in version `bold'
(Font)                  OT1/cmss/bx/n --> TU/LatinModernSans(0)/b/n on input li
ne 6.
LaTeX Font Info:    Overwriting math alphabet `\mathtt' in version `bold'
(Font)                  OT1/cmtt/m/n --> TU/LatinModernMono(0)/b/n on input lin
e 6.
Package hyperref Info: Link coloring OFF on input line 6.

(ch090-formal-defos.out) (ch090-formal-defos.out)
\@outlinefile=\write4
\openout4 = `ch090-formal-defos.out'.

LaTeX Font Info:    Font shape `TU/UnBatang.ttf(0)/b/n' will be
(Font)              scaled to size 10.0pt on input line 12.
 (ch090-formal-defos.toc
LaTeX Font Info:    Font shape `TU/UnBatang.ttf(0)/m/n' will be
(Font)              scaled to size 10.0pt on input line 1.
)
\tf@toc=\write5
\openout5 = `ch090-formal-defos.toc'.


[1]
LaTeX Font Info:    Trying to load font information for U+euf on input line 48.

 (${USERPROFILE}\AppData\Local\Programs\MiKTeX\tex/latex/amsfonts\ueuf.fd
File: ueuf.fd 2013/01/14 v3.01 Euler Fraktur
)
LaTeX Font Info:    Font shape `TU/UnBatang.ttf(0)/m/it' will be
(Font)              scaled to size 10.0pt on input line 52.
LaTeX Font Info:    Font shape `TU/UnBatang.ttf(0)/m/n' will be
(Font)              scaled to size 7.0pt on input line 142.

[2] [3] <xymatrix 4x2 340> [4]
LaTeX Font Info:    Font shape `TU/UnBatang.ttf(0)/m/n' will be
(Font)              scaled to size 8.0pt on input line 373.
 [5] <xymatrix 5x2 464> [6] [7] [8] [9] [10]
[11] <xymatrix 3x2 128> [12] <xymatrix 2x2 182> <xymatrix 2x2 168> <xymatrix
2x2 182> [13] <xymatrix 4x2 184> [14] [15] <xymatrix 3x2 145> <xymatrix 3x2
254> <xymatrix 2x2 161> [16] <xymatrix 2x2 120> <xymatrix 2x2 130> <xymatrix
2x3 240> <xymatrix 2x2 168> [17] <xymatrix 2x2 188> [18] <xymatrix 2x2 168>
<xymatrix 2x2 86> <xymatrix 2x2 120> [19] <xymatrix 2x2 188> [20] [21]
<xymatrix 2x2 86> <xymatrix 2x2 86> <xymatrix 2x2 154> <xymatrix 2x2 154>
<xymatrix 2x2 86> <xymatrix 2x2 182> <xymatrix 2x2 182> <xymatrix 2x2 154>
<xymatrix 2x2 185> [22] <xymatrix 2x2 86> <xymatrix 2x2 86> <xymatrix 2x2 154>
<xymatrix 2x2 154> <xymatrix 2x2 86> <xymatrix 2x2 86> <xymatrix 2x2 154>
<xymatrix 2x2 154> [23] <xymatrix 2x2 154> <xymatrix 2x2 154> <xymatrix 2x2
154> <xymatrix 2x2 154> <xymatrix 2x2 154> <xymatrix 2x2 154> <xymatrix 2x2
154> <xymatrix 2x2 154> <xymatrix 2x2 154> <xymatrix 2x2 154> <xymatrix 2x2
154> <xymatrix 2x2 154> <xymatrix 2x2 154> [24] <xymatrix 2x2 182> <xymatrix
2x2 182> <xymatrix 2x2 154> <xymatrix 3x2 299> <xymatrix 2x2 175> <xymatrix
2x2 154> [25] <xymatrix 2x2 168> <xymatrix 2x2 168> <xymatrix 2x2 168>
<xymatrix 2x2 154> <xymatrix 2x2 154> [26] <xymatrix 3x2 149> <xymatrix 3x2
149> [27] [28] [29] <xymatrix 2x2 182> [30] <xymatrix 2x2 144> <xymatrix 2x2
188> <xymatrix 2x2 86> <xymatrix 2x2 154> <xymatrix 2x2 86> <xymatrix 2x2 93>
<xymatrix 2x2 127> [31] <xymatrix 2x2 120> <xymatrix 2x2 154> <xymatrix 2x2
168> <xymatrix 3x2 264> <xymatrix 3x2 271> [32] <xymatrix 2x2 86> <xymatrix
2x2 93> <xymatrix 2x2 86> <xymatrix 2x2 93> [33] <xymatrix 2x2 161> <xymatrix
2x2 127> <xymatrix 2x2 205> <xymatrix 2x2 86> [34] <xymatrix 2x2 154>
<xymatrix 2x2 154> <xymatrix 2x2 154> <xymatrix 2x2 154> <xymatrix 2x2 154>
[35] <xymatrix 2x2 168> <xymatrix 2x2 120> <xymatrix 2x2 120> [36] <xymatrix
3x2 138> [37] <xymatrix 2x2 182> <xymatrix 2x2 182> <xymatrix 2x2 154>
<xymatrix 2x2 182> <xymatrix 3x3 207> [38] <xymatrix 2x2 154> <xymatrix 2x2
154> [39] <xymatrix 2x2 86> <xymatrix 2x2 86> <xymatrix 2x2 154> <xymatrix 2x2
154> [40] <xymatrix 2x2 154> <xymatrix 2x2 154> <xymatrix 2x2 154> <xymatrix
2x2 154> [41] <xymatrix 2x2 182> [42] <xymatrix 2x2 182> <xymatrix 2x2 168>
[43] <xymatrix 2x2 86> <xymatrix 2x2 86> <xymatrix 2x2 154> <xymatrix 2x2 154>
<xymatrix 2x2 154> <xymatrix 2x2 154> [44] <xymatrix 3x2 264> <xymatrix 3x2
264> [45] <xymatrix 6x2 176> <xymatrix 2x2 168> <xymatrix 2x2 175> [46]
[47] <xymatrix 3x2 142> [48] [49] [50] [51] [52] [53] <xymatrix 2x2 100>
[54] <xymatrix 3x2 193> <xymatrix 3x2 190> [55] <xymatrix 2x2 185> [56]
[57] <xymatrix 3x3 266> [58] <xymatrix 2x2 182> [59] [60] <xymatrix 2x2 86>
<xymatrix 2x2 86> [61] [62] <xymatrix 3x2 264>
(${USERPROFILE}\Documents\interlanguage\03_projects\language_management\cjk\03
_working_translations\stacks_cjk_20260821\canon\ko-kr\integration-20260905-r9-c
umulative-52\support\profiles-r9\ch090-formal-defos\chapters.tex)
(ch090-formal-defos.bbl) [63] (ch090-formal-defos.aux)
 ***********
LaTeX2e <2025-11-01>
L3 programming layer <2026/08/07>
 ***********
Package rerunfilecheck Info: File `ch090-formal-defos.out' has not changed.
(rerunfilecheck)             Checksum: 614BAA7E400670E2162CB33DA2A756A7;4657.
 ) 
Here is how much of TeX's memory you used:
 17012 strings out of 402807
 348223 string characters out of 5444928
 877697 words of memory out of 5000000
 45379 multiletter control sequences out of 15000+600000
 636475 words of font info for 128 fonts, out of 8000000 for 9000
 1509 hyphenation exceptions out of 8191
 78i,16n,96p,785b,679s stack positions out of 10000i,1000n,20000p,200000b,200000s

Output written on ch090-formal-defos.pdf (63 pages).
