This is XeTeX, Version 3.141592653-2.6-0.999998 (MiKTeX 26.5) (preloaded format=xelatex.fmt)
entering extended mode

(${USERPROFILE}/Documents/interlanguage/03_projects/language_management/cjk/03
_working_translations/stacks_cjk_20260821/canon/ko-kr/integration-20260905-r9-c
umulative-52/inputs/p10/ko/formal-defos.tex
LaTeX2e <2025-11-01>
L3 programming layer <2026-03-20>

(${USERPROFILE}\Documents\interlanguage\03_projects\language_management\cjk\03
_working_translations\stacks_cjk_20260821\canon\ko-kr\integration-20260905-r9-c
umulative-52\support\profiles-r9\ch090-formal-defos\preamble.tex
(${USERPROFILE}\Documents\interlanguage\03_projects\language_management\cjk\03
_working_translations\stacks_cjk_20260821\canon\ko-kr\integration-20260905-r9-c
umulative-52\support\dependencies\stacks-project.cls
Document Class: stacks-project 
(${USERPROFILE}\AppData\Local\Programs\MiKTeX\tex/latex/amsmath\amsmath.sty
For additional information on amsmath, use the `?' option.
(${USERPROFILE}\AppData\Local\Programs\MiKTeX\tex/latex/amsmath\amstext.sty
(${USERPROFILE}\AppData\Local\Programs\MiKTeX\tex/latex/amsmath\amsgen.sty))
(${USERPROFILE}\AppData\Local\Programs\MiKTeX\tex/latex/amsmath\amsbsy.sty)
(${USERPROFILE}\AppData\Local\Programs\MiKTeX\tex/latex/amsmath\amsopn.sty))
(${USERPROFILE}\AppData\Local\Programs\MiKTeX\tex/latex/amsfonts\umsa.fd)
(${USERPROFILE}\AppData\Local\Programs\MiKTeX\tex/latex/amsfonts\amsfonts.sty)
) (${USERPROFILE}\AppData\Local\Programs\MiKTeX\tex/latex/tools\verbatim.sty)
(${USERPROFILE}\AppData\Local\Programs\MiKTeX\tex/generic/xypic\xy.sty
(${USERPROFILE}\AppData\Local\Programs\MiKTeX\tex/generic/xypic\xy.tex
Bootstrap'ing: catcodes, docmode,
(${USERPROFILE}\AppData\Local\Programs\MiKTeX\tex/generic/xypic\xyrecat.tex)
(${USERPROFILE}\AppData\Local\Programs\MiKTeX\tex/generic/xypic\xyidioms.tex)

 Xy-pic version 3.8.9 <2013/10/06>
 Copyright (c) 1991-2013 by Kristoffer H. Rose <krisrose@tug.org> and others
 Xy-pic is free software: see the User's Guide for details.

Loading kernel: messages; fonts; allocations: state, direction,
utility macros; pictures: \xy, positions, objects, decorations;
kernel objects: directionals, circles, text; options; algorithms: directions,
edges, connections;  Xy-pic loaded)
(${USERPROFILE}\AppData\Local\Programs\MiKTeX\tex/generic/iftex\ifpdf.sty
(${USERPROFILE}\AppData\Local\Programs\MiKTeX\tex/generic/iftex\iftex.sty))
(${USERPROFILE}\AppData\Local\Programs\MiKTeX\tex/generic/xypic\xyall.tex
 Xy-pic option: All features v.3.8
(${USERPROFILE}\AppData\Local\Programs\MiKTeX\tex/generic/xypic\xycurve.tex
 Xy-pic option: Curve and Spline extension v.3.12 curve, circles, loaded)
(${USERPROFILE}\AppData\Local\Programs\MiKTeX\tex/generic/xypic\xyframe.tex
 Xy-pic option: Frame and Bracket extension v.3.14 loaded)
(${USERPROFILE}\AppData\Local\Programs\MiKTeX\tex/generic/xypic\xycmtip.tex
 Xy-pic option: Computer Modern tip extension v.3.7
(${USERPROFILE}\AppData\Local\Programs\MiKTeX\tex/generic/xypic\xytips.tex
 Xy-pic option: More Tips extension v.3.11 loaded) loaded)
(${USERPROFILE}\AppData\Local\Programs\MiKTeX\tex/generic/xypic\xyline.tex
 Xy-pic option: Line styles extension v.3.10 loaded)
(${USERPROFILE}\AppData\Local\Programs\MiKTeX\tex/generic/xypic\xyrotate.tex
 Xy-pic option: Rotate and Scale extension v.3.8 loaded)
(${USERPROFILE}\AppData\Local\Programs\MiKTeX\tex/generic/xypic\xycolor.tex
 Xy-pic option: Colour extension v.3.11 loaded)
(${USERPROFILE}\AppData\Local\Programs\MiKTeX\tex/generic/xypic\xymatrix.tex
 Xy-pic option: Matrix feature v.3.14 loaded)
(${USERPROFILE}\AppData\Local\Programs\MiKTeX\tex/generic/xypic\xyarrow.tex
 Xy-pic option: Arrow and Path feature v.3.9 path, \ar, loaded)
(${USERPROFILE}\AppData\Local\Programs\MiKTeX\tex/generic/xypic\xygraph.tex
 Xy-pic option: Graph feature v.3.11 loaded) loaded))
(${USERPROFILE}\AppData\Local\Programs\MiKTeX\tex/generic/xypic\xy2cell.tex
 Xy-pic option: Two-cell feature v.3.7 two-cells, loaded)
(${USERPROFILE}\AppData\Local\Programs\MiKTeX\tex/latex/tools\multicol.sty)
(${USERPROFILE}\AppData\Local\Programs\MiKTeX\tex/latex/fontspec\fontspec.sty
(${USERPROFILE}\AppData\Local\Programs\MiKTeX\tex/latex/l3packages/xparse\xpar
se.sty
(${USERPROFILE}\AppData\Local\Programs\MiKTeX\tex/latex/l3kernel\expl3.sty
(${USERPROFILE}\AppData\Local\Programs\MiKTeX\tex/latex/l3backend\l3backend-xe
tex.def)))
(${USERPROFILE}\AppData\Local\Programs\MiKTeX\tex/latex/fontspec\fontspec-xete
x.sty (${USERPROFILE}\AppData\Local\Programs\MiKTeX\tex/latex/base\fontenc.sty
)
(${USERPROFILE}\AppData\Local\Programs\MiKTeX\tex/latex/fontspec\fontspec.cfg)
)) (${USERPROFILE}\AppData\Local\Programs\MiKTeX\tex/xelatex/xecjk\xeCJK.sty

LaTeX Warning: You have requested release `2026/06/01' of LaTeX,
               but only release `2025-11-01' is available.

(${USERPROFILE}\AppData\Local\Programs\MiKTeX\tex/latex/ctex\ctexhook.sty

LaTeX Warning: You have requested release `2026/06/01' of LaTeX,
               but only release `2025-11-01' is available.

) (${USERPROFILE}\AppData\Local\Programs\MiKTeX\tex/latex/ctex\ctexpatch.sty

LaTeX Warning: You have requested release `2026/06/01' of LaTeX,
               but only release `2025-11-01' is available.

)
(${USERPROFILE}\AppData\Local\Programs\MiKTeX\tex/latex/l3packages/xtemplate\x
template.sty)
(${USERPROFILE}\AppData\Local\Programs\MiKTeX\tex/xelatex/xecjk\xeCJK.cfg))
(${USERPROFILE}\AppData\Local\Programs\MiKTeX\tex/latex/hyperref\xr-hyper.sty)
 (${USERPROFILE}\AppData\Local\Programs\MiKTeX\tex/latex/hyperref\hyperref.sty
(${USERPROFILE}\AppData\Local\Programs\MiKTeX\tex/latex/graphics\keyval.sty)
(${USERPROFILE}\AppData\Local\Programs\MiKTeX\tex/latex/kvsetkeys\kvsetkeys.st
y)
(${USERPROFILE}\AppData\Local\Programs\MiKTeX\tex/generic/kvdefinekeys\kvdefin
ekeys.sty)
(${USERPROFILE}\AppData\Local\Programs\MiKTeX\tex/generic/pdfescape\pdfescape.
sty
(${USERPROFILE}\AppData\Local\Programs\MiKTeX\tex/generic/ltxcmds\ltxcmds.sty)

(${USERPROFILE}\AppData\Local\Programs\MiKTeX\tex/generic/pdftexcmds\pdftexcmd
s.sty
(${USERPROFILE}\AppData\Local\Programs\MiKTeX\tex/generic/infwarerr\infwarerr.
sty)))
(${USERPROFILE}\AppData\Local\Programs\MiKTeX\tex/latex/hycolor\hycolor.sty)
(${USERPROFILE}\AppData\Local\Programs\MiKTeX\tex/latex/hyperref\nameref.sty
(${USERPROFILE}\AppData\Local\Programs\MiKTeX\tex/latex/refcount\refcount.sty)

(${USERPROFILE}\AppData\Local\Programs\MiKTeX\tex/generic/gettitlestring\getti
tlestring.sty
(${USERPROFILE}\AppData\Local\Programs\MiKTeX\tex/latex/kvoptions\kvoptions.st
y)))
(${USERPROFILE}\AppData\Local\Programs\MiKTeX\tex/latex/etoolbox\etoolbox.sty)

(${USERPROFILE}\AppData\Local\Programs\MiKTeX\tex/generic/stringenc\stringenc.
sty)
(${USERPROFILE}\AppData\Local\Programs\MiKTeX\tex/latex/hyperref\pd1enc.def)
(${USERPROFILE}\AppData\Local\Programs\MiKTeX\tex/generic/intcalc\intcalc.sty)
(${USERPROFILE}\AppData\Local\Programs\MiKTeX\tex/latex/hyperref\puenc.def)
(${USERPROFILE}\Documents\interlanguage\03_projects\language_management\cjk\03
_working_translations\stacks_cjk_20260821\canon\ko-kr\integration-20260905-r9-c
umulative-52\support\dependencies\hyperref.cfg)
(${USERPROFILE}\AppData\Local\Programs\MiKTeX\tex/latex/url\url.sty)
(${USERPROFILE}\AppData\Local\Programs\MiKTeX\tex/generic/bitset\bitset.sty
(${USERPROFILE}\AppData\Local\Programs\MiKTeX\tex/generic/bigintcalc\bigintcal
c.sty)))
(${USERPROFILE}\AppData\Local\Programs\MiKTeX\tex/latex/hyperref\hxetex.def
(${USERPROFILE}\AppData\Local\Programs\MiKTeX\tex/latex/rerunfilecheck\rerunfi
lecheck.sty
(${USERPROFILE}\AppData\Local\Programs\MiKTeX\tex/generic/uniquecounter\unique
counter.sty))))
No file ch090-formal-defos.aux.
(${USERPROFILE}\AppData\Local\Programs\MiKTeX\tex/latex/amsfonts\umsa.fd)
(${USERPROFILE}\AppData\Local\Programs\MiKTeX\tex/latex/amsfonts\umsb.fd)

Package hyperref Warning: Rerun to get /PageLabels entry.

No file ch090-formal-defos.toc.

LaTeX Warning: Citation `SGA7-I' on page 1 undefined on input line 25.


LaTeX Warning: Citation `Sch' on page 1 undefined on input line 25.


LaTeX Warning: Reference `section-CLambda' on page 1 undefined on input line 45
.

(${USERPROFILE}\AppData\Local\Programs\MiKTeX\tex/latex/amsfonts\ueuf.fd)

LaTeX Warning: Citation `SGA7-I' on page 1 undefined on input line 53.


LaTeX Warning: Citation `Talpo-Vistoli' on page 1 undefined on input line 55.


LaTeX Warning: Reference `section-category-completion-CLambda' on page 1 undefi
ned on input line 62.


LaTeX Warning: Reference `section-preliminary' on page 1 undefined on input lin
e 75.


LaTeX Warning: Reference `section-smooth-morphisms' on page 1 undefined on inpu
t line 78.


LaTeX Warning: Reference `section-schlessinger-conditions' on page 1 undefined 
on input line 94.


LaTeX Warning: Reference `lemma-versal-object-existence' on page 1 undefined on
 input line 99.


LaTeX Warning: Reference `section-minimal-versal' on page 1 undefined on input 
line 107.


LaTeX Warning: Reference `definition-minimal-versal' on page 1 undefined on inp
ut line 108.


LaTeX Warning: Reference `lemma-minimal-versal' on page 1 undefined on input li
ne 110.


LaTeX Warning: Reference `example-do-not-get-S2' on page 1 undefined on input l
ine 112.


LaTeX Warning: Reference `example-smooth-continued' on page 1 undefined on inpu
t line 113.

[1]

LaTeX Warning: Reference `theorem-miniversal-object-existence' on page 2 undefi
ned on input line 117.


LaTeX Warning: Reference `section-RS-condition' on page 2 undefined on input li
ne 124.


LaTeX Warning: Reference `definition-groupoid-in-functors' on page 2 undefined 
on input line 130.


LaTeX Warning: Reference `definition-prorepresentable-groupoid-in-functors' on 
page 2 undefined on input line 131.


LaTeX Warning: Reference `definition-smooth-groupoid-in-functors' on page 2 und
efined on input line 132.


LaTeX Warning: Reference `theorem-presentation-deformation-groupoid' on page 2 
undefined on input line 134.


LaTeX Warning: Reference `section-minimality' on page 2 undefined on input line
 139.


LaTeX Warning: Reference `lemma-RS-implies-S1-S2' on page 2 undefined on input 
line 148.


LaTeX Warning: Reference `lemma-S1-S2-associated-functor' on page 2 undefined o
n input line 149.


LaTeX Warning: Reference `lemma-RS-associated-functor' on page 2 undefined on i
nput line 157.


LaTeX Warning: Reference `remarks-cofibered-groupoids' on page 2 undefined on i
nput line 173.


LaTeX Warning: Reference `item-definition-yoneda' on page 2 undefined on input 
line 174.


LaTeX Warning: Reference `equation-k-prime' on page 2 undefined on input line 1
84.

[2] [3] <xymatrix 4x2 340>

LaTeX Warning: Reference `equation-k-prime' on page 4 undefined on input line 4
07.


LaTeX Warning: Reference `lemma-length' on page 4 undefined on input line 436.

[4]

LaTeX Warning: Reference `lemma-essential-surjection' on page 5 undefined on in
put line 481.


LaTeX Warning: Reference `lemma-surjective' on page 5 undefined on input line 4
95.


LaTeX Warning: Reference `lemma-surjective' on page 5 undefined on input line 5
16.


LaTeX Warning: Reference `lemma-fiber-product-CLambda' on page 5 undefined on i
nput line 524.


LaTeX Warning: Reference `lemma-surjective' on page 5 undefined on input line 5
27.


LaTeX Warning: Reference `equation-k-prime' on page 5 undefined on input line 5
51.


LaTeX Warning: Reference `equation-sequence' on page 5 undefined on input line 
556.

<xymatrix 5x2 464> [5]

LaTeX Warning: Reference `equation-sequence-functorial' on page 6 undefined on 
input line 620.


LaTeX Warning: Reference `lemma-surjective' on page 6 undefined on input line 6
22.


LaTeX Warning: Reference `lemma-essential-surjection-mod-squares' on page 6 und
efined on input line 632.


LaTeX Warning: Reference `equation-sequence-functorial' on page 6 undefined on 
input line 647.


LaTeX Warning: Reference `lemma-surjective' on page 6 undefined on input line 6
54.


LaTeX Warning: Reference `equation-sequence-functorial' on page 6 undefined on 
input line 659.


LaTeX Warning: Reference `lemma-surjective' on page 6 undefined on input line 6
63.


LaTeX Warning: Reference `equation-sequence-functorial' on page 6 undefined on 
input line 674.

[6]

LaTeX Warning: Reference `lemma-H1-separable-case' on page 7 undefined on input
 line 705.


LaTeX Warning: Reference `lemma-essential-surjection' on page 7 undefined on in
put line 732.


LaTeX Warning: Reference `lemma-essential-surjection' on page 7 undefined on in
put line 740.


LaTeX Warning: Reference `section-formal-objects' on page 7 undefined on input 
line 752.


LaTeX Warning: Reference `definition-CLambda' on page 7 undefined on input line
 770.

[7]

LaTeX Warning: Reference `lemma-surjective' on page 8 undefined on input line 8
25.


LaTeX Warning: Reference `lemma-fiber-product-CLambda' on page 8 undefined on i
nput line 901.

[8]

LaTeX Warning: Reference `lemma-surjective-cotangent-space' on page 9 undefined
 on input line 950.


LaTeX Warning: Reference `lemma-surjective-cotangent-space' on page 9 undefined
 on input line 1019.


LaTeX Warning: Reference `lemma-m-adic-topology' on page 9 undefined on input l
ine 1036.

[9]

LaTeX Warning: Reference `lemma-surjective-cotangent-space' on page 10 undefine
d on input line 1074.


LaTeX Warning: Reference `item-cofibered-morphism' on page 10 undefined on inpu
t line 1158.

[10]

LaTeX Warning: Reference `item-pushforward' on page 11 undefined on input line 
1189.


LaTeX Warning: Reference `item-construction-associated-cofibered-groupoid' on p
age 11 undefined on input line 1199.


LaTeX Warning: Reference `remarks-cofibered-groupoids' on page 11 undefined on 
input line 1257.


LaTeX Warning: Reference `item-definition-restricting-base-category' on page 11
 undefined on input line 1258.

[11] <xymatrix 3x2 128> <xymatrix 2x2 182> <xymatrix 2x2 168> [12] <xymatrix
2x2 182> <xymatrix 4x2 184>

LaTeX Warning: Reference `lemma-formal-objects-different-filtration' on page 13
 undefined on input line 1489.


LaTeX Warning: Citation `Sch' on page 13 undefined on input line 1499.


LaTeX Warning: Reference `lemma-formal-objects-different-filtration' on page 13
 undefined on input line 1520.

[13]

LaTeX Warning: Reference `remark-completion-morphism' on page 14 undefined on i
nput line 1558.


LaTeX Warning: Reference `remarks-cofibered-groupoids' on page 14 undefined on 
input line 1559.


LaTeX Warning: Reference `item-definition-restricting-base-category' on page 14
 undefined on input line 1560.


LaTeX Warning: Reference `remark-restrict-completion' on page 14 undefined on i
nput line 1586.


LaTeX Warning: Reference `remarks-cofibered-groupoids' on page 14 undefined on 
input line 1621.


LaTeX Warning: Reference `item-convention-cofibered-sets' on page 14 undefined 
on input line 1622.


LaTeX Warning: Reference `remark-completion-restriction-adjoint' on page 14 und
efined on input line 1630.


LaTeX Warning: Reference `remark-completion-restriction-adjoint' on page 14 und
efined on input line 1646.


LaTeX Warning: Reference `remarks-cofibered-groupoids' on page 14 undefined on 
input line 1663.


LaTeX Warning: Reference `item-definition-yoneda' on page 14 undefined on input
 line 1663.

[14]

LaTeX Warning: Reference `remark-completion-restriction-adjoint' on page 15 und
efined on input line 1686.


LaTeX Warning: Reference `equation-formal-objects-maps' on page 15 undefined on
 input line 1699.


LaTeX Warning: Reference `equation-formal-objects-maps' on page 15 undefined on
 input line 1709.


LaTeX Warning: Reference `equation-formal-objects-maps' on page 15 undefined on
 input line 1726.


LaTeX Warning: Reference `remark-completion-restriction-adjoint' on page 15 und
efined on input line 1737.


LaTeX Warning: Reference `equation-formal-objects-maps' on page 15 undefined on
 input line 1741.


LaTeX Warning: Reference `remark-restrict-complete-continuous-functor' on page 
15 undefined on input line 1743.

<xymatrix 3x2 145>

LaTeX Warning: Reference `remark-formal-objects-yoneda' on page 15 undefined on
 input line 1766.

<xymatrix 3x2 254> <xymatrix 2x2 161> [15]

LaTeX Warning: Reference `remark-formal-objects-yoneda' on page 16 undefined on
 input line 1801.

<xymatrix 2x2 120>

LaTeX Warning: Reference `definition-smooth-morphism' on page 16 undefined on i
nput line 1837.


LaTeX Warning: Reference `lemma-factor-small-extension' on page 16 undefined on
 input line 1845.

<xymatrix 2x2 130> <xymatrix 2x3 240> [16] <xymatrix 2x2 168>

LaTeX Warning: Reference `lemma-smoothness-small-extensions' on page 17 undefin
ed on input line 1896.


LaTeX Warning: Reference `remark-smoothness-2-categorical' on page 17 undefined
 on input line 1902.


LaTeX Warning: Citation `Sch' on page 17 undefined on input line 1904.


LaTeX Warning: Reference `remarks-cofibered-groupoids' on page 17 undefined on 
input line 1908.


LaTeX Warning: Reference `item-convention-cofibered-sets' on page 17 undefined 
on input line 1909.


LaTeX Warning: Reference `definition-smooth-morphism' on page 17 undefined on i
nput line 1925.


LaTeX Warning: Reference `remark-compare-smooth-schlessinger' on page 17 undefi
ned on input line 1950.

<xymatrix 2x2 188>

LaTeX Warning: Reference `lemma-surjective-cotangent-space' on page 17 undefine
d on input line 1999.


LaTeX Warning: Reference `lemma-surjective-cotangent-space' on page 17 undefine
d on input line 2006.

[17]

LaTeX Warning: Reference `remark-smoothness-2-categorical' on page 18 undefined
 on input line 2031.


LaTeX Warning: Reference `remarks-cofibered-groupoids' on page 18 undefined on 
input line 2034.


LaTeX Warning: Reference `item-fibre-product' on page 18 undefined on input lin
e 2034.

<xymatrix 2x2 168>

LaTeX Warning: Reference `remark-formal-objects-yoneda' on page 18 undefined on
 input line 2084.


LaTeX Warning: Reference `remark-formal-objects-yoneda' on page 18 undefined on
 input line 2093.

<xymatrix 2x2 86> <xymatrix 2x2 120> [18]

LaTeX Warning: Reference `remark-formal-objects-yoneda' on page 19 undefined on
 input line 2119.


LaTeX Warning: Reference `remark-formal-objects-yoneda' on page 19 undefined on
 input line 2136.


LaTeX Warning: Reference `lemma-smooth-morphism-essentially-surjective' on page
 19 undefined on input line 2137.


LaTeX Warning: Reference `definition-smooth-morphism' on page 19 undefined on i
nput line 2159.


LaTeX Warning: Reference `lemma-smooth-morphism-essentially-surjective' on page
 19 undefined on input line 2175.


LaTeX Warning: Reference `lemma-smooth-properties' on page 19 undefined on inpu
t line 2177.

<xymatrix 2x2 188>

LaTeX Warning: Reference `lemma-smooth-morphism-power-series' on page 19 undefi
ned on input line 2226.

[19]

LaTeX Warning: Reference `lemma-smooth-properties' on page 20 undefined on inpu
t line 2257.


LaTeX Warning: Reference `lemma-smooth' on page 20 undefined on input line 2258
.


LaTeX Warning: Reference `lemma-versal-object-quasi-initial' on page 20 undefin
ed on input line 2260.


LaTeX Warning: Reference `lemma-smooth-properties' on page 20 undefined on inpu
t line 2261.


LaTeX Warning: Reference `lemma-smooth' on page 20 undefined on input line 2264
.


LaTeX Warning: Reference `lemma-smooth' on page 20 undefined on input line 2269
.


LaTeX Warning: Reference `equation-sequence-extended' on page 20 undefined on i
nput line 2287.


LaTeX Warning: Reference `equation-sequence-functorial' on page 20 undefined on
 input line 2329.

[20]

LaTeX Warning: Reference `lemma-exists-smooth' on page 21 undefined on input li
ne 2348.


LaTeX Warning: Reference `example-fibre-product' on page 21 undefined on input 
line 2371.


LaTeX Warning: Reference `lemma-fiber-product-CLambda' on page 21 undefined on 
input line 2374.

<xymatrix 2x2 86> <xymatrix 2x2 86> <xymatrix 2x2 154> <xymatrix 2x2 154>
<xymatrix 2x2 86> <xymatrix 2x2 182> <xymatrix 2x2 182> <xymatrix 2x2 154>
<xymatrix 2x2 185> [21]

LaTeX Warning: Reference `lemma-factor-small-extension' on page 22 undefined on
 input line 2498.


LaTeX Warning: Reference `lemma-smoothness-small-extensions' on page 22 undefin
ed on input line 2499.


LaTeX Warning: Citation `Sch' on page 22 undefined on input line 2506.


LaTeX Warning: Reference `remark-compare-S1-S2-schlessinger' on page 22 undefin
ed on input line 2536.

<xymatrix 2x2 86> <xymatrix 2x2 86> <xymatrix 2x2 154> <xymatrix 2x2 154>
<xymatrix 2x2 86> <xymatrix 2x2 86> [22] <xymatrix 2x2 154> <xymatrix 2x2 154>
<xymatrix 2x2 154> <xymatrix 2x2 154> <xymatrix 2x2 154> <xymatrix 2x2 154>
<xymatrix 2x2 154> <xymatrix 2x2 154> <xymatrix 2x2 154> <xymatrix 2x2 154>
<xymatrix 2x2 154> <xymatrix 2x2 154> <xymatrix 2x2 154> <xymatrix 2x2 154>
<xymatrix 2x2 154> [23] <xymatrix 2x2 182> <xymatrix 2x2 182> <xymatrix 2x2
154> <xymatrix 3x2 299> [24]

LaTeX Warning: Reference `remark-localize-cofibered-groupoid' on page 25 undefi
ned on input line 2849.


LaTeX Warning: Reference `definition-S1-S2' on page 25 undefined on input line 
2860.

<xymatrix 2x2 175> <xymatrix 2x2 154> <xymatrix 2x2 168> <xymatrix 2x2 168>
<xymatrix 2x2 168> <xymatrix 2x2 154> <xymatrix 2x2 154> [25]

LaTeX Warning: Reference `definition-predeformation-category' on page 26 undefi
ned on input line 2975.


LaTeX Warning: Reference `lemma-lifting-section' on page 26 undefined on input 
line 2977.


LaTeX Warning: Reference `lemma-linear-functor' on page 26 undefined on input l
ine 3019.

<xymatrix 3x2 149> <xymatrix 3x2 149>

LaTeX Warning: Reference `lemma-linear-functor' on page 26 undefined on input l
ine 3081.

[26]

LaTeX Warning: Reference `remark-linear-functor' on page 27 undefined on input 
line 3115.


LaTeX Warning: Reference `lemma-preserves-products' on page 27 undefined on inp
ut line 3168.


LaTeX Warning: Reference `lemma-preserves-products' on page 27 undefined on inp
ut line 3173.


LaTeX Warning: Reference `lemma-linear-functor' on page 27 undefined on input l
ine 3175.


LaTeX Warning: Reference `lemma-tangent-space-functor' on page 27 undefined on 
input line 3182.


LaTeX Warning: Reference `lemma-tangent-space-functor' on page 27 undefined on 
input line 3190.


LaTeX Warning: Reference `definition-tangent-space-over-R' on page 27 undefined
 on input line 3196.


LaTeX Warning: Reference `example-tangent-space-functor' on page 27 undefined o
n input line 3205.


LaTeX Warning: Reference `lemma-tangent-space-functor' on page 27 undefined on 
input line 3210.

[27]

LaTeX Warning: Reference `lemma-morphism-linear-functors' on page 28 undefined 
on input line 3230.


LaTeX Warning: Reference `lemma-derivations-finite' on page 28 undefined on inp
ut line 3231.


LaTeX Warning: Reference `example-tangent-space-prorepresentable-functor' on pa
ge 28 undefined on input line 3237.


LaTeX Warning: Reference `lemma-tangent-space-functor' on page 28 undefined on 
input line 3249.


LaTeX Warning: Reference `lemma-tangent-space-functor' on page 28 undefined on 
input line 3254.


LaTeX Warning: Reference `lemma-morphism-linear-functors' on page 28 undefined 
on input line 3259.


LaTeX Warning: Reference `lemma-morphism-tangent-spaces' on page 28 undefined o
n input line 3268.


LaTeX Warning: Reference `example-tangent-space-prorepresentable-functor' on pa
ge 28 undefined on input line 3274.


LaTeX Warning: Reference `lemma-tangent-space-functor' on page 28 undefined on 
input line 3283.


LaTeX Warning: Reference `lemma-linear-functor-over-field' on page 28 undefined
 on input line 3290.


LaTeX Warning: Reference `definition-tangent-space-over-R' on page 28 undefined
 on input line 3298.


LaTeX Warning: Reference `example-tangent-space-functor' on page 28 undefined o
n input line 3299.


LaTeX Warning: Reference `lemma-S1-S2-associated-functor' on page 28 undefined 
on input line 3322.


LaTeX Warning: Reference `lemma-S2-extensions' on page 28 undefined on input li
ne 3332.


LaTeX Warning: Reference `remark-compare-S1-S2-schlessinger' on page 28 undefin
ed on input line 3334.


LaTeX Warning: Reference `lemma-tangent-space-functor' on page 28 undefined on 
input line 3342.


LaTeX Warning: Reference `lemma-tangent-space-tensor' on page 28 undefined on i
nput line 3345.

[28]

LaTeX Warning: Reference `lemma-tangent-space-vector-space' on page 29 undefine
d on input line 3371.


LaTeX Warning: Reference `lemma-tangent-space-functor' on page 29 undefined on 
input line 3373.


LaTeX Warning: Reference `lemma-morphism-tangent-spaces' on page 29 undefined o
n input line 3375.


LaTeX Warning: Reference `remark-localize-cofibered-groupoid' on page 29 undefi
ned on input line 3384.


LaTeX Warning: Reference `lemma-S1-S2-localize' on page 29 undefined on input l
ine 3401.


LaTeX Warning: Reference `lemma-k-linear-differential' on page 29 undefined on 
input line 3402.


LaTeX Warning: Reference `lemma-tangent-space-vector-space' on page 29 undefine
d on input line 3466.


LaTeX Warning: Reference `lemma-morphism-linear-functors' on page 29 undefined 
on input line 3470.

[29] <xymatrix 2x2 182> <xymatrix 2x2 144> <xymatrix 2x2 188> <xymatrix 2x2
86>

LaTeX Warning: Reference `remark-restrict-completion' on page 30 undefined on i
nput line 3553.


LaTeX Warning: Reference `lemma-versal-object-quasi-initial' on page 30 undefin
ed on input line 3555.


LaTeX Warning: Reference `remark-versal-object' on page 30 undefined on input l
ine 3557.

<xymatrix 2x2 154> [30]

LaTeX Warning: Reference `remark-formal-objects-yoneda' on page 31 undefined on
 input line 3580.

<xymatrix 2x2 86> <xymatrix 2x2 93> <xymatrix 2x2 127>

LaTeX Warning: Reference `lemma-smooth-morphism-essentially-surjective' on page
 31 undefined on input line 3616.


LaTeX Warning: Reference `remark-versal-object' on page 31 undefined on input l
ine 3617.


LaTeX Warning: Reference `remark-versal-object' on page 31 undefined on input l
ine 3619.

<xymatrix 2x2 120> <xymatrix 2x2 154> <xymatrix 2x2 168>

LaTeX Warning: Reference `lemma-lifting-along-small-extension' on page 31 undef
ined on input line 3651.

<xymatrix 3x2 264> <xymatrix 3x2 271>

LaTeX Warning: Reference `lemma-lifting-along-small-extension' on page 31 undef
ined on input line 3679.


LaTeX Warning: Reference `lemma-lifting-along-small-extension' on page 31 undef
ined on input line 3684.

[31]

LaTeX Warning: Reference `lemma-exists-smooth' on page 32 undefined on input li
ne 3748.


LaTeX Warning: Reference `lemma-S1-S2-associated-functor' on page 32 undefined 
on input line 3776.


LaTeX Warning: Reference `lemma-tangent-space-vector-space' on page 32 undefine
d on input line 3777.


LaTeX Warning: Reference `lemma-largest-closed-where-lift' on page 32 undefined
 on input line 3798.


LaTeX Warning: Reference `lemma-m-adic-topology' on page 32 undefined on input 
line 3806.


LaTeX Warning: Reference `lemma-formal-objects-different-filtration' on page 32
 undefined on input line 3814.

[32]

LaTeX Warning: Reference `lemma-versal-criterion' on page 33 undefined on input
 line 3818.

<xymatrix 2x2 86> <xymatrix 2x2 93> <xymatrix 2x2 86> <xymatrix 2x2 93>

LaTeX Warning: Reference `lemma-versal-criterion' on page 33 undefined on input
 line 3861.

<xymatrix 2x2 161> <xymatrix 2x2 127>

LaTeX Warning: Reference `lemma-fiber-product-CLambda' on page 33 undefined on 
input line 3877.


LaTeX Warning: Reference `lemma-essential-surjection' on page 33 undefined on i
nput line 3878.

<xymatrix 2x2 205> <xymatrix 2x2 86> [33]

LaTeX Warning: Reference `remark-compare-S1-S2-schlessinger' on page 34 undefin
ed on input line 3921.


LaTeX Warning: Reference `lemma-versal-object-existence' on page 34 undefined o
n input line 3922.


LaTeX Warning: Reference `remark-compare-schlessinger-H3' on page 34 undefined 
on input line 3929.

<xymatrix 2x2 154> <xymatrix 2x2 154> <xymatrix 2x2 154> [34] <xymatrix 2x2
154> <xymatrix 2x2 154>

LaTeX Warning: Reference `lemma-smallest-where-descends' on page 35 undefined o
n input line 4070.

<xymatrix 2x2 168>

LaTeX Warning: Reference `lemma-versal-object-quasi-initial' on page 35 undefin
ed on input line 4090.


LaTeX Warning: Reference `lemma-limit-artinian' on page 35 undefined on input l
ine 4094.


LaTeX Warning: Reference `lemma-formal-objects-different-filtration' on page 35
 undefined on input line 4096.


LaTeX Warning: Reference `lemma-limit-artinian' on page 35 undefined on input l
ine 4097.


LaTeX Warning: Reference `lemma-smallest-where-descends' on page 35 undefined o
n input line 4109.


LaTeX Warning: Reference `lemma-smallest-where-descends-versal' on page 35 unde
fined on input line 4124.


LaTeX Warning: Reference `lemma-versal-object-quasi-initial' on page 35 undefin
ed on input line 4135.


LaTeX Warning: Reference `lemma-smallest-where-descends-versal' on page 35 unde
fined on input line 4137.

[35] <xymatrix 2x2 120> <xymatrix 2x2 120>

LaTeX Warning: Reference `remark-versal-object' on page 36 undefined on input l
ine 4171.


LaTeX Warning: Reference `lemma-power-series' on page 36 undefined on input lin
e 4175.


LaTeX Warning: Reference `remark-formal-objects-yoneda-map' on page 36 undefine
d on input line 4180.

<xymatrix 3x2 138>

LaTeX Warning: Reference `lemma-smooth-properties' on page 36 undefined on inpu
t line 4192.


LaTeX Warning: Reference `section-miniversal-objects-existence' on page 36 unde
fined on input line 4206.


LaTeX Warning: Reference `lemma-versal-object-S1' on page 36 undefined on input
 line 4232.


LaTeX Warning: Reference `lemma-smallest-where-descends-versal' on page 36 unde
fined on input line 4234.


LaTeX Warning: Reference `lemma-descends-versal' on page 36 undefined on input 
line 4235.


LaTeX Warning: Reference `lemma-versal-object-quasi-initial' on page 36 undefin
ed on input line 4242.


LaTeX Warning: Reference `lemma-completion-cofibred' on page 36 undefined on in
put line 4251.


LaTeX Warning: Reference `definition-minimal-versal' on page 36 undefined on in
put line 4260.

[36]

LaTeX Warning: Reference `example-tangent-space-prorepresentable-functor' on pa
ge 37 undefined on input line 4276.


LaTeX Warning: Reference `equation-action' on page 37 undefined on input line 4
278.


LaTeX Warning: Reference `equation-bijective-orbits' on page 37 undefined on in
put line 4282.


LaTeX Warning: Reference `equation-bijective' on page 37 undefined on input lin
e 4283.


LaTeX Warning: Reference `equation-bijective-orbits' on page 37 undefined on in
put line 4289.


LaTeX Warning: Reference `lemma-minimal-versal' on page 37 undefined on input l
ine 4296.


LaTeX Warning: Reference `equation-bijective-orbits' on page 37 undefined on in
put line 4308.


LaTeX Warning: Reference `equation-bijective' on page 37 undefined on input lin
e 4314.


LaTeX Warning: Reference `lemma-versal-object-S1' on page 37 undefined on input
 line 4324.

<xymatrix 2x2 182> <xymatrix 2x2 182> <xymatrix 2x2 154> <xymatrix 2x2 182>

LaTeX Warning: Reference `equation-bijective' on page 37 undefined on input lin
e 4362.


LaTeX Warning: Reference `example-tangent-space-prorepresentable-functor' on pa
ge 37 undefined on input line 4371.


LaTeX Warning: Reference `equation-bijective-orbits' on page 37 undefined on in
put line 4378.

[37]

LaTeX Warning: Reference `equation-bijective-orbits' on page 38 undefined on in
put line 4392.


LaTeX Warning: Reference `lemma-minimal-versal' on page 38 undefined on input l
ine 4397.


LaTeX Warning: Reference `equation-bijective-orbits' on page 38 undefined on in
put line 4399.


LaTeX Warning: Reference `lemma-tangent-space-vector-space' on page 38 undefine
d on input line 4401.


LaTeX Warning: Reference `lemma-k-linear-differential' on page 38 undefined on 
input line 4403.


LaTeX Warning: Reference `lemma-action-linear' on page 38 undefined on input li
ne 4405.

<xymatrix 3x3 207>

LaTeX Warning: Reference `equation-sequence' on page 38 undefined on input line
 4416.


LaTeX Warning: Reference `equation-bijective-orbits' on page 38 undefined on in
put line 4418.


LaTeX Warning: Reference `lemma-essential-surjection' on page 38 undefined on i
nput line 4425.

<xymatrix 2x2 154> <xymatrix 2x2 154>

LaTeX Warning: Reference `lemma-lifting-section' on page 38 undefined on input 
line 4468.


LaTeX Warning: Reference `lemma-smallest-where-descends-versal' on page 38 unde
fined on input line 4474.


LaTeX Warning: Reference `equation-bijective' on page 38 undefined on input lin
e 4483.


LaTeX Warning: Reference `equation-bijective-orbits' on page 38 undefined on in
put line 4485.

[38]

LaTeX Warning: Reference `lemma-miniversal-object-existence-1' on page 39 undef
ined on input line 4502.


LaTeX Warning: Reference `lemma-versal-object-existence' on page 39 undefined o
n input line 4504.


LaTeX Warning: Reference `lemma-construct-bijective-orbits' on page 39 undefine
d on input line 4505.


LaTeX Warning: Reference `equation-bijective' on page 39 undefined on input lin
e 4509.


LaTeX Warning: Reference `equation-bijective-orbits' on page 39 undefined on in
put line 4509.


LaTeX Warning: Reference `lemma-versal-object-existence' on page 39 undefined o
n input line 4514.


LaTeX Warning: Reference `equation-bijective' on page 39 undefined on input lin
e 4515.


LaTeX Warning: Reference `lemma-versal-object-existence' on page 39 undefined o
n input line 4518.


LaTeX Warning: Reference `remark-compare-schlessinger-H3-pre' on page 39 undefi
ned on input line 4528.


LaTeX Warning: Reference `equation-bijective' on page 39 undefined on input lin
e 4533.


LaTeX Warning: Reference `theorem-miniversal-object-existence' on page 39 undef
ined on input line 4535.


LaTeX Warning: Reference `remark-smooth-to-iso-classes' on page 39 undefined on
 input line 4550.


LaTeX Warning: Reference `lemma-smooth-properties' on page 39 undefined on inpu
t line 4557.


LaTeX Warning: Reference `equation-bijective' on page 39 undefined on input lin
e 4560.


LaTeX Warning: Reference `remark-compare-schlessinger-H3' on page 39 undefined 
on input line 4567.


LaTeX Warning: Reference `theorem-miniversal-object-existence' on page 39 undef
ined on input line 4568.


LaTeX Warning: Reference `lemma-exists-smooth' on page 39 undefined on input li
ne 4576.


LaTeX Warning: Reference `theorem-miniversal-object-existence' on page 39 undef
ined on input line 4590.


LaTeX Warning: Reference `equation-bijective-orbits' on page 39 undefined on in
put line 4593.


LaTeX Warning: Reference `lemma-smooth' on page 39 undefined on input line 4595
.


LaTeX Warning: Reference `equation-bijective-orbits' on page 39 undefined on in
put line 4601.


LaTeX Warning: Reference `equation-sequence-extended' on page 39 undefined on i
nput line 4611.


LaTeX Warning: Reference `lemma-exists-smooth' on page 39 undefined on input li
ne 4618.


LaTeX Warning: Reference `lemma-minimal-versal' on page 39 undefined on input l
ine 4621.

<xymatrix 2x2 86> <xymatrix 2x2 86> [39] <xymatrix 2x2 154> <xymatrix 2x2 154>
<xymatrix 2x2 154> <xymatrix 2x2 154> <xymatrix 2x2 154> <xymatrix 2x2 154>

LaTeX Warning: Reference `definition-RS' on page 40 undefined on input line 472
0.


LaTeX Warning: Reference `lemma-factor-small-extension' on page 40 undefined on
 input line 4725.


LaTeX Warning: Reference `lemma-smoothness-small-extensions' on page 40 undefin
ed on input line 4726.


LaTeX Warning: Reference `equation-compare' on page 40 undefined on input line 
4739.


LaTeX Warning: Reference `lemma-RS-fiber-square' on page 40 undefined on input 
line 4745.

[40]

LaTeX Warning: Reference `lemma-RS-small-extension' on page 41 undefined on inp
ut line 4787.


LaTeX Warning: Citation `Sch' on page 41 undefined on input line 4794.


LaTeX Warning: Reference `lemma-RS-2-categorical' on page 41 undefined on input
 line 4809.


LaTeX Warning: Reference `definition-S1-S2' on page 41 undefined on input line 
4810.


LaTeX Warning: Reference `lemma-RS-fiber-square' on page 41 undefined on input 
line 4813.


LaTeX Warning: Reference `definition-S1-S2' on page 41 undefined on input line 
4814.


LaTeX Warning: Reference `lemma-S1-S2-associated-functor' on page 41 undefined 
on input line 4821.


LaTeX Warning: Reference `lemma-factor-small-extension' on page 41 undefined on
 input line 4859.


LaTeX Warning: Reference `remark-compare-schlessinger-H4' on page 41 undefined 
on input line 4864.


LaTeX Warning: Reference `lemma-RS-implies-S1-S2' on page 41 undefined on input
 line 4874.


LaTeX Warning: Reference `lemma-S1-S2-associated-functor' on page 41 undefined 
on input line 4875.

[41] <xymatrix 2x2 182> <xymatrix 2x2 182>

LaTeX Warning: Reference `lemma-RS-associated-functor' on page 42 undefined on 
input line 4960.


LaTeX Warning: Reference `remark-localize-cofibered-groupoid' on page 42 undefi
ned on input line 4989.

[42]

LaTeX Warning: Reference `definition-RS' on page 43 undefined on input line 499
6.

<xymatrix 2x2 168> <xymatrix 2x2 86> <xymatrix 2x2 86>

LaTeX Warning: Reference `lemma-RS-fiber-square' on page 43 undefined on input 
line 5049.

<xymatrix 2x2 154> <xymatrix 2x2 154> <xymatrix 2x2 154> [43]

LaTeX Warning: Reference `remark-localize-cofibered-groupoid' on page 44 undefi
ned on input line 5121.


LaTeX Warning: Reference `lemma-S1-S2-localize' on page 44 undefined on input l
ine 5124.


LaTeX Warning: Reference `lemma-tangent-space-vector-space' on page 44 undefine
d on input line 5125.

<xymatrix 2x2 154>

LaTeX Warning: Reference `lemma-RS-fiber-square' on page 44 undefined on input 
line 5148.

<xymatrix 3x2 264>

LaTeX Warning: Reference `lemma-lifting-along-small-extension' on page 44 undef
ined on input line 5194.


LaTeX Warning: Reference `remark-lift-bijections' on page 44 undefined on input
 line 5208.

[44] <xymatrix 3x2 264>

LaTeX Warning: Reference `remark-lift-bijections' on page 45 undefined on input
 line 5223.


LaTeX Warning: Reference `equation-two' on page 45 undefined on input line 5230
.


LaTeX Warning: Reference `equation-one' on page 45 undefined on input line 5230
.


LaTeX Warning: Reference `equation-three' on page 45 undefined on input line 52
31.


LaTeX Warning: Reference `remark-tangent-space-lifting' on page 45 undefined on
 input line 5239.

<xymatrix 6x2 176>

LaTeX Warning: Reference `lemma-free-transitive-action' on page 45 undefined on
 input line 5271.

<xymatrix 2x2 168>

LaTeX Warning: Reference `equation-two' on page 45 undefined on input line 5285
.


LaTeX Warning: Reference `equation-one' on page 45 undefined on input line 5285
.


LaTeX Warning: Reference `equation-three' on page 45 undefined on input line 52
86.


LaTeX Warning: Reference `lemma-free-transitive-action' on page 45 undefined on
 input line 5287.

<xymatrix 2x2 175> [45]

LaTeX Warning: Reference `lemma-smooth-morphism-essentially-surjective' on page
 46 undefined on input line 5321.


LaTeX Warning: Reference `lemma-free-transitive-action' on page 46 undefined on
 input line 5329.


LaTeX Warning: Reference `remark-free-transitive-action-functorial' on page 46 
undefined on input line 5330.


LaTeX Warning: Reference `example-prorepresentable-deformation-functor' on page
 46 undefined on input line 5352.


LaTeX Warning: Reference `example-tangent-space-prorepresentable-functor' on pa
ge 46 undefined on input line 5354.


LaTeX Warning: Reference `example-tangent-space-map-prorepresentable-functor' o
n page 46 undefined on input line 5356.


LaTeX Warning: Reference `lemma-RS-implies-S1-S2' on page 46 undefined on input
 line 5363.


LaTeX Warning: Reference `theorem-miniversal-object-existence' on page 46 undef
ined on input line 5364.


LaTeX Warning: Reference `equation-bijective-orbits' on page 46 undefined on in
put line 5365.


LaTeX Warning: Reference `lemma-action-linear' on page 46 undefined on input li
ne 5373.


LaTeX Warning: Reference `lemma-minimal-smooth-morphism-functors' on page 46 un
defined on input line 5375.


LaTeX Warning: Reference `lemma-RS-associated-functor' on page 46 undefined on 
input line 5389.

[46]

LaTeX Warning: Reference `remark-tangent-space-cofibered-groupoid' on page 47 u
ndefined on input line 5450.

<xymatrix 3x2 142>

LaTeX Warning: Reference `section-CLambda' on page 47 undefined on input line 5
490.


LaTeX Warning: Reference `lemma-RS-fiber-product-morphisms' on page 47 undefine
d on input line 5497.


LaTeX Warning: Reference `lemma-RS-2-categorical' on page 47 undefined on input
 line 5513.


LaTeX Warning: Reference `remark-localize-cofibered-groupoid' on page 47 undefi
ned on input line 5537.


LaTeX Warning: Reference `lemma-Aut-functor-RS' on page 47 undefined on input l
ine 5541.


LaTeX Warning: Reference `lemma-localize-RS' on page 47 undefined on input line
 5541.


LaTeX Warning: Reference `lemma-tangent-space-functor' on page 47 undefined on 
input line 5544.

[47]

LaTeX Warning: Reference `remark-infaut-lifting-equalities' on page 48 undefine
d on input line 5619.


LaTeX Warning: Reference `lemma-Aut-functor-tangent-space' on page 48 undefined
 on input line 5621.


LaTeX Warning: Reference `lemma-k-linear-differential' on page 48 undefined on 
input line 5637.


LaTeX Warning: Reference `lemma-free-transitive-action' on page 48 undefined on
 input line 5654.


LaTeX Warning: Reference `remark-localize-cofibered-groupoid' on page 48 undefi
ned on input line 5655.


LaTeX Warning: Reference `lemma-Aut-functor-RS' on page 48 undefined on input l
ine 5660.


LaTeX Warning: Reference `lemma-localize-RS' on page 48 undefined on input line
 5660.


LaTeX Warning: Reference `lemma-free-transitive-action' on page 48 undefined on
 input line 5662.

[48]

LaTeX Warning: Reference `lemma-Aut-functor-tangent-space' on page 49 undefined
 on input line 5671.


LaTeX Warning: Reference `remark-infaut-lifting-equalities' on page 49 undefine
d on input line 5672.


LaTeX Warning: Reference `lemma-factor-small-extension' on page 49 undefined on
 input line 5686.


LaTeX Warning: Reference `lemma-lifted-automorphisms-torsor' on page 49 undefin
ed on input line 5687.


LaTeX Warning: Reference `lemma-infaut-trivial' on page 49 undefined on input l
ine 5710.


LaTeX Warning: Reference `lemma-RS-fiber-product-morphisms' on page 49 undefine
d on input line 5740.


LaTeX Warning: Reference `remark-trivial-aut-point' on page 49 undefined on inp
ut line 5749.


LaTeX Warning: Reference `lemma-k-linear-differential' on page 49 undefined on 
input line 5750.


LaTeX Warning: Reference `lemma-k-linear-infaut' on page 49 undefined on input 
line 5751.


LaTeX Warning: Reference `remarks-cofibered-groupoids' on page 49 undefined on 
input line 5765.


LaTeX Warning: Reference `item-fibre-product' on page 49 undefined on input lin
e 5765.


LaTeX Warning: Reference `lemma-morphism-linear-functors' on page 49 undefined 
on input line 5780.

[49]

LaTeX Warning: Reference `lemma-free-transitive-action' on page 50 undefined on
 input line 5865.


LaTeX Warning: Reference `lemma-lifted-automorphisms-torsor' on page 50 undefin
ed on input line 5872.


LaTeX Warning: Reference `lemma-smoothness-small-extensions' on page 50 undefin
ed on input line 5895.


LaTeX Warning: Reference `lemma-free-transitive-action' on page 50 undefined on
 input line 5901.

[50]

LaTeX Warning: Reference `lemma-easy-check-smooth' on page 51 undefined on inpu
t line 5922.


LaTeX Warning: Reference `definition-smooth-morphism' on page 51 undefined on i
nput line 5927.


LaTeX Warning: Reference `remark-smooth-groupoid-in-functors-warning' on page 5
1 undefined on input line 5978.


LaTeX Warning: Reference `definition-groupoid-in-functors' on page 51 undefined
 on input line 6008.


LaTeX Warning: Reference `lemma-CLambdahat-pushouts' on page 51 undefined on in
put line 6013.

[51]

LaTeX Warning: Reference `definition-restricting-groupoids-in-functors' on page
 52 undefined on input line 6047.


LaTeX Warning: Reference `remarks-cofibered-groupoids' on page 52 undefined on 
input line 6060.


LaTeX Warning: Reference `item-construction-associated-cofibered-groupoid' on p
age 52 undefined on input line 6061.


LaTeX Warning: Reference `remark-completion-restriction-cofset-adjoint' on page
 52 undefined on input line 6100.


LaTeX Warning: Reference `remark-restrict-completion' on page 52 undefined on i
nput line 6128.


LaTeX Warning: Reference `remark-restrict-complete-continuous-functor' on page 
52 undefined on input line 6135.


LaTeX Warning: Reference `remark-groupoid-in-functors-complete-restrict' on pag
e 52 undefined on input line 6150.


LaTeX Warning: Reference `remark-restrict-complete-continuous-functor' on page 
52 undefined on input line 6156.


LaTeX Warning: Reference `lemma-CLambdahat-pushouts' on page 52 undefined on in
put line 6161.


LaTeX Warning: Reference `remark-groupoid-in-functors-complete-restrict' on pag
e 52 undefined on input line 6169.

[52]

LaTeX Warning: Reference `definition-cofibered-groupoid-projection-smooth' on p
age 53 undefined on input line 6195.


LaTeX Warning: Reference `lemma-smooth-quotient-morphism' on page 53 undefined 
on input line 6199.


LaTeX Warning: Reference `lemma-smooth-morphism-power-series' on page 53 undefi
ned on input line 6210.


LaTeX Warning: Reference `remarks-cofibered-groupoids' on page 53 undefined on 
input line 6243.


LaTeX Warning: Reference `item-construction-associated-cofibered-groupoid' on p
age 53 undefined on input line 6244.

<xymatrix 2x2 100>

LaTeX Warning: Reference `remarks-cofibered-groupoids' on page 53 undefined on 
input line 6283.


LaTeX Warning: Reference `item-construction-associated-cofibered-groupoid' on p
age 53 undefined on input line 6284.

[53] <xymatrix 3x2 193> <xymatrix 3x2 190>

LaTeX Warning: Reference `lemma-smooth-RS-groupoid-in-functors-quotient' on pag
e 54 undefined on input line 6371.

[54]

LaTeX Warning: Reference `lemma-presentation-construction' on page 55 undefined
 on input line 6429.


LaTeX Warning: Reference `lemma-presentation-construction' on page 55 undefined
 on input line 6463.


LaTeX Warning: Reference `lemma-presentation-morphism' on page 55 undefined on 
input line 6467.


LaTeX Warning: Reference `lemma-presentation-construction' on page 55 undefined
 on input line 6473.

<xymatrix 2x2 185>

LaTeX Warning: Reference `lemma-smooth-properties' on page 55 undefined on inpu
t line 6483.


LaTeX Warning: Reference `lemma-smooth-morphism-essentially-surjective' on page
 55 undefined on input line 6488.


LaTeX Warning: Reference `lemma-presentation-morphism' on page 55 undefined on 
input line 6490.


LaTeX Warning: Reference `lemma-deformation-categories-fiber-product-morphisms'
 on page 55 undefined on input line 6508.

[55]

LaTeX Warning: Reference `lemma-presentation-construction' on page 56 undefined
 on input line 6518.


LaTeX Warning: Reference `example-prorepresentable-deformation-functor' on page
 56 undefined on input line 6525.


LaTeX Warning: Reference `lemma-deformation-functor-diagonal' on page 56 undefi
ned on input line 6527.


LaTeX Warning: Reference `example-tangent-space-prorepresentable-functor' on pa
ge 56 undefined on input line 6532.


LaTeX Warning: Reference `equation-map' on page 56 undefined on input line 6536
.


LaTeX Warning: Reference `theorem-Schlessinger-prorepresentability' on page 56 
undefined on input line 6538.


LaTeX Warning: Reference `theorem-Schlessinger-prorepresentability' on page 56 
undefined on input line 6539.


LaTeX Warning: Reference `lemma-groupoid-in-functors-prorep-equivalences' on pa
ge 56 undefined on input line 6541.


LaTeX Warning: Reference `example-prorepresentable-deformation-functor' on page
 56 undefined on input line 6560.


LaTeX Warning: Reference `lemma-deformation-groupoid-quotient' on page 56 undef
ined on input line 6564.


LaTeX Warning: Reference `lemma-RS-implies-S1-S2' on page 56 undefined on input
 line 6569.


LaTeX Warning: Reference `lemma-versal-object-existence' on page 56 undefined o
n input line 6570.


LaTeX Warning: Reference `lemma-presentation-construction' on page 56 undefined
 on input line 6577.


LaTeX Warning: Reference `lemma-smooth-groupoid-in-functors-construction' on pa
ge 56 undefined on input line 6579.


LaTeX Warning: Reference `lemma-prorepresentable-groupoid-in-functors-construct
ion' on page 56 undefined on input line 6582.


LaTeX Warning: Reference `theorem-presentation-deformation-groupoid' on page 56
 undefined on input line 6596.


LaTeX Warning: Reference `section-minimal-versal' on page 56 undefined on input
 line 6599.


LaTeX Warning: Reference `section-miniversal-objects-existence' on page 56 unde
fined on input line 6600.


LaTeX Warning: Reference `equation-bijective' on page 56 undefined on input lin
e 6618.


LaTeX Warning: Reference `equation-bijective-orbits' on page 56 undefined on in
put line 6619.


LaTeX Warning: Reference `theorem-presentation-deformation-groupoid' on page 56
 undefined on input line 6640.


LaTeX Warning: Reference `lemma-RS-implies-S1-S2' on page 56 undefined on input
 line 6642.


LaTeX Warning: Reference `lemma-minimal-versal' on page 56 undefined on input l
ine 6644.


LaTeX Warning: Reference `theorem-miniversal-object-existence' on page 56 undef
ined on input line 6645.


LaTeX Warning: Reference `equation-bijective-orbits' on page 56 undefined on in
put line 6646.

[56]

LaTeX Warning: Reference `example-tangent-space-map-prorepresentable-functor' o
n page 57 undefined on input line 6673.


LaTeX Warning: Reference `lemma-derivations-surjective' on page 57 undefined on
 input line 6674.


LaTeX Warning: Reference `definition-groupoid-in-functors' on page 57 undefined
 on input line 6692.

<xymatrix 3x3 266>

LaTeX Warning: Reference `lemma-characterize-minimal-groupoid-in-functors' on p
age 57 undefined on input line 6705.


LaTeX Warning: Reference `lemma-surjective-morphism-prorepresentable-functor' o
n page 57 undefined on input line 6708.


LaTeX Warning: Reference `lemma-deformation-functor-diagonal' on page 57 undefi
ned on input line 6710.


LaTeX Warning: Reference `lemma-minimal-prorepresentable-groupoid-autoequivalen
ce' on page 57 undefined on input line 6731.


LaTeX Warning: Reference `lemma-presentation-construction' on page 57 undefined
 on input line 6750.


LaTeX Warning: Reference `lemma-RS-implies-S1-S2' on page 57 undefined on input
 line 6759.


LaTeX Warning: Reference `lemma-versal-object-existence' on page 57 undefined o
n input line 6760.


LaTeX Warning: Reference `lemma-minimal-versal' on page 57 undefined on input l
ine 6761.


LaTeX Warning: Reference `lemma-presentation-construction' on page 57 undefined
 on input line 6768.


LaTeX Warning: Reference `lemma-smooth-groupoid-in-functors-construction' on pa
ge 57 undefined on input line 6770.


LaTeX Warning: Reference `lemma-prorepresentable-groupoid-in-functors-construct
ion' on page 57 undefined on input line 6773.

[57]

LaTeX Warning: Reference `lemma-minimal-prorepresentable-groupoid-equivalence' 
on page 58 undefined on input line 6795.


LaTeX Warning: Reference `definition-quotient' on page 58 undefined on input li
ne 6799.


LaTeX Warning: Reference `lemma-characterize-minimal-groupoid-in-functors' on p
age 58 undefined on input line 6830.


LaTeX Warning: Reference `theorem-presentation-deformation-groupoid' on page 58
 undefined on input line 6833.


LaTeX Warning: Reference `lemma-minimal-groupoid-in-functors-construction' on p
age 58 undefined on input line 6835.


LaTeX Warning: Reference `lemma-minimal-presentations-equivalent' on page 58 un
defined on input line 6838.

[58] <xymatrix 2x2 182>

LaTeX Warning: Reference `lemma-CLambdahat-pushouts' on page 59 undefined on in
put line 6914.


LaTeX Warning: Reference `theorem-presentation-deformation-groupoid' on page 59
 undefined on input line 6956.


LaTeX Warning: Reference `definition-CLambda' on page 59 undefined on input lin
e 7007.

[59]

LaTeX Warning: Reference `equation-comparison' on page 60 undefined on input li
ne 7039.


LaTeX Warning: Reference `lemma-length' on page 60 undefined on input line 7047
.


LaTeX Warning: Reference `equation-comparison' on page 60 undefined on input li
ne 7051.


LaTeX Warning: Reference `remark-localize-cofibered-groupoid' on page 60 undefi
ned on input line 7057.


LaTeX Warning: Reference `situation-change-of-fields' on page 60 undefined on i
nput line 7062.


LaTeX Warning: Reference `definition-predeformation-category' on page 60 undefi
ned on input line 7081.


LaTeX Warning: Reference `equation-comparison' on page 60 undefined on input li
ne 7084.


LaTeX Warning: Reference `definition-S1-S2' on page 60 undefined on input line 
7085.


LaTeX Warning: Reference `definition-S1-S2' on page 60 undefined on input line 
7088.

<xymatrix 2x2 86>

LaTeX Warning: Reference `equation-comparison' on page 60 undefined on input li
ne 7096.

<xymatrix 2x2 86>

LaTeX Warning: Reference `lemma-S2-extensions' on page 60 undefined on input li
ne 7105.

[60]

LaTeX Warning: Reference `lemma-RS-2-categorical' on page 61 undefined on input
 line 7110.


LaTeX Warning: Reference `equation-comparison' on page 61 undefined on input li
ne 7111.


LaTeX Warning: Reference `lemma-S1-S2-associated-functor' on page 61 undefined 
on input line 7117.


LaTeX Warning: Reference `situation-change-of-fields' on page 61 undefined on i
nput line 7121.


LaTeX Warning: Reference `lemma-elementary-properties-change-of-field' on page 
61 undefined on input line 7131.


LaTeX Warning: Reference `lemma-tangent-space-vector-space' on page 61 undefine
d on input line 7135.


LaTeX Warning: Reference `lemma-tangent-space-vector-space' on page 61 undefine
d on input line 7140.


LaTeX Warning: Reference `lemma-linear-functor' on page 61 undefined on input l
ine 7149.


LaTeX Warning: Reference `situation-change-of-fields' on page 61 undefined on i
nput line 7156.


LaTeX Warning: Reference `remark-trivial-aut-point' on page 61 undefined on inp
ut line 7173.


LaTeX Warning: Reference `lemma-tangent-space-change-of-field' on page 61 undef
ined on input line 7184.


LaTeX Warning: Reference `lemma-Aut-functor-RS' on page 61 undefined on input l
ine 7185.


LaTeX Warning: Reference `lemma-RS-implies-S1-S2' on page 61 undefined on input
 line 7187.


LaTeX Warning: Reference `situation-change-of-fields' on page 61 undefined on i
nput line 7192.


LaTeX Warning: Reference `equation-comparison' on page 61 undefined on input li
ne 7200.


LaTeX Warning: Reference `situation-change-of-fields' on page 61 undefined on i
nput line 7210.


LaTeX Warning: Reference `lemma-exists-smooth' on page 61 undefined on input li
ne 7233.

[61]

LaTeX Warning: Reference `lemma-change-of-fields-smooth' on page 62 undefined o
n input line 7238.

<xymatrix 3x2 264>
(${USERPROFILE}\Documents\interlanguage\03_projects\language_management\cjk\03
_working_translations\stacks_cjk_20260821\canon\ko-kr\integration-20260905-r9-c
umulative-52\support\profiles-r9\ch090-formal-defos\chapters.tex)
No file ch090-formal-defos.bbl.
[62] (ch090-formal-defos.aux)

LaTeX Warning: There were undefined references.


LaTeX Warning: Label(s) may have changed. Rerun to get cross-references right.


Package rerunfilecheck Warning: File `ch090-formal-defos.out' has changed.
(rerunfilecheck)                Rerun to get outlines right
(rerunfilecheck)                or use package `bookmark'.

 )
Output written on ch090-formal-defos.pdf (62 pages).
Transcript written on ch090-formal-defos.log.
